<html>
<body>
<pre>
<h1>µVision Build Log</h1>
<h2>Tool Versions:</h2>
IDE-Version: ¦ÌVision V5.25.2.0
Copyright (C) 2018 ARM Ltd and ARM Germany GmbH. All rights reserved.
License Information: 1 1, 1, LIC=4ZLZX-HD4U1-8YTVV-PHLAU-EFB8E-R7IHC
 
Tool Versions:
Toolchain:       MDK-ARM Professional  Version: 5.25.2.0
Toolchain Path:  C:\Keil_v5\ARM\ARMCC\Bin
C Compiler:      Armcc.exe V5.06 update 6 (build 750)
Assembler:       Armasm.exe V5.06 update 6 (build 750)
Linker/Locator:  ArmLink.exe V5.06 update 6 (build 750)
Library Manager: ArmAr.exe V5.06 update 6 (build 750)
Hex Converter:   FromElf.exe V5.06 update 6 (build 750)
CPU DLL:         SARMCM3.DLL V5.25.2.0
Dialog DLL:      DCM.DLL V1.17.1.0
Target DLL:      Segger\JL2CM3.dll V2.99.29.0
Dialog DLL:      TCM.DLL V1.35.1.0
 
<h2>Project:</h2>
H:\me\code\audio\MCU-cur\Project\Project.uvprojx
Project File Date:  12/27/2024

<h2>Output:</h2>
*** Using Compiler 'V5.06 update 6 (build 750)', folder: 'C:\Keil_v5\ARM\ARMCC\Bin'
Rebuild target 'F10XRC_LMX_4IUHS_C'
assembling startup_stm32f10x_hd.s...
compiling system_stm32f10x.c...
compiling stm32f10x_it.c...
compiling core_cm3.c...
compiling delay.c...
compiling drv_Flash.c...
compiling usart.c...
compiling sys.c...
compiling misc.c...
compiling stm32f10x_adc.c...
compiling stm32f10x_crc.c...
compiling stm32f10x_dbgmcu.c...
compiling stm32f10x_dma.c...
compiling stm32f10x_exti.c...
compiling bsp.c...
..\USER\../USER/project_file/LMX_4IUHS_C/Project_Var_Fun_Config_4IUHS_C.c(254): warning:  #188-D: enumerated type mixed with another type
  	SaveUserDataToEep ( i % (eEepDataIndex_Max - 1), \
..\USER\../USER/project_file/LMX_4IUHS_C/Project_Var_Fun_Config_4IUHS_C.c(278): warning:  #223-D: function "WriteGUIDataToEep" declared implicitly
  	WriteGUIDataToEep ( ( ADDR_EEPROM_USER_START + ( sizeof(stMachVal_t) * index )), \
..\USER\../USER/project_file/LMX_4IUHS_C/Project_Var_Fun_Config_4IUHS_C.c(288): warning:  #223-D: function "ReadGUIDataFromEep" declared implicitly
    ReadGUIDataFromEep ( ( ADDR_EEPROM_USER_START + ( sizeof(stMachVal_t) * index )), \
..\USER\../USER/project_file/LMX_4IUHS_C/Project_Var_Fun_Config_4IUHS_C.c(360): warning:  #177-D: variable "pstPrjAllVar"  was declared but never referenced
  	pstProjectGlobalAllVar_t    pstPrjAllVar = &g_stPrjGloVar;
..\USER\../USER/project_file/LMX_4IUHS_C/Project_Var_Fun_Config_4IUHS_C.c(362): warning:  #177-D: variable "pstSpecVar"  was declared but never referenced
  	pstProjectSpecVar_t         pstSpecVar = &stLMX_4IUHS_CSpecVar;
..\USER\../USER/project_file/LMX_4IUHS_C/Uart_Response_4IUHS_C_User_Func.c(6056): warning:  #940-D: missing return statement at end of non-void function "Uart3_printf" 
  }
..\BSP\bsp.c: 6 warnings, 0 errors
compiling stm32f10x_gpio.c...
compiling stm32f10x_pwr.c...
compiling stm32f10x_rcc.c...
compiling stm32f10x_spi.c...
compiling stm32f10x_usart.c...
compiling stm32f10x_iwdg.c...
compiling stm32f10x_tim.c...
compiling stm32f10x_can.c...
compiling croutine.c...
compiling event_groups.c...
compiling stm32f10x_i2c.c...
compiling stm32f10x_flash.c...
compiling list.c...
compiling timers.c...
compiling queue.c...
compiling tasks.c...
compiling heap_4.c...
compiling port.c...
compiling main.c...
compiling Task_Led.c...
compiling Task_Key.c...
compiling Task_IR.c...
compiling Task_Eeprom.c...
..\USER\Task_Eeprom.c(130): warning:  #550-D: variable "xResult"  was set but never used
  	BaseType_t          xResult;
..\USER\Task_Eeprom.c: 1 warning, 0 errors
compiling Task_Uart.c...
compiling Task_UsbDect.c...
compiling Eeprom.c...
compiling I2C_Driver.c...
..\USER\I2C_Driver.c(232): warning:  #177-D: label "start"  was declared but never referenced
  start:
..\USER\I2C_Driver.c(277): warning:  #177-D: label "fail"  was declared but never referenced
  fail:
..\USER\I2C_Driver.c: 2 warnings, 0 errors
compiling ITE_comm_api.c...
compiling SPI_Driver.c...
compiling printf.c...
compiling mdrv_ExternalChipDriver.c...
compiling Task_CEC.c...
compiling alpu.c...
compiling Task_Bp1048.c...
compiling jansson_config.c...
compiling bp1048_bsp.c...
compiling bp1048_app.c...
linking...
Program Size: Code=84156 RO-data=7280 RW-data=316 ZI-data=35500  
FromELF: creating hex file...
After Build - User command #1: fromelf.exe --bin -o ../Release/USERAPP_4IUHS-C.bin "H:\me\code\audio\MCU-cur\Project\4IUHS-C\obj\Ite_spliter_switcher.axf"
".\4IUHS-C\obj\Ite_spliter_switcher.axf" - 0 Error(s), 9 Warning(s).

<h2>Software Packages used:</h2>

Package Vendor: Keil
                http://www.keil.com/pack/Keil.Jansson.1.0.0.pack
                Keil.Jansson.1.0.0
                Jansson is a C library for encoding, decoding and manipulating JSON data
   * Component: Jansson Version: 2.7.0

Package Vendor: Keil
                http://www.keil.com/pack/Keil.STM32F1xx_DFP.1.0.5.pack
                Keil.STM32F1xx_DFP.1.0.5
                STMicroelectronics STM32F1 Series Device Support, Drivers and Examples

<h2>Collection of Component include folders:</h2>
  .\RTE\_F10XRC_LMX_4IUHS_C
  C:\Keil_v5\ARM\PACK\Keil\Jansson\1.0.0\src
  C:\Keil_v5\ARM\PACK\Keil\STM32F1xx_DFP\1.0.5\Device\Include

<h2>Collection of Component Files used:</h2>

   * Component: Keil::Data Exchange:JSON:Jansson:2.7.0
      Source file:   src\jansson_config.c
      Include file:  src\jansson.h
      Library file:  lib\jansson_CM3LE.lib
Build Time Elapsed:  00:01:02
</pre>
</body>
</html>
