<!doctype html public "-//w3c//dtd html 4.0 transitional//en">
<html><head>
<title>Static Call Graph - [.\4IUHS-C\obj\Ite_spliter_switcher.axf]</title></head>
<body><HR>
<H1>Static Call Graph for image .\4IUHS-C\obj\Ite_spliter_switcher.axf</H1><HR>
<BR><P>#&#060CALLGRAPH&#062# ARM Linker, 5060750: Last Updated: Mon Jan 13 15:36:04 2025
<BR><P>
<H3>Maximum Stack Usage =       1728 bytes + Unknown(Cycles, Untraceable Function Pointers)</H3><H3>
Call chain for Maximum Stack Depth:</H3>
Uart1ParserMethod &rArr; mapp_UsartSystemCmdFun &rArr; mapp_CommandFunctionProcess &rArr; mapp_CmdfuncGetInputEQType &rArr; get_in_EQ_type &rArr; dbg_printf &rArr; Uart_vsnprintf &rArr; __aeabi_uldivmod
<P>
<H3>
Mutually Recursive functions
</H3> <LI><a href="#[6]">HardFault_Handler</a>&nbsp;&nbsp;&nbsp;&rArr;&nbsp;&nbsp;&nbsp;<a href="#[6]">HardFault_Handler</a><BR>
 <LI><a href="#[20]">ADC1_2_IRQHandler</a>&nbsp;&nbsp;&nbsp;&rArr;&nbsp;&nbsp;&nbsp;<a href="#[20]">ADC1_2_IRQHandler</a><BR>
 <LI><a href="#[8]">BusFault_Handler</a>&nbsp;&nbsp;&nbsp;&rArr;&nbsp;&nbsp;&nbsp;<a href="#[8]">BusFault_Handler</a><BR>
 <LI><a href="#[7]">MemManage_Handler</a>&nbsp;&nbsp;&nbsp;&rArr;&nbsp;&nbsp;&nbsp;<a href="#[7]">MemManage_Handler</a><BR>
 <LI><a href="#[9]">UsageFault_Handler</a>&nbsp;&nbsp;&nbsp;&rArr;&nbsp;&nbsp;&nbsp;<a href="#[9]">UsageFault_Handler</a><BR>
</UL>
<P>
<H3>
Function Pointers
</H3><UL>
 <LI><a href="#[20]">ADC1_2_IRQHandler</a> from startup_stm32f10x_hd.o(.text) referenced from startup_stm32f10x_hd.o(RESET)
 <LI><a href="#[3d]">ADC3_IRQHandler</a> from startup_stm32f10x_hd.o(.text) referenced from startup_stm32f10x_hd.o(RESET)
 <LI><a href="#[8]">BusFault_Handler</a> from stm32f10x_it.o(i.BusFault_Handler) referenced from startup_stm32f10x_hd.o(RESET)
 <LI><a href="#[23]">CAN1_RX1_IRQHandler</a> from startup_stm32f10x_hd.o(.text) referenced from startup_stm32f10x_hd.o(RESET)
 <LI><a href="#[24]">CAN1_SCE_IRQHandler</a> from startup_stm32f10x_hd.o(.text) referenced from startup_stm32f10x_hd.o(RESET)
 <LI><a href="#[19]">DMA1_Channel1_IRQHandler</a> from startup_stm32f10x_hd.o(.text) referenced from startup_stm32f10x_hd.o(RESET)
 <LI><a href="#[1a]">DMA1_Channel2_IRQHandler</a> from startup_stm32f10x_hd.o(.text) referenced from startup_stm32f10x_hd.o(RESET)
 <LI><a href="#[1b]">DMA1_Channel3_IRQHandler</a> from startup_stm32f10x_hd.o(.text) referenced from startup_stm32f10x_hd.o(RESET)
 <LI><a href="#[1c]">DMA1_Channel4_IRQHandler</a> from startup_stm32f10x_hd.o(.text) referenced from startup_stm32f10x_hd.o(RESET)
 <LI><a href="#[1d]">DMA1_Channel5_IRQHandler</a> from startup_stm32f10x_hd.o(.text) referenced from startup_stm32f10x_hd.o(RESET)
 <LI><a href="#[1e]">DMA1_Channel6_IRQHandler</a> from startup_stm32f10x_hd.o(.text) referenced from startup_stm32f10x_hd.o(RESET)
 <LI><a href="#[1f]">DMA1_Channel7_IRQHandler</a> from startup_stm32f10x_hd.o(.text) referenced from startup_stm32f10x_hd.o(RESET)
 <LI><a href="#[46]">DMA2_Channel1_IRQHandler</a> from startup_stm32f10x_hd.o(.text) referenced from startup_stm32f10x_hd.o(RESET)
 <LI><a href="#[47]">DMA2_Channel2_IRQHandler</a> from startup_stm32f10x_hd.o(.text) referenced from startup_stm32f10x_hd.o(RESET)
 <LI><a href="#[48]">DMA2_Channel3_IRQHandler</a> from startup_stm32f10x_hd.o(.text) referenced from startup_stm32f10x_hd.o(RESET)
 <LI><a href="#[49]">DMA2_Channel4_5_IRQHandler</a> from startup_stm32f10x_hd.o(.text) referenced from startup_stm32f10x_hd.o(RESET)
 <LI><a href="#[b]">DebugMon_Handler</a> from stm32f10x_it.o(i.DebugMon_Handler) referenced from startup_stm32f10x_hd.o(RESET)
 <LI><a href="#[14]">EXTI0_IRQHandler</a> from startup_stm32f10x_hd.o(.text) referenced from startup_stm32f10x_hd.o(RESET)
 <LI><a href="#[36]">EXTI15_10_IRQHandler</a> from startup_stm32f10x_hd.o(.text) referenced from startup_stm32f10x_hd.o(RESET)
 <LI><a href="#[15]">EXTI1_IRQHandler</a> from startup_stm32f10x_hd.o(.text) referenced from startup_stm32f10x_hd.o(RESET)
 <LI><a href="#[16]">EXTI2_IRQHandler</a> from startup_stm32f10x_hd.o(.text) referenced from startup_stm32f10x_hd.o(RESET)
 <LI><a href="#[17]">EXTI3_IRQHandler</a> from startup_stm32f10x_hd.o(.text) referenced from startup_stm32f10x_hd.o(RESET)
 <LI><a href="#[18]">EXTI4_IRQHandler</a> from startup_stm32f10x_hd.o(.text) referenced from startup_stm32f10x_hd.o(RESET)
 <LI><a href="#[25]">EXTI9_5_IRQHandler</a> from startup_stm32f10x_hd.o(.text) referenced from startup_stm32f10x_hd.o(RESET)
 <LI><a href="#[12]">FLASH_IRQHandler</a> from startup_stm32f10x_hd.o(.text) referenced from startup_stm32f10x_hd.o(RESET)
 <LI><a href="#[3e]">FSMC_IRQHandler</a> from startup_stm32f10x_hd.o(.text) referenced from startup_stm32f10x_hd.o(RESET)
 <LI><a href="#[6]">HardFault_Handler</a> from startup_stm32f10x_hd.o(.text) referenced from startup_stm32f10x_hd.o(RESET)
 <LI><a href="#[2e]">I2C1_ER_IRQHandler</a> from startup_stm32f10x_hd.o(.text) referenced from startup_stm32f10x_hd.o(RESET)
 <LI><a href="#[2d]">I2C1_EV_IRQHandler</a> from startup_stm32f10x_hd.o(.text) referenced from startup_stm32f10x_hd.o(RESET)
 <LI><a href="#[30]">I2C2_ER_IRQHandler</a> from startup_stm32f10x_hd.o(.text) referenced from startup_stm32f10x_hd.o(RESET)
 <LI><a href="#[2f]">I2C2_EV_IRQHandler</a> from startup_stm32f10x_hd.o(.text) referenced from startup_stm32f10x_hd.o(RESET)
 <LI><a href="#[51]">LMX_4IUHS_C_1msTimerIrq</a> from bsp.o(i.LMX_4IUHS_C_1msTimerIrq) referenced from bsp.o(i.LMX_4IUHS_C_PrjStatePowerOnInit)
 <LI><a href="#[7]">MemManage_Handler</a> from stm32f10x_it.o(i.MemManage_Handler) referenced from startup_stm32f10x_hd.o(RESET)
 <LI><a href="#[5]">NMI_Handler</a> from stm32f10x_it.o(i.NMI_Handler) referenced from startup_stm32f10x_hd.o(RESET)
 <LI><a href="#[f]">PVD_IRQHandler</a> from startup_stm32f10x_hd.o(.text) referenced from startup_stm32f10x_hd.o(RESET)
 <LI><a href="#[c]">PendSV_Handler</a> from port.o(.emb_text) referenced from startup_stm32f10x_hd.o(RESET)
 <LI><a href="#[13]">RCC_IRQHandler</a> from startup_stm32f10x_hd.o(.text) referenced from startup_stm32f10x_hd.o(RESET)
 <LI><a href="#[37]">RTCAlarm_IRQHandler</a> from startup_stm32f10x_hd.o(.text) referenced from startup_stm32f10x_hd.o(RESET)
 <LI><a href="#[11]">RTC_IRQHandler</a> from startup_stm32f10x_hd.o(.text) referenced from startup_stm32f10x_hd.o(RESET)
 <LI><a href="#[4]">Reset_Handler</a> from startup_stm32f10x_hd.o(.text) referenced from startup_stm32f10x_hd.o(RESET)
 <LI><a href="#[3f]">SDIO_IRQHandler</a> from startup_stm32f10x_hd.o(.text) referenced from startup_stm32f10x_hd.o(RESET)
 <LI><a href="#[31]">SPI1_IRQHandler</a> from startup_stm32f10x_hd.o(.text) referenced from startup_stm32f10x_hd.o(RESET)
 <LI><a href="#[32]">SPI2_IRQHandler</a> from startup_stm32f10x_hd.o(.text) referenced from startup_stm32f10x_hd.o(RESET)
 <LI><a href="#[41]">SPI3_IRQHandler</a> from startup_stm32f10x_hd.o(.text) referenced from startup_stm32f10x_hd.o(RESET)
 <LI><a href="#[a]">SVC_Handler</a> from port.o(.emb_text) referenced from startup_stm32f10x_hd.o(RESET)
 <LI><a href="#[d]">SysTick_Handler</a> from port.o(i.SysTick_Handler) referenced from startup_stm32f10x_hd.o(RESET)
 <LI><a href="#[4b]">SystemInit</a> from system_stm32f10x.o(i.SystemInit) referenced from startup_stm32f10x_hd.o(.text)
 <LI><a href="#[10]">TAMPER_IRQHandler</a> from startup_stm32f10x_hd.o(.text) referenced from startup_stm32f10x_hd.o(RESET)
 <LI><a href="#[26]">TIM1_BRK_IRQHandler</a> from startup_stm32f10x_hd.o(.text) referenced from startup_stm32f10x_hd.o(RESET)
 <LI><a href="#[29]">TIM1_CC_IRQHandler</a> from startup_stm32f10x_hd.o(.text) referenced from startup_stm32f10x_hd.o(RESET)
 <LI><a href="#[28]">TIM1_TRG_COM_IRQHandler</a> from startup_stm32f10x_hd.o(.text) referenced from startup_stm32f10x_hd.o(RESET)
 <LI><a href="#[27]">TIM1_UP_IRQHandler</a> from startup_stm32f10x_hd.o(.text) referenced from startup_stm32f10x_hd.o(RESET)
 <LI><a href="#[2a]">TIM2_IRQHandler</a> from task_cec.o(i.TIM2_IRQHandler) referenced from startup_stm32f10x_hd.o(RESET)
 <LI><a href="#[2b]">TIM3_IRQHandler</a> from startup_stm32f10x_hd.o(.text) referenced from startup_stm32f10x_hd.o(RESET)
 <LI><a href="#[2c]">TIM4_IRQHandler</a> from startup_stm32f10x_hd.o(.text) referenced from startup_stm32f10x_hd.o(RESET)
 <LI><a href="#[40]">TIM5_IRQHandler</a> from startup_stm32f10x_hd.o(.text) referenced from startup_stm32f10x_hd.o(RESET)
 <LI><a href="#[44]">TIM6_IRQHandler</a> from startup_stm32f10x_hd.o(.text) referenced from startup_stm32f10x_hd.o(RESET)
 <LI><a href="#[45]">TIM7_IRQHandler</a> from startup_stm32f10x_hd.o(.text) referenced from startup_stm32f10x_hd.o(RESET)
 <LI><a href="#[39]">TIM8_BRK_IRQHandler</a> from startup_stm32f10x_hd.o(.text) referenced from startup_stm32f10x_hd.o(RESET)
 <LI><a href="#[3c]">TIM8_CC_IRQHandler</a> from startup_stm32f10x_hd.o(.text) referenced from startup_stm32f10x_hd.o(RESET)
 <LI><a href="#[3b]">TIM8_TRG_COM_IRQHandler</a> from startup_stm32f10x_hd.o(.text) referenced from startup_stm32f10x_hd.o(RESET)
 <LI><a href="#[3a]">TIM8_UP_IRQHandler</a> from startup_stm32f10x_hd.o(.text) referenced from startup_stm32f10x_hd.o(RESET)
 <LI><a href="#[42]">UART4_IRQHandler</a> from startup_stm32f10x_hd.o(.text) referenced from startup_stm32f10x_hd.o(RESET)
 <LI><a href="#[43]">UART5_IRQHandler</a> from startup_stm32f10x_hd.o(.text) referenced from startup_stm32f10x_hd.o(RESET)
 <LI><a href="#[33]">USART1_IRQHandler</a> from usart.o(i.USART1_IRQHandler) referenced from startup_stm32f10x_hd.o(RESET)
 <LI><a href="#[34]">USART2_IRQHandler</a> from usart.o(i.USART2_IRQHandler) referenced from startup_stm32f10x_hd.o(RESET)
 <LI><a href="#[35]">USART3_IRQHandler</a> from usart.o(i.USART3_IRQHandler) referenced from startup_stm32f10x_hd.o(RESET)
 <LI><a href="#[38]">USBWakeUp_IRQHandler</a> from startup_stm32f10x_hd.o(.text) referenced from startup_stm32f10x_hd.o(RESET)
 <LI><a href="#[21]">USB_HP_CAN1_TX_IRQHandler</a> from startup_stm32f10x_hd.o(.text) referenced from startup_stm32f10x_hd.o(RESET)
 <LI><a href="#[22]">USB_LP_CAN1_RX0_IRQHandler</a> from startup_stm32f10x_hd.o(.text) referenced from startup_stm32f10x_hd.o(RESET)
 <LI><a href="#[66]">Uart1ParserMethod</a> from bsp.o(i.Uart1ParserMethod) referenced from bsp.o(.constdata)
 <LI><a href="#[65]">Uart1ProtocalDataReceive</a> from bsp.o(i.Uart1ProtocalDataReceive) referenced from bsp.o(.constdata)
 <LI><a href="#[67]">Uart1VarInit</a> from bsp.o(i.Uart1VarInit) referenced from bsp.o(.constdata)
 <LI><a href="#[68]">Uart1VarTimeOut</a> from bsp.o(i.Uart1VarTimeOut) referenced from bsp.o(.constdata)
 <LI><a href="#[55]">Uart1_printf</a> from printf.o(i.Uart1_printf) referenced from bsp.o(i.Uart1VarInit)
 <LI><a href="#[6a]">Uart2ParserMethod</a> from bsp.o(i.Uart2ParserMethod) referenced from bsp.o(.constdata)
 <LI><a href="#[69]">Uart2ProtocalDataReceive</a> from bsp.o(i.Uart2ProtocalDataReceive) referenced from bsp.o(.constdata)
 <LI><a href="#[6b]">Uart2VarInit</a> from bsp.o(i.Uart2VarInit) referenced from bsp.o(.constdata)
 <LI><a href="#[6c]">Uart2VarTimeout</a> from bsp.o(i.Uart2VarTimeout) referenced from bsp.o(.constdata)
 <LI><a href="#[59]">Uart2_printf</a> from printf.o(i.Uart2_printf) referenced from bsp.o(i.Uart2VarInit)
 <LI><a href="#[9]">UsageFault_Handler</a> from stm32f10x_it.o(i.UsageFault_Handler) referenced from startup_stm32f10x_hd.o(RESET)
 <LI><a href="#[e]">WWDG_IRQHandler</a> from startup_stm32f10x_hd.o(.text) referenced from startup_stm32f10x_hd.o(RESET)
 <LI><a href="#[4c]">__main</a> from entry.o(.ARM.Collect$$$$00000000) referenced from startup_stm32f10x_hd.o(.text)
 <LI><a href="#[5a]">_sputc</a> from printfa.o(i._sputc) referenced from printfa.o(i.__0sprintf)
 <LI><a href="#[61]">led_work_fun_fast_blink</a> from task_led.o(i.led_work_fun_fast_blink) referenced from task_led.o(i.led_init)
 <LI><a href="#[5e]">led_work_fun_moment_off</a> from task_led.o(i.led_work_fun_moment_off) referenced from task_led.o(i.led_init)
 <LI><a href="#[5d]">led_work_fun_moment_on</a> from task_led.o(i.led_work_fun_moment_on) referenced from task_led.o(i.led_init)
 <LI><a href="#[5f]">led_work_fun_moment_toggle</a> from task_led.o(i.led_work_fun_moment_toggle) referenced from task_led.o(i.led_init)
 <LI><a href="#[60]">led_work_fun_norm_blink</a> from task_led.o(i.led_work_fun_norm_blink) referenced from task_led.o(i.led_init)
 <LI><a href="#[5b]">led_work_fun_off</a> from task_led.o(i.led_work_fun_off) referenced from task_led.o(i.led_init)
 <LI><a href="#[5c]">led_work_fun_on</a> from task_led.o(i.led_work_fun_on) referenced from task_led.o(i.led_init)
 <LI><a href="#[62]">led_work_fun_slow_blink</a> from task_led.o(i.led_work_fun_slow_blink) referenced from task_led.o(i.led_init)
 <LI><a href="#[4a]">main</a> from main.o(i.main) referenced from entry9a.o(.ARM.Collect$$$$0000000B)
 <LI><a href="#[64]">prvIdleTask</a> from tasks.o(i.prvIdleTask) referenced from tasks.o(i.vTaskStartScheduler)
 <LI><a href="#[63]">prvTaskExitError</a> from port.o(i.prvTaskExitError) referenced from port.o(i.pxPortInitialiseStack)
 <LI><a href="#[53]">uart1_send_bytes_A</a> from bsp.o(i.uart1_send_bytes_A) referenced from bsp.o(i.Uart1VarInit)
 <LI><a href="#[54]">uart1_send_string_A</a> from bsp.o(i.uart1_send_string_A) referenced from bsp.o(i.Uart1VarInit)
 <LI><a href="#[52]">uart1_set_baudrate</a> from bsp.o(i.uart1_set_baudrate) referenced from bsp.o(i.Uart1VarInit)
 <LI><a href="#[57]">uart2_send_bytes_A</a> from bsp.o(i.uart2_send_bytes_A) referenced from bsp.o(i.Uart2VarInit)
 <LI><a href="#[58]">uart2_send_string_A</a> from bsp.o(i.uart2_send_string_A) referenced from bsp.o(i.Uart2VarInit)
 <LI><a href="#[56]">uart2_set_baudrate</a> from bsp.o(i.uart2_set_baudrate) referenced from bsp.o(i.Uart2VarInit)
 <LI><a href="#[3]">unUseMultiKeyFunc</a> from bsp.o(i.unUseMultiKeyFunc) referenced 4 times from bsp.o(.data)
 <LI><a href="#[4e]">vTaskEeprom</a> from task_eeprom.o(i.vTaskEeprom) referenced from main.o(i.AppTaskCreate)
 <LI><a href="#[4f]">vTaskKey</a> from task_key.o(i.vTaskKey) referenced from main.o(i.AppTaskCreate)
 <LI><a href="#[4d]">vTaskLED</a> from task_led.o(i.vTaskLED) referenced from main.o(i.AppTaskCreate)
 <LI><a href="#[50]">vTaskUart</a> from task_uart.o(i.vTaskUart) referenced from main.o(i.AppTaskCreate)
</UL>
<P>
<H3>
Global Symbols
</H3>
<P><STRONG><a name="[4c]"></a>__main</STRONG> (Thumb, 0 bytes, Stack size unknown bytes, entry.o(.ARM.Collect$$$$00000000))
<BR>[Address Reference Count : 1]<UL><LI> startup_stm32f10x_hd.o(.text)
</UL>
<P><STRONG><a name="[285]"></a>_main_stk</STRONG> (Thumb, 0 bytes, Stack size unknown bytes, entry2.o(.ARM.Collect$$$$00000001))

<P><STRONG><a name="[6d]"></a>_main_scatterload</STRONG> (Thumb, 0 bytes, Stack size unknown bytes, entry5.o(.ARM.Collect$$$$00000004))
<BR><BR>[Calls]<UL><LI><a href="#[6e]">&gt;&gt;</a>&nbsp;&nbsp;&nbsp;__scatterload
</UL>

<P><STRONG><a name="[87]"></a>__main_after_scatterload</STRONG> (Thumb, 0 bytes, Stack size unknown bytes, entry5.o(.ARM.Collect$$$$00000004))
<BR><BR>[Called By]<UL><LI><a href="#[6e]">&gt;&gt;</a>&nbsp;&nbsp;&nbsp;__scatterload
</UL>

<P><STRONG><a name="[286]"></a>_main_clock</STRONG> (Thumb, 0 bytes, Stack size unknown bytes, entry7b.o(.ARM.Collect$$$$00000008))

<P><STRONG><a name="[287]"></a>_main_cpp_init</STRONG> (Thumb, 0 bytes, Stack size unknown bytes, entry8b.o(.ARM.Collect$$$$0000000A))

<P><STRONG><a name="[288]"></a>_main_init</STRONG> (Thumb, 0 bytes, Stack size unknown bytes, entry9a.o(.ARM.Collect$$$$0000000B))

<P><STRONG><a name="[289]"></a>__rt_final_cpp</STRONG> (Thumb, 0 bytes, Stack size unknown bytes, entry10a.o(.ARM.Collect$$$$0000000D))

<P><STRONG><a name="[28a]"></a>__rt_final_exit</STRONG> (Thumb, 0 bytes, Stack size unknown bytes, entry11a.o(.ARM.Collect$$$$0000000F))

<P><STRONG><a name="[a]"></a>SVC_Handler</STRONG> (Thumb, 32 bytes, Stack size 0 bytes, port.o(.emb_text))
<BR>[Address Reference Count : 1]<UL><LI> startup_stm32f10x_hd.o(RESET)
</UL>
<P><STRONG><a name="[27e]"></a>__asm___6_port_c_39a90d8d__prvStartFirstTask</STRONG> (Thumb, 28 bytes, Stack size 0 bytes, port.o(.emb_text))
<BR><BR>[Called By]<UL><LI><a href="#[27c]">&gt;&gt;</a>&nbsp;&nbsp;&nbsp;xPortStartScheduler
</UL>

<P><STRONG><a name="[c]"></a>PendSV_Handler</STRONG> (Thumb, 72 bytes, Stack size 0 bytes, port.o(.emb_text))
<BR><BR>[Stack]<UL><LI>Max Depth = 8<LI>Call Chain = PendSV_Handler &rArr; vTaskSwitchContext
</UL>
<BR>[Calls]<UL><LI><a href="#[6f]">&gt;&gt;</a>&nbsp;&nbsp;&nbsp;vTaskSwitchContext
</UL>
<BR>[Address Reference Count : 1]<UL><LI> startup_stm32f10x_hd.o(RESET)
</UL>
<P><STRONG><a name="[28b]"></a>vPortGetIPSR</STRONG> (Thumb, 6 bytes, Stack size 0 bytes, port.o(.emb_text), UNUSED)

<P><STRONG><a name="[4]"></a>Reset_Handler</STRONG> (Thumb, 8 bytes, Stack size 0 bytes, startup_stm32f10x_hd.o(.text))
<BR>[Address Reference Count : 1]<UL><LI> startup_stm32f10x_hd.o(RESET)
</UL>
<P><STRONG><a name="[6]"></a>HardFault_Handler</STRONG> (Thumb, 2 bytes, Stack size 0 bytes, startup_stm32f10x_hd.o(.text))
<BR><BR>[Calls]<UL><LI><a href="#[6]">&gt;&gt;</a>&nbsp;&nbsp;&nbsp;HardFault_Handler
</UL>
<BR>[Called By]<UL><LI><a href="#[6]">&gt;&gt;</a>&nbsp;&nbsp;&nbsp;HardFault_Handler
</UL>
<BR>[Address Reference Count : 1]<UL><LI> startup_stm32f10x_hd.o(RESET)
</UL>
<P><STRONG><a name="[20]"></a>ADC1_2_IRQHandler</STRONG> (Thumb, 0 bytes, Stack size 0 bytes, startup_stm32f10x_hd.o(.text))
<BR><BR>[Calls]<UL><LI><a href="#[20]">&gt;&gt;</a>&nbsp;&nbsp;&nbsp;ADC1_2_IRQHandler
</UL>
<BR>[Called By]<UL><LI><a href="#[20]">&gt;&gt;</a>&nbsp;&nbsp;&nbsp;ADC1_2_IRQHandler
</UL>
<BR>[Address Reference Count : 1]<UL><LI> startup_stm32f10x_hd.o(RESET)
</UL>
<P><STRONG><a name="[3d]"></a>ADC3_IRQHandler</STRONG> (Thumb, 0 bytes, Stack size 0 bytes, startup_stm32f10x_hd.o(.text))
<BR>[Address Reference Count : 1]<UL><LI> startup_stm32f10x_hd.o(RESET)
</UL>
<P><STRONG><a name="[23]"></a>CAN1_RX1_IRQHandler</STRONG> (Thumb, 0 bytes, Stack size 0 bytes, startup_stm32f10x_hd.o(.text))
<BR>[Address Reference Count : 1]<UL><LI> startup_stm32f10x_hd.o(RESET)
</UL>
<P><STRONG><a name="[24]"></a>CAN1_SCE_IRQHandler</STRONG> (Thumb, 0 bytes, Stack size 0 bytes, startup_stm32f10x_hd.o(.text))
<BR>[Address Reference Count : 1]<UL><LI> startup_stm32f10x_hd.o(RESET)
</UL>
<P><STRONG><a name="[19]"></a>DMA1_Channel1_IRQHandler</STRONG> (Thumb, 0 bytes, Stack size 0 bytes, startup_stm32f10x_hd.o(.text))
<BR>[Address Reference Count : 1]<UL><LI> startup_stm32f10x_hd.o(RESET)
</UL>
<P><STRONG><a name="[1a]"></a>DMA1_Channel2_IRQHandler</STRONG> (Thumb, 0 bytes, Stack size 0 bytes, startup_stm32f10x_hd.o(.text))
<BR>[Address Reference Count : 1]<UL><LI> startup_stm32f10x_hd.o(RESET)
</UL>
<P><STRONG><a name="[1b]"></a>DMA1_Channel3_IRQHandler</STRONG> (Thumb, 0 bytes, Stack size 0 bytes, startup_stm32f10x_hd.o(.text))
<BR>[Address Reference Count : 1]<UL><LI> startup_stm32f10x_hd.o(RESET)
</UL>
<P><STRONG><a name="[1c]"></a>DMA1_Channel4_IRQHandler</STRONG> (Thumb, 0 bytes, Stack size 0 bytes, startup_stm32f10x_hd.o(.text))
<BR>[Address Reference Count : 1]<UL><LI> startup_stm32f10x_hd.o(RESET)
</UL>
<P><STRONG><a name="[1d]"></a>DMA1_Channel5_IRQHandler</STRONG> (Thumb, 0 bytes, Stack size 0 bytes, startup_stm32f10x_hd.o(.text))
<BR>[Address Reference Count : 1]<UL><LI> startup_stm32f10x_hd.o(RESET)
</UL>
<P><STRONG><a name="[1e]"></a>DMA1_Channel6_IRQHandler</STRONG> (Thumb, 0 bytes, Stack size 0 bytes, startup_stm32f10x_hd.o(.text))
<BR>[Address Reference Count : 1]<UL><LI> startup_stm32f10x_hd.o(RESET)
</UL>
<P><STRONG><a name="[1f]"></a>DMA1_Channel7_IRQHandler</STRONG> (Thumb, 0 bytes, Stack size 0 bytes, startup_stm32f10x_hd.o(.text))
<BR>[Address Reference Count : 1]<UL><LI> startup_stm32f10x_hd.o(RESET)
</UL>
<P><STRONG><a name="[46]"></a>DMA2_Channel1_IRQHandler</STRONG> (Thumb, 0 bytes, Stack size 0 bytes, startup_stm32f10x_hd.o(.text))
<BR>[Address Reference Count : 1]<UL><LI> startup_stm32f10x_hd.o(RESET)
</UL>
<P><STRONG><a name="[47]"></a>DMA2_Channel2_IRQHandler</STRONG> (Thumb, 0 bytes, Stack size 0 bytes, startup_stm32f10x_hd.o(.text))
<BR>[Address Reference Count : 1]<UL><LI> startup_stm32f10x_hd.o(RESET)
</UL>
<P><STRONG><a name="[48]"></a>DMA2_Channel3_IRQHandler</STRONG> (Thumb, 0 bytes, Stack size 0 bytes, startup_stm32f10x_hd.o(.text))
<BR>[Address Reference Count : 1]<UL><LI> startup_stm32f10x_hd.o(RESET)
</UL>
<P><STRONG><a name="[49]"></a>DMA2_Channel4_5_IRQHandler</STRONG> (Thumb, 0 bytes, Stack size 0 bytes, startup_stm32f10x_hd.o(.text))
<BR>[Address Reference Count : 1]<UL><LI> startup_stm32f10x_hd.o(RESET)
</UL>
<P><STRONG><a name="[14]"></a>EXTI0_IRQHandler</STRONG> (Thumb, 0 bytes, Stack size 0 bytes, startup_stm32f10x_hd.o(.text))
<BR>[Address Reference Count : 1]<UL><LI> startup_stm32f10x_hd.o(RESET)
</UL>
<P><STRONG><a name="[36]"></a>EXTI15_10_IRQHandler</STRONG> (Thumb, 0 bytes, Stack size 0 bytes, startup_stm32f10x_hd.o(.text))
<BR>[Address Reference Count : 1]<UL><LI> startup_stm32f10x_hd.o(RESET)
</UL>
<P><STRONG><a name="[15]"></a>EXTI1_IRQHandler</STRONG> (Thumb, 0 bytes, Stack size 0 bytes, startup_stm32f10x_hd.o(.text))
<BR>[Address Reference Count : 1]<UL><LI> startup_stm32f10x_hd.o(RESET)
</UL>
<P><STRONG><a name="[16]"></a>EXTI2_IRQHandler</STRONG> (Thumb, 0 bytes, Stack size 0 bytes, startup_stm32f10x_hd.o(.text))
<BR>[Address Reference Count : 1]<UL><LI> startup_stm32f10x_hd.o(RESET)
</UL>
<P><STRONG><a name="[17]"></a>EXTI3_IRQHandler</STRONG> (Thumb, 0 bytes, Stack size 0 bytes, startup_stm32f10x_hd.o(.text))
<BR>[Address Reference Count : 1]<UL><LI> startup_stm32f10x_hd.o(RESET)
</UL>
<P><STRONG><a name="[18]"></a>EXTI4_IRQHandler</STRONG> (Thumb, 0 bytes, Stack size 0 bytes, startup_stm32f10x_hd.o(.text))
<BR>[Address Reference Count : 1]<UL><LI> startup_stm32f10x_hd.o(RESET)
</UL>
<P><STRONG><a name="[25]"></a>EXTI9_5_IRQHandler</STRONG> (Thumb, 0 bytes, Stack size 0 bytes, startup_stm32f10x_hd.o(.text))
<BR>[Address Reference Count : 1]<UL><LI> startup_stm32f10x_hd.o(RESET)
</UL>
<P><STRONG><a name="[12]"></a>FLASH_IRQHandler</STRONG> (Thumb, 0 bytes, Stack size 0 bytes, startup_stm32f10x_hd.o(.text))
<BR>[Address Reference Count : 1]<UL><LI> startup_stm32f10x_hd.o(RESET)
</UL>
<P><STRONG><a name="[3e]"></a>FSMC_IRQHandler</STRONG> (Thumb, 0 bytes, Stack size 0 bytes, startup_stm32f10x_hd.o(.text))
<BR>[Address Reference Count : 1]<UL><LI> startup_stm32f10x_hd.o(RESET)
</UL>
<P><STRONG><a name="[2e]"></a>I2C1_ER_IRQHandler</STRONG> (Thumb, 0 bytes, Stack size 0 bytes, startup_stm32f10x_hd.o(.text))
<BR>[Address Reference Count : 1]<UL><LI> startup_stm32f10x_hd.o(RESET)
</UL>
<P><STRONG><a name="[2d]"></a>I2C1_EV_IRQHandler</STRONG> (Thumb, 0 bytes, Stack size 0 bytes, startup_stm32f10x_hd.o(.text))
<BR>[Address Reference Count : 1]<UL><LI> startup_stm32f10x_hd.o(RESET)
</UL>
<P><STRONG><a name="[30]"></a>I2C2_ER_IRQHandler</STRONG> (Thumb, 0 bytes, Stack size 0 bytes, startup_stm32f10x_hd.o(.text))
<BR>[Address Reference Count : 1]<UL><LI> startup_stm32f10x_hd.o(RESET)
</UL>
<P><STRONG><a name="[2f]"></a>I2C2_EV_IRQHandler</STRONG> (Thumb, 0 bytes, Stack size 0 bytes, startup_stm32f10x_hd.o(.text))
<BR>[Address Reference Count : 1]<UL><LI> startup_stm32f10x_hd.o(RESET)
</UL>
<P><STRONG><a name="[f]"></a>PVD_IRQHandler</STRONG> (Thumb, 0 bytes, Stack size 0 bytes, startup_stm32f10x_hd.o(.text))
<BR>[Address Reference Count : 1]<UL><LI> startup_stm32f10x_hd.o(RESET)
</UL>
<P><STRONG><a name="[13]"></a>RCC_IRQHandler</STRONG> (Thumb, 0 bytes, Stack size 0 bytes, startup_stm32f10x_hd.o(.text))
<BR>[Address Reference Count : 1]<UL><LI> startup_stm32f10x_hd.o(RESET)
</UL>
<P><STRONG><a name="[37]"></a>RTCAlarm_IRQHandler</STRONG> (Thumb, 0 bytes, Stack size 0 bytes, startup_stm32f10x_hd.o(.text))
<BR>[Address Reference Count : 1]<UL><LI> startup_stm32f10x_hd.o(RESET)
</UL>
<P><STRONG><a name="[11]"></a>RTC_IRQHandler</STRONG> (Thumb, 0 bytes, Stack size 0 bytes, startup_stm32f10x_hd.o(.text))
<BR>[Address Reference Count : 1]<UL><LI> startup_stm32f10x_hd.o(RESET)
</UL>
<P><STRONG><a name="[3f]"></a>SDIO_IRQHandler</STRONG> (Thumb, 0 bytes, Stack size 0 bytes, startup_stm32f10x_hd.o(.text))
<BR>[Address Reference Count : 1]<UL><LI> startup_stm32f10x_hd.o(RESET)
</UL>
<P><STRONG><a name="[31]"></a>SPI1_IRQHandler</STRONG> (Thumb, 0 bytes, Stack size 0 bytes, startup_stm32f10x_hd.o(.text))
<BR>[Address Reference Count : 1]<UL><LI> startup_stm32f10x_hd.o(RESET)
</UL>
<P><STRONG><a name="[32]"></a>SPI2_IRQHandler</STRONG> (Thumb, 0 bytes, Stack size 0 bytes, startup_stm32f10x_hd.o(.text))
<BR>[Address Reference Count : 1]<UL><LI> startup_stm32f10x_hd.o(RESET)
</UL>
<P><STRONG><a name="[41]"></a>SPI3_IRQHandler</STRONG> (Thumb, 0 bytes, Stack size 0 bytes, startup_stm32f10x_hd.o(.text))
<BR>[Address Reference Count : 1]<UL><LI> startup_stm32f10x_hd.o(RESET)
</UL>
<P><STRONG><a name="[10]"></a>TAMPER_IRQHandler</STRONG> (Thumb, 0 bytes, Stack size 0 bytes, startup_stm32f10x_hd.o(.text))
<BR>[Address Reference Count : 1]<UL><LI> startup_stm32f10x_hd.o(RESET)
</UL>
<P><STRONG><a name="[26]"></a>TIM1_BRK_IRQHandler</STRONG> (Thumb, 0 bytes, Stack size 0 bytes, startup_stm32f10x_hd.o(.text))
<BR>[Address Reference Count : 1]<UL><LI> startup_stm32f10x_hd.o(RESET)
</UL>
<P><STRONG><a name="[29]"></a>TIM1_CC_IRQHandler</STRONG> (Thumb, 0 bytes, Stack size 0 bytes, startup_stm32f10x_hd.o(.text))
<BR>[Address Reference Count : 1]<UL><LI> startup_stm32f10x_hd.o(RESET)
</UL>
<P><STRONG><a name="[28]"></a>TIM1_TRG_COM_IRQHandler</STRONG> (Thumb, 0 bytes, Stack size 0 bytes, startup_stm32f10x_hd.o(.text))
<BR>[Address Reference Count : 1]<UL><LI> startup_stm32f10x_hd.o(RESET)
</UL>
<P><STRONG><a name="[27]"></a>TIM1_UP_IRQHandler</STRONG> (Thumb, 0 bytes, Stack size 0 bytes, startup_stm32f10x_hd.o(.text))
<BR>[Address Reference Count : 1]<UL><LI> startup_stm32f10x_hd.o(RESET)
</UL>
<P><STRONG><a name="[2b]"></a>TIM3_IRQHandler</STRONG> (Thumb, 0 bytes, Stack size 0 bytes, startup_stm32f10x_hd.o(.text))
<BR>[Address Reference Count : 1]<UL><LI> startup_stm32f10x_hd.o(RESET)
</UL>
<P><STRONG><a name="[2c]"></a>TIM4_IRQHandler</STRONG> (Thumb, 0 bytes, Stack size 0 bytes, startup_stm32f10x_hd.o(.text))
<BR>[Address Reference Count : 1]<UL><LI> startup_stm32f10x_hd.o(RESET)
</UL>
<P><STRONG><a name="[40]"></a>TIM5_IRQHandler</STRONG> (Thumb, 0 bytes, Stack size 0 bytes, startup_stm32f10x_hd.o(.text))
<BR>[Address Reference Count : 1]<UL><LI> startup_stm32f10x_hd.o(RESET)
</UL>
<P><STRONG><a name="[44]"></a>TIM6_IRQHandler</STRONG> (Thumb, 0 bytes, Stack size 0 bytes, startup_stm32f10x_hd.o(.text))
<BR>[Address Reference Count : 1]<UL><LI> startup_stm32f10x_hd.o(RESET)
</UL>
<P><STRONG><a name="[45]"></a>TIM7_IRQHandler</STRONG> (Thumb, 0 bytes, Stack size 0 bytes, startup_stm32f10x_hd.o(.text))
<BR>[Address Reference Count : 1]<UL><LI> startup_stm32f10x_hd.o(RESET)
</UL>
<P><STRONG><a name="[39]"></a>TIM8_BRK_IRQHandler</STRONG> (Thumb, 0 bytes, Stack size 0 bytes, startup_stm32f10x_hd.o(.text))
<BR>[Address Reference Count : 1]<UL><LI> startup_stm32f10x_hd.o(RESET)
</UL>
<P><STRONG><a name="[3c]"></a>TIM8_CC_IRQHandler</STRONG> (Thumb, 0 bytes, Stack size 0 bytes, startup_stm32f10x_hd.o(.text))
<BR>[Address Reference Count : 1]<UL><LI> startup_stm32f10x_hd.o(RESET)
</UL>
<P><STRONG><a name="[3b]"></a>TIM8_TRG_COM_IRQHandler</STRONG> (Thumb, 0 bytes, Stack size 0 bytes, startup_stm32f10x_hd.o(.text))
<BR>[Address Reference Count : 1]<UL><LI> startup_stm32f10x_hd.o(RESET)
</UL>
<P><STRONG><a name="[3a]"></a>TIM8_UP_IRQHandler</STRONG> (Thumb, 0 bytes, Stack size 0 bytes, startup_stm32f10x_hd.o(.text))
<BR>[Address Reference Count : 1]<UL><LI> startup_stm32f10x_hd.o(RESET)
</UL>
<P><STRONG><a name="[42]"></a>UART4_IRQHandler</STRONG> (Thumb, 0 bytes, Stack size 0 bytes, startup_stm32f10x_hd.o(.text))
<BR>[Address Reference Count : 1]<UL><LI> startup_stm32f10x_hd.o(RESET)
</UL>
<P><STRONG><a name="[43]"></a>UART5_IRQHandler</STRONG> (Thumb, 0 bytes, Stack size 0 bytes, startup_stm32f10x_hd.o(.text))
<BR>[Address Reference Count : 1]<UL><LI> startup_stm32f10x_hd.o(RESET)
</UL>
<P><STRONG><a name="[38]"></a>USBWakeUp_IRQHandler</STRONG> (Thumb, 0 bytes, Stack size 0 bytes, startup_stm32f10x_hd.o(.text))
<BR>[Address Reference Count : 1]<UL><LI> startup_stm32f10x_hd.o(RESET)
</UL>
<P><STRONG><a name="[21]"></a>USB_HP_CAN1_TX_IRQHandler</STRONG> (Thumb, 0 bytes, Stack size 0 bytes, startup_stm32f10x_hd.o(.text))
<BR>[Address Reference Count : 1]<UL><LI> startup_stm32f10x_hd.o(RESET)
</UL>
<P><STRONG><a name="[22]"></a>USB_LP_CAN1_RX0_IRQHandler</STRONG> (Thumb, 0 bytes, Stack size 0 bytes, startup_stm32f10x_hd.o(.text))
<BR>[Address Reference Count : 1]<UL><LI> startup_stm32f10x_hd.o(RESET)
</UL>
<P><STRONG><a name="[e]"></a>WWDG_IRQHandler</STRONG> (Thumb, 0 bytes, Stack size 0 bytes, startup_stm32f10x_hd.o(.text))
<BR>[Address Reference Count : 1]<UL><LI> startup_stm32f10x_hd.o(RESET)
</UL>
<P><STRONG><a name="[28c]"></a>__aeabi_uidiv</STRONG> (Thumb, 0 bytes, Stack size 12 bytes, uidiv.o(.text), UNUSED)

<P><STRONG><a name="[102]"></a>__aeabi_uidivmod</STRONG> (Thumb, 44 bytes, Stack size 12 bytes, uidiv.o(.text), UNUSED)
<BR><BR>[Called By]<UL><LI><a href="#[fd]">&gt;&gt;</a>&nbsp;&nbsp;&nbsp;_printf_core
</UL>

<P><STRONG><a name="[70]"></a>__aeabi_uldivmod</STRONG> (Thumb, 98 bytes, Stack size 40 bytes, uldiv.o(.text))
<BR><BR>[Stack]<UL><LI>Max Depth = 40<LI>Call Chain = __aeabi_uldivmod
</UL>
<BR>[Calls]<UL><LI><a href="#[71]">&gt;&gt;</a>&nbsp;&nbsp;&nbsp;__aeabi_llsr
<LI><a href="#[72]">&gt;&gt;</a>&nbsp;&nbsp;&nbsp;__aeabi_llsl
</UL>
<BR>[Called By]<UL><LI><a href="#[fd]">&gt;&gt;</a>&nbsp;&nbsp;&nbsp;_printf_core
<LI><a href="#[fe]">&gt;&gt;</a>&nbsp;&nbsp;&nbsp;_fp_digits
<LI><a href="#[f5]">&gt;&gt;</a>&nbsp;&nbsp;&nbsp;Uart_vsnprintf
</UL>

<P><STRONG><a name="[83]"></a>__rt_ctype_table</STRONG> (Thumb, 4 bytes, Stack size 0 bytes, ctype_o.o(.text))
<BR><BR>[Called By]<UL><LI><a href="#[78]">&gt;&gt;</a>&nbsp;&nbsp;&nbsp;strtol
</UL>

<P><STRONG><a name="[28d]"></a>___aeabi_memcpy8$move</STRONG> (Thumb, 0 bytes, Stack size 8 bytes, memmovea.o(.text), UNUSED)

<P><STRONG><a name="[cc]"></a>__aeabi_memcpy</STRONG> (Thumb, 64 bytes, Stack size 8 bytes, memmovea.o(.text))
<BR><BR>[Stack]<UL><LI>Max Depth = 8<LI>Call Chain = __aeabi_memcpy
</UL>
<BR>[Called By]<UL><LI><a href="#[236]">&gt;&gt;</a>&nbsp;&nbsp;&nbsp;prvCopyDataToQueue
<LI><a href="#[235]">&gt;&gt;</a>&nbsp;&nbsp;&nbsp;prvCopyDataFromQueue
<LI><a href="#[219]">&gt;&gt;</a>&nbsp;&nbsp;&nbsp;mapp_CmdfuncSetInputNoiseSuppressorThreshold
<LI><a href="#[218]">&gt;&gt;</a>&nbsp;&nbsp;&nbsp;mapp_CmdfuncSetInputNoiseSuppressorStartTime
<LI><a href="#[217]">&gt;&gt;</a>&nbsp;&nbsp;&nbsp;mapp_CmdfuncSetInputNoiseSuppressorReleaseTime
<LI><a href="#[216]">&gt;&gt;</a>&nbsp;&nbsp;&nbsp;mapp_CmdfuncSetInputNoiseSuppressorRatio
<LI><a href="#[215]">&gt;&gt;</a>&nbsp;&nbsp;&nbsp;mapp_CmdfuncSetInputNoiseSuppressorGrade
<LI><a href="#[211]">&gt;&gt;</a>&nbsp;&nbsp;&nbsp;mapp_CmdfuncSetInputHowlingSuppressorGrade
<LI><a href="#[210]">&gt;&gt;</a>&nbsp;&nbsp;&nbsp;mapp_CmdfuncSetInputHowlingSuppressorFreqShift
<LI><a href="#[20b]">&gt;&gt;</a>&nbsp;&nbsp;&nbsp;mapp_CmdfuncSetInputEchoCancellerGrade
<LI><a href="#[1b2]">&gt;&gt;</a>&nbsp;&nbsp;&nbsp;mapp_CmdfuncGetInputNoiseSuppressorThreshold
<LI><a href="#[1b1]">&gt;&gt;</a>&nbsp;&nbsp;&nbsp;mapp_CmdfuncGetInputNoiseSuppressorStartTime
<LI><a href="#[1b0]">&gt;&gt;</a>&nbsp;&nbsp;&nbsp;mapp_CmdfuncGetInputNoiseSuppressorReleasetime
<LI><a href="#[1af]">&gt;&gt;</a>&nbsp;&nbsp;&nbsp;mapp_CmdfuncGetInputNoiseSuppressorRatio
<LI><a href="#[1ae]">&gt;&gt;</a>&nbsp;&nbsp;&nbsp;mapp_CmdfuncGetInputNoiseSuppressorGrade
<LI><a href="#[1aa]">&gt;&gt;</a>&nbsp;&nbsp;&nbsp;mapp_CmdfuncGetInputHowlingSuppressorGrade
<LI><a href="#[1a9]">&gt;&gt;</a>&nbsp;&nbsp;&nbsp;mapp_CmdfuncGetInputHowlingSuppressorFreqShift
<LI><a href="#[1a4]">&gt;&gt;</a>&nbsp;&nbsp;&nbsp;mapp_CmdfuncGetInputEchoCancellerGrade
<LI><a href="#[cb]">&gt;&gt;</a>&nbsp;&nbsp;&nbsp;SetUserData_ProjectName
<LI><a href="#[ec]">&gt;&gt;</a>&nbsp;&nbsp;&nbsp;mapp_UsartSystemCmdFun
<LI><a href="#[ed]">&gt;&gt;</a>&nbsp;&nbsp;&nbsp;mapp_MultiCmdMatchFunction
</UL>

<P><STRONG><a name="[139]"></a>__aeabi_memcpy4</STRONG> (Thumb, 0 bytes, Stack size 8 bytes, memmovea.o(.text))
<BR><BR>[Stack]<UL><LI>Max Depth = 8<LI>Call Chain = __aeabi_memcpy4
</UL>
<BR>[Called By]<UL><LI><a href="#[138]">&gt;&gt;</a>&nbsp;&nbsp;&nbsp;defaultValue
</UL>

<P><STRONG><a name="[28e]"></a>__aeabi_memmove</STRONG> (Thumb, 0 bytes, Stack size 8 bytes, memmovea.o(.text), UNUSED)

<P><STRONG><a name="[28f]"></a>__aeabi_memmove4</STRONG> (Thumb, 0 bytes, Stack size 8 bytes, memmovea.o(.text), UNUSED)

<P><STRONG><a name="[290]"></a>__aeabi_memmove8</STRONG> (Thumb, 0 bytes, Stack size 8 bytes, memmovea.o(.text), UNUSED)

<P><STRONG><a name="[74]"></a>__aeabi_memset</STRONG> (Thumb, 14 bytes, Stack size 0 bytes, memseta.o(.text))
<BR><BR>[Called By]<UL><LI><a href="#[75]">&gt;&gt;</a>&nbsp;&nbsp;&nbsp;_memset$wrapper
<LI><a href="#[73]">&gt;&gt;</a>&nbsp;&nbsp;&nbsp;__aeabi_memclr
<LI><a href="#[23a]">&gt;&gt;</a>&nbsp;&nbsp;&nbsp;prvInitialiseNewTask
<LI><a href="#[ec]">&gt;&gt;</a>&nbsp;&nbsp;&nbsp;mapp_UsartSystemCmdFun
</UL>

<P><STRONG><a name="[291]"></a>__aeabi_memset4</STRONG> (Thumb, 0 bytes, Stack size 0 bytes, memseta.o(.text), UNUSED)

<P><STRONG><a name="[292]"></a>__aeabi_memset8</STRONG> (Thumb, 0 bytes, Stack size 0 bytes, memseta.o(.text), UNUSED)

<P><STRONG><a name="[73]"></a>__aeabi_memclr</STRONG> (Thumb, 4 bytes, Stack size 0 bytes, memseta.o(.text))
<BR><BR>[Calls]<UL><LI><a href="#[74]">&gt;&gt;</a>&nbsp;&nbsp;&nbsp;__aeabi_memset
</UL>
<BR>[Called By]<UL><LI><a href="#[136]">&gt;&gt;</a>&nbsp;&nbsp;&nbsp;mapp_UserDataProjectNameInit
<LI><a href="#[17f]">&gt;&gt;</a>&nbsp;&nbsp;&nbsp;led_init
<LI><a href="#[ee]">&gt;&gt;</a>&nbsp;&nbsp;&nbsp;UartCommVarClear
<LI><a href="#[6c]">&gt;&gt;</a>&nbsp;&nbsp;&nbsp;Uart2VarTimeout
<LI><a href="#[68]">&gt;&gt;</a>&nbsp;&nbsp;&nbsp;Uart1VarTimeOut
<LI><a href="#[cb]">&gt;&gt;</a>&nbsp;&nbsp;&nbsp;SetUserData_ProjectName
<LI><a href="#[ed]">&gt;&gt;</a>&nbsp;&nbsp;&nbsp;mapp_MultiCmdMatchFunction
</UL>

<P><STRONG><a name="[d1]"></a>__aeabi_memclr4</STRONG> (Thumb, 0 bytes, Stack size 0 bytes, memseta.o(.text))
<BR><BR>[Called By]<UL><LI><a href="#[4e]">&gt;&gt;</a>&nbsp;&nbsp;&nbsp;vTaskEeprom
<LI><a href="#[17f]">&gt;&gt;</a>&nbsp;&nbsp;&nbsp;led_init
<LI><a href="#[144]">&gt;&gt;</a>&nbsp;&nbsp;&nbsp;get_in_EQ_gain
<LI><a href="#[143]">&gt;&gt;</a>&nbsp;&nbsp;&nbsp;get_in_EQ_ctrl
<LI><a href="#[13f]">&gt;&gt;</a>&nbsp;&nbsp;&nbsp;get_all_audio_output
<LI><a href="#[138]">&gt;&gt;</a>&nbsp;&nbsp;&nbsp;defaultValue
<LI><a href="#[6b]">&gt;&gt;</a>&nbsp;&nbsp;&nbsp;Uart2VarInit
<LI><a href="#[67]">&gt;&gt;</a>&nbsp;&nbsp;&nbsp;Uart1VarInit
<LI><a href="#[d0]">&gt;&gt;</a>&nbsp;&nbsp;&nbsp;SysSaveVarInit
<LI><a href="#[1b9]">&gt;&gt;</a>&nbsp;&nbsp;&nbsp;mapp_CmdfuncGetOutputDelayTime
<LI><a href="#[1b8]">&gt;&gt;</a>&nbsp;&nbsp;&nbsp;mapp_CmdfuncGetOutputDelayCtrl
<LI><a href="#[1b7]">&gt;&gt;</a>&nbsp;&nbsp;&nbsp;mapp_CmdfuncGetInputTestSignalLevel
<LI><a href="#[1b6]">&gt;&gt;</a>&nbsp;&nbsp;&nbsp;mapp_CmdfuncGetInputTestSignalFreq
<LI><a href="#[1b5]">&gt;&gt;</a>&nbsp;&nbsp;&nbsp;mapp_CmdfuncGetInputTestSignalCtrl
<LI><a href="#[1b4]">&gt;&gt;</a>&nbsp;&nbsp;&nbsp;mapp_CmdfuncGetInputSensitivity
<LI><a href="#[1b3]">&gt;&gt;</a>&nbsp;&nbsp;&nbsp;mapp_CmdfuncGetInputReversephase
<LI><a href="#[1b2]">&gt;&gt;</a>&nbsp;&nbsp;&nbsp;mapp_CmdfuncGetInputNoiseSuppressorThreshold
<LI><a href="#[1b1]">&gt;&gt;</a>&nbsp;&nbsp;&nbsp;mapp_CmdfuncGetInputNoiseSuppressorStartTime
<LI><a href="#[1b0]">&gt;&gt;</a>&nbsp;&nbsp;&nbsp;mapp_CmdfuncGetInputNoiseSuppressorReleasetime
<LI><a href="#[1af]">&gt;&gt;</a>&nbsp;&nbsp;&nbsp;mapp_CmdfuncGetInputNoiseSuppressorRatio
<LI><a href="#[1ae]">&gt;&gt;</a>&nbsp;&nbsp;&nbsp;mapp_CmdfuncGetInputNoiseSuppressorGrade
<LI><a href="#[1ad]">&gt;&gt;</a>&nbsp;&nbsp;&nbsp;mapp_CmdfuncGetInputNoiseSuppressorCtrl
<LI><a href="#[1ac]">&gt;&gt;</a>&nbsp;&nbsp;&nbsp;mapp_CmdfuncGetInputMute
<LI><a href="#[1ab]">&gt;&gt;</a>&nbsp;&nbsp;&nbsp;mapp_CmdfuncGetInputLfreqExciterGrade
<LI><a href="#[1aa]">&gt;&gt;</a>&nbsp;&nbsp;&nbsp;mapp_CmdfuncGetInputHowlingSuppressorGrade
<LI><a href="#[1a9]">&gt;&gt;</a>&nbsp;&nbsp;&nbsp;mapp_CmdfuncGetInputHowlingSuppressorFreqShift
<LI><a href="#[1a8]">&gt;&gt;</a>&nbsp;&nbsp;&nbsp;mapp_CmdfuncGetInputHowlingSuppressorCtrl
<LI><a href="#[1a7]">&gt;&gt;</a>&nbsp;&nbsp;&nbsp;mapp_CmdfuncGetInputHfreqExciterGrade
<LI><a href="#[1a6]">&gt;&gt;</a>&nbsp;&nbsp;&nbsp;mapp_CmdfuncGetInputGain
<LI><a href="#[1a5]">&gt;&gt;</a>&nbsp;&nbsp;&nbsp;mapp_CmdfuncGetInputExciterCtrl
<LI><a href="#[1a4]">&gt;&gt;</a>&nbsp;&nbsp;&nbsp;mapp_CmdfuncGetInputEchoCancellerGrade
<LI><a href="#[1a3]">&gt;&gt;</a>&nbsp;&nbsp;&nbsp;mapp_CmdfuncGetInputEchoCancellerCtrl
<LI><a href="#[1a2]">&gt;&gt;</a>&nbsp;&nbsp;&nbsp;mapp_CmdfuncGetInputEQType
<LI><a href="#[1a1]">&gt;&gt;</a>&nbsp;&nbsp;&nbsp;mapp_CmdfuncGetInputEQQualityFactor
<LI><a href="#[1a0]">&gt;&gt;</a>&nbsp;&nbsp;&nbsp;mapp_CmdfuncGetInputEQGain
<LI><a href="#[19f]">&gt;&gt;</a>&nbsp;&nbsp;&nbsp;mapp_CmdfuncGetInputEQCtrl
<LI><a href="#[19e]">&gt;&gt;</a>&nbsp;&nbsp;&nbsp;mapp_CmdfuncGetInputDuckingThreshold
<LI><a href="#[19d]">&gt;&gt;</a>&nbsp;&nbsp;&nbsp;mapp_CmdfuncGetInputDuckingStartTime
<LI><a href="#[19c]">&gt;&gt;</a>&nbsp;&nbsp;&nbsp;mapp_CmdfuncGetInputDuckingReleasetime
<LI><a href="#[19b]">&gt;&gt;</a>&nbsp;&nbsp;&nbsp;mapp_CmdfuncGetInputDuckingHoldTime
<LI><a href="#[19a]">&gt;&gt;</a>&nbsp;&nbsp;&nbsp;mapp_CmdfuncGetInputDuckingGain
<LI><a href="#[199]">&gt;&gt;</a>&nbsp;&nbsp;&nbsp;mapp_CmdfuncGetInputDuckingDepth
<LI><a href="#[198]">&gt;&gt;</a>&nbsp;&nbsp;&nbsp;mapp_CmdfuncGetInputDuckingCtrl
<LI><a href="#[197]">&gt;&gt;</a>&nbsp;&nbsp;&nbsp;mapp_CmdfuncGetInputCompressorThreshold
<LI><a href="#[196]">&gt;&gt;</a>&nbsp;&nbsp;&nbsp;mapp_CmdfuncGetInputCompressorStartTime
<LI><a href="#[195]">&gt;&gt;</a>&nbsp;&nbsp;&nbsp;mapp_CmdfuncGetInputCompressorReleasetime
<LI><a href="#[194]">&gt;&gt;</a>&nbsp;&nbsp;&nbsp;mapp_CmdfuncGetInputCompressorRatio
<LI><a href="#[193]">&gt;&gt;</a>&nbsp;&nbsp;&nbsp;mapp_CmdfuncGetInputCompressorGain
<LI><a href="#[192]">&gt;&gt;</a>&nbsp;&nbsp;&nbsp;mapp_CmdfuncGetInputCompressorCtrl
<LI><a href="#[191]">&gt;&gt;</a>&nbsp;&nbsp;&nbsp;mapp_CmdfuncGetInputCallInput
<LI><a href="#[190]">&gt;&gt;</a>&nbsp;&nbsp;&nbsp;mapp_CmdfuncGetInputBackgroundInput
<LI><a href="#[18f]">&gt;&gt;</a>&nbsp;&nbsp;&nbsp;mapp_CmdfuncGetInputAutoGainThreshold
<LI><a href="#[18e]">&gt;&gt;</a>&nbsp;&nbsp;&nbsp;mapp_CmdfuncGetInputAutoGainTargetThreshold
<LI><a href="#[18d]">&gt;&gt;</a>&nbsp;&nbsp;&nbsp;mapp_CmdfuncGetInputAutoGainStartTime
<LI><a href="#[18c]">&gt;&gt;</a>&nbsp;&nbsp;&nbsp;mapp_CmdfuncGetInputAutoGainReleasetime
<LI><a href="#[18b]">&gt;&gt;</a>&nbsp;&nbsp;&nbsp;mapp_CmdfuncGetInputAutoGainRatio
<LI><a href="#[189]">&gt;&gt;</a>&nbsp;&nbsp;&nbsp;mapp_CmdfuncGetInputAutoGainCtrl
<LI><a href="#[174]">&gt;&gt;</a>&nbsp;&nbsp;&nbsp;get_usbplayer_ctrl
<LI><a href="#[173]">&gt;&gt;</a>&nbsp;&nbsp;&nbsp;get_out_delay_time
<LI><a href="#[172]">&gt;&gt;</a>&nbsp;&nbsp;&nbsp;get_out_delay_ctrl
<LI><a href="#[171]">&gt;&gt;</a>&nbsp;&nbsp;&nbsp;get_matrixswitch
<LI><a href="#[170]">&gt;&gt;</a>&nbsp;&nbsp;&nbsp;get_in_test_signal_level
<LI><a href="#[16f]">&gt;&gt;</a>&nbsp;&nbsp;&nbsp;get_in_test_signal_freq
<LI><a href="#[16e]">&gt;&gt;</a>&nbsp;&nbsp;&nbsp;get_in_test_signal_ctrl
<LI><a href="#[16d]">&gt;&gt;</a>&nbsp;&nbsp;&nbsp;get_in_sensitivity
<LI><a href="#[16c]">&gt;&gt;</a>&nbsp;&nbsp;&nbsp;get_in_reversephase
<LI><a href="#[16b]">&gt;&gt;</a>&nbsp;&nbsp;&nbsp;get_in_noise_suppressor_threshold
<LI><a href="#[16a]">&gt;&gt;</a>&nbsp;&nbsp;&nbsp;get_in_noise_suppressor_start_time
<LI><a href="#[169]">&gt;&gt;</a>&nbsp;&nbsp;&nbsp;get_in_noise_suppressor_rel_time
<LI><a href="#[168]">&gt;&gt;</a>&nbsp;&nbsp;&nbsp;get_in_noise_suppressor_ratio
<LI><a href="#[167]">&gt;&gt;</a>&nbsp;&nbsp;&nbsp;get_in_noise_suppressor_grade
<LI><a href="#[166]">&gt;&gt;</a>&nbsp;&nbsp;&nbsp;get_in_noise_suppressor_ctrl
<LI><a href="#[165]">&gt;&gt;</a>&nbsp;&nbsp;&nbsp;get_in_mute
<LI><a href="#[164]">&gt;&gt;</a>&nbsp;&nbsp;&nbsp;get_in_l_freq_exciter_grade
<LI><a href="#[163]">&gt;&gt;</a>&nbsp;&nbsp;&nbsp;get_in_howling_suppressor_grade
<LI><a href="#[162]">&gt;&gt;</a>&nbsp;&nbsp;&nbsp;get_in_howling_suppressor_freq_shift
<LI><a href="#[161]">&gt;&gt;</a>&nbsp;&nbsp;&nbsp;get_in_howling_suppressor_ctrl
<LI><a href="#[160]">&gt;&gt;</a>&nbsp;&nbsp;&nbsp;get_in_h_freq_exciter_grade
<LI><a href="#[15f]">&gt;&gt;</a>&nbsp;&nbsp;&nbsp;get_in_gain
<LI><a href="#[15e]">&gt;&gt;</a>&nbsp;&nbsp;&nbsp;get_in_exciter_ctrl
<LI><a href="#[15d]">&gt;&gt;</a>&nbsp;&nbsp;&nbsp;get_in_echo_canceller_grade
<LI><a href="#[15c]">&gt;&gt;</a>&nbsp;&nbsp;&nbsp;get_in_echo_canceller_ctrl
<LI><a href="#[15b]">&gt;&gt;</a>&nbsp;&nbsp;&nbsp;get_in_ducking_threshold
<LI><a href="#[15a]">&gt;&gt;</a>&nbsp;&nbsp;&nbsp;get_in_ducking_start_time
<LI><a href="#[159]">&gt;&gt;</a>&nbsp;&nbsp;&nbsp;get_in_ducking_rel_time
<LI><a href="#[158]">&gt;&gt;</a>&nbsp;&nbsp;&nbsp;get_in_ducking_hold_time
<LI><a href="#[157]">&gt;&gt;</a>&nbsp;&nbsp;&nbsp;get_in_ducking_gain
<LI><a href="#[156]">&gt;&gt;</a>&nbsp;&nbsp;&nbsp;get_in_ducking_depth
<LI><a href="#[155]">&gt;&gt;</a>&nbsp;&nbsp;&nbsp;get_in_ducking_ctrl
<LI><a href="#[154]">&gt;&gt;</a>&nbsp;&nbsp;&nbsp;get_in_compressor_threshold
<LI><a href="#[153]">&gt;&gt;</a>&nbsp;&nbsp;&nbsp;get_in_compressor_start_time
<LI><a href="#[152]">&gt;&gt;</a>&nbsp;&nbsp;&nbsp;get_in_compressor_rel_time
<LI><a href="#[151]">&gt;&gt;</a>&nbsp;&nbsp;&nbsp;get_in_compressor_ratio
<LI><a href="#[150]">&gt;&gt;</a>&nbsp;&nbsp;&nbsp;get_in_compressor_gain
<LI><a href="#[14f]">&gt;&gt;</a>&nbsp;&nbsp;&nbsp;get_in_compressor_ctrl
<LI><a href="#[14e]">&gt;&gt;</a>&nbsp;&nbsp;&nbsp;get_in_call_input
<LI><a href="#[14d]">&gt;&gt;</a>&nbsp;&nbsp;&nbsp;get_in_background_input
<LI><a href="#[14c]">&gt;&gt;</a>&nbsp;&nbsp;&nbsp;get_in_auto_gain_threshold
<LI><a href="#[14b]">&gt;&gt;</a>&nbsp;&nbsp;&nbsp;get_in_auto_gain_target_threshold
<LI><a href="#[14a]">&gt;&gt;</a>&nbsp;&nbsp;&nbsp;get_in_auto_gain_start_time
<LI><a href="#[149]">&gt;&gt;</a>&nbsp;&nbsp;&nbsp;get_in_auto_gain_rel_time
<LI><a href="#[148]">&gt;&gt;</a>&nbsp;&nbsp;&nbsp;get_in_auto_gain_ratio
<LI><a href="#[147]">&gt;&gt;</a>&nbsp;&nbsp;&nbsp;get_in_auto_gain_ctrl
<LI><a href="#[146]">&gt;&gt;</a>&nbsp;&nbsp;&nbsp;get_in_EQ_type
<LI><a href="#[145]">&gt;&gt;</a>&nbsp;&nbsp;&nbsp;get_in_EQ_quality_factor
</UL>

<P><STRONG><a name="[293]"></a>__aeabi_memclr8</STRONG> (Thumb, 0 bytes, Stack size 0 bytes, memseta.o(.text), UNUSED)

<P><STRONG><a name="[75]"></a>_memset$wrapper</STRONG> (Thumb, 18 bytes, Stack size 8 bytes, memseta.o(.text), UNUSED)
<BR><BR>[Calls]<UL><LI><a href="#[74]">&gt;&gt;</a>&nbsp;&nbsp;&nbsp;__aeabi_memset
</UL>

<P><STRONG><a name="[141]"></a>strlen</STRONG> (Thumb, 14 bytes, Stack size 0 bytes, strlen.o(.text))
<BR><BR>[Called By]<UL><LI><a href="#[144]">&gt;&gt;</a>&nbsp;&nbsp;&nbsp;get_in_EQ_gain
<LI><a href="#[143]">&gt;&gt;</a>&nbsp;&nbsp;&nbsp;get_in_EQ_ctrl
<LI><a href="#[13f]">&gt;&gt;</a>&nbsp;&nbsp;&nbsp;get_all_audio_output
<LI><a href="#[222]">&gt;&gt;</a>&nbsp;&nbsp;&nbsp;mapp_CmdfuncSetUSBplayerCtrl
<LI><a href="#[221]">&gt;&gt;</a>&nbsp;&nbsp;&nbsp;mapp_CmdfuncSetOutputDelayTime
<LI><a href="#[220]">&gt;&gt;</a>&nbsp;&nbsp;&nbsp;mapp_CmdfuncSetOutputDelayCtrl
<LI><a href="#[21f]">&gt;&gt;</a>&nbsp;&nbsp;&nbsp;mapp_CmdfuncSetMatrixSwitching
<LI><a href="#[21e]">&gt;&gt;</a>&nbsp;&nbsp;&nbsp;mapp_CmdfuncSetInputTestSignalLevel
<LI><a href="#[21d]">&gt;&gt;</a>&nbsp;&nbsp;&nbsp;mapp_CmdfuncSetInputTestSignalFreq
<LI><a href="#[21c]">&gt;&gt;</a>&nbsp;&nbsp;&nbsp;mapp_CmdfuncSetInputTestSignalCtrl
<LI><a href="#[21b]">&gt;&gt;</a>&nbsp;&nbsp;&nbsp;mapp_CmdfuncSetInputSensitivity
<LI><a href="#[21a]">&gt;&gt;</a>&nbsp;&nbsp;&nbsp;mapp_CmdfuncSetInputReversephase
<LI><a href="#[219]">&gt;&gt;</a>&nbsp;&nbsp;&nbsp;mapp_CmdfuncSetInputNoiseSuppressorThreshold
<LI><a href="#[218]">&gt;&gt;</a>&nbsp;&nbsp;&nbsp;mapp_CmdfuncSetInputNoiseSuppressorStartTime
<LI><a href="#[217]">&gt;&gt;</a>&nbsp;&nbsp;&nbsp;mapp_CmdfuncSetInputNoiseSuppressorReleaseTime
<LI><a href="#[216]">&gt;&gt;</a>&nbsp;&nbsp;&nbsp;mapp_CmdfuncSetInputNoiseSuppressorRatio
<LI><a href="#[215]">&gt;&gt;</a>&nbsp;&nbsp;&nbsp;mapp_CmdfuncSetInputNoiseSuppressorGrade
<LI><a href="#[214]">&gt;&gt;</a>&nbsp;&nbsp;&nbsp;mapp_CmdfuncSetInputNoiseSuppressorCtrl
<LI><a href="#[213]">&gt;&gt;</a>&nbsp;&nbsp;&nbsp;mapp_CmdfuncSetInputMute
<LI><a href="#[212]">&gt;&gt;</a>&nbsp;&nbsp;&nbsp;mapp_CmdfuncSetInputLfreqExciterGrade
<LI><a href="#[211]">&gt;&gt;</a>&nbsp;&nbsp;&nbsp;mapp_CmdfuncSetInputHowlingSuppressorGrade
<LI><a href="#[210]">&gt;&gt;</a>&nbsp;&nbsp;&nbsp;mapp_CmdfuncSetInputHowlingSuppressorFreqShift
<LI><a href="#[20f]">&gt;&gt;</a>&nbsp;&nbsp;&nbsp;mapp_CmdfuncSetInputHowlingSuppressorCtrl
<LI><a href="#[20e]">&gt;&gt;</a>&nbsp;&nbsp;&nbsp;mapp_CmdfuncSetInputHfreqExciterGrade
<LI><a href="#[20d]">&gt;&gt;</a>&nbsp;&nbsp;&nbsp;mapp_CmdfuncSetInputGain
<LI><a href="#[20c]">&gt;&gt;</a>&nbsp;&nbsp;&nbsp;mapp_CmdfuncSetInputExciterCtrl
<LI><a href="#[20b]">&gt;&gt;</a>&nbsp;&nbsp;&nbsp;mapp_CmdfuncSetInputEchoCancellerGrade
<LI><a href="#[20a]">&gt;&gt;</a>&nbsp;&nbsp;&nbsp;mapp_CmdfuncSetInputEchoCancellerCtrl
<LI><a href="#[209]">&gt;&gt;</a>&nbsp;&nbsp;&nbsp;mapp_CmdfuncSetInputEQType
<LI><a href="#[208]">&gt;&gt;</a>&nbsp;&nbsp;&nbsp;mapp_CmdfuncSetInputEQQualityFactor
<LI><a href="#[207]">&gt;&gt;</a>&nbsp;&nbsp;&nbsp;mapp_CmdfuncSetInputEQGain
<LI><a href="#[206]">&gt;&gt;</a>&nbsp;&nbsp;&nbsp;mapp_CmdfuncSetInputEQCtrl
<LI><a href="#[205]">&gt;&gt;</a>&nbsp;&nbsp;&nbsp;mapp_CmdfuncSetInputDuckingThreshold
<LI><a href="#[204]">&gt;&gt;</a>&nbsp;&nbsp;&nbsp;mapp_CmdfuncSetInputDuckingStartTime
<LI><a href="#[203]">&gt;&gt;</a>&nbsp;&nbsp;&nbsp;mapp_CmdfuncSetInputDuckingReleaseTime
<LI><a href="#[202]">&gt;&gt;</a>&nbsp;&nbsp;&nbsp;mapp_CmdfuncSetInputDuckingHoldTime
<LI><a href="#[201]">&gt;&gt;</a>&nbsp;&nbsp;&nbsp;mapp_CmdfuncSetInputDuckingGain
<LI><a href="#[200]">&gt;&gt;</a>&nbsp;&nbsp;&nbsp;mapp_CmdfuncSetInputDuckingDepth
<LI><a href="#[1ff]">&gt;&gt;</a>&nbsp;&nbsp;&nbsp;mapp_CmdfuncSetInputDuckingCtrl
<LI><a href="#[1fe]">&gt;&gt;</a>&nbsp;&nbsp;&nbsp;mapp_CmdfuncSetInputCompressorThreshold
<LI><a href="#[1fd]">&gt;&gt;</a>&nbsp;&nbsp;&nbsp;mapp_CmdfuncSetInputCompressorStartTime
<LI><a href="#[1fc]">&gt;&gt;</a>&nbsp;&nbsp;&nbsp;mapp_CmdfuncSetInputCompressorReleaseTime
<LI><a href="#[1fb]">&gt;&gt;</a>&nbsp;&nbsp;&nbsp;mapp_CmdfuncSetInputCompressorRatio
<LI><a href="#[1fa]">&gt;&gt;</a>&nbsp;&nbsp;&nbsp;mapp_CmdfuncSetInputCompressorGain
<LI><a href="#[1f9]">&gt;&gt;</a>&nbsp;&nbsp;&nbsp;mapp_CmdfuncSetInputCompressorCtrl
<LI><a href="#[1f8]">&gt;&gt;</a>&nbsp;&nbsp;&nbsp;mapp_CmdfuncSetInputCallInput
<LI><a href="#[1f7]">&gt;&gt;</a>&nbsp;&nbsp;&nbsp;mapp_CmdfuncSetInputBackgroundInput
<LI><a href="#[1f6]">&gt;&gt;</a>&nbsp;&nbsp;&nbsp;mapp_CmdfuncSetInputAutoGainThreshold
<LI><a href="#[1f5]">&gt;&gt;</a>&nbsp;&nbsp;&nbsp;mapp_CmdfuncSetInputAutoGainTargetThreshold
<LI><a href="#[1f4]">&gt;&gt;</a>&nbsp;&nbsp;&nbsp;mapp_CmdfuncSetInputAutoGainStartTime
<LI><a href="#[1f3]">&gt;&gt;</a>&nbsp;&nbsp;&nbsp;mapp_CmdfuncSetInputAutoGainReleaseTime
<LI><a href="#[1f2]">&gt;&gt;</a>&nbsp;&nbsp;&nbsp;mapp_CmdfuncSetInputAutoGainRatio
<LI><a href="#[1f1]">&gt;&gt;</a>&nbsp;&nbsp;&nbsp;mapp_CmdfuncSetInputAutoGainCtrl
<LI><a href="#[1bd]">&gt;&gt;</a>&nbsp;&nbsp;&nbsp;mapp_CmdfuncSetCardFunction
<LI><a href="#[1ba]">&gt;&gt;</a>&nbsp;&nbsp;&nbsp;mapp_CmdfuncSetAllAudioOutput
<LI><a href="#[1b9]">&gt;&gt;</a>&nbsp;&nbsp;&nbsp;mapp_CmdfuncGetOutputDelayTime
<LI><a href="#[1b8]">&gt;&gt;</a>&nbsp;&nbsp;&nbsp;mapp_CmdfuncGetOutputDelayCtrl
<LI><a href="#[1b7]">&gt;&gt;</a>&nbsp;&nbsp;&nbsp;mapp_CmdfuncGetInputTestSignalLevel
<LI><a href="#[1b6]">&gt;&gt;</a>&nbsp;&nbsp;&nbsp;mapp_CmdfuncGetInputTestSignalFreq
<LI><a href="#[1b5]">&gt;&gt;</a>&nbsp;&nbsp;&nbsp;mapp_CmdfuncGetInputTestSignalCtrl
<LI><a href="#[1b4]">&gt;&gt;</a>&nbsp;&nbsp;&nbsp;mapp_CmdfuncGetInputSensitivity
<LI><a href="#[1b3]">&gt;&gt;</a>&nbsp;&nbsp;&nbsp;mapp_CmdfuncGetInputReversephase
<LI><a href="#[1b2]">&gt;&gt;</a>&nbsp;&nbsp;&nbsp;mapp_CmdfuncGetInputNoiseSuppressorThreshold
<LI><a href="#[1b1]">&gt;&gt;</a>&nbsp;&nbsp;&nbsp;mapp_CmdfuncGetInputNoiseSuppressorStartTime
<LI><a href="#[1b0]">&gt;&gt;</a>&nbsp;&nbsp;&nbsp;mapp_CmdfuncGetInputNoiseSuppressorReleasetime
<LI><a href="#[1af]">&gt;&gt;</a>&nbsp;&nbsp;&nbsp;mapp_CmdfuncGetInputNoiseSuppressorRatio
<LI><a href="#[1ae]">&gt;&gt;</a>&nbsp;&nbsp;&nbsp;mapp_CmdfuncGetInputNoiseSuppressorGrade
<LI><a href="#[1ad]">&gt;&gt;</a>&nbsp;&nbsp;&nbsp;mapp_CmdfuncGetInputNoiseSuppressorCtrl
<LI><a href="#[1ac]">&gt;&gt;</a>&nbsp;&nbsp;&nbsp;mapp_CmdfuncGetInputMute
<LI><a href="#[1ab]">&gt;&gt;</a>&nbsp;&nbsp;&nbsp;mapp_CmdfuncGetInputLfreqExciterGrade
<LI><a href="#[1aa]">&gt;&gt;</a>&nbsp;&nbsp;&nbsp;mapp_CmdfuncGetInputHowlingSuppressorGrade
<LI><a href="#[1a9]">&gt;&gt;</a>&nbsp;&nbsp;&nbsp;mapp_CmdfuncGetInputHowlingSuppressorFreqShift
<LI><a href="#[1a8]">&gt;&gt;</a>&nbsp;&nbsp;&nbsp;mapp_CmdfuncGetInputHowlingSuppressorCtrl
<LI><a href="#[1a7]">&gt;&gt;</a>&nbsp;&nbsp;&nbsp;mapp_CmdfuncGetInputHfreqExciterGrade
<LI><a href="#[1a6]">&gt;&gt;</a>&nbsp;&nbsp;&nbsp;mapp_CmdfuncGetInputGain
<LI><a href="#[1a5]">&gt;&gt;</a>&nbsp;&nbsp;&nbsp;mapp_CmdfuncGetInputExciterCtrl
<LI><a href="#[1a4]">&gt;&gt;</a>&nbsp;&nbsp;&nbsp;mapp_CmdfuncGetInputEchoCancellerGrade
<LI><a href="#[1a3]">&gt;&gt;</a>&nbsp;&nbsp;&nbsp;mapp_CmdfuncGetInputEchoCancellerCtrl
<LI><a href="#[1a2]">&gt;&gt;</a>&nbsp;&nbsp;&nbsp;mapp_CmdfuncGetInputEQType
<LI><a href="#[1a1]">&gt;&gt;</a>&nbsp;&nbsp;&nbsp;mapp_CmdfuncGetInputEQQualityFactor
<LI><a href="#[1a0]">&gt;&gt;</a>&nbsp;&nbsp;&nbsp;mapp_CmdfuncGetInputEQGain
<LI><a href="#[19f]">&gt;&gt;</a>&nbsp;&nbsp;&nbsp;mapp_CmdfuncGetInputEQCtrl
<LI><a href="#[19e]">&gt;&gt;</a>&nbsp;&nbsp;&nbsp;mapp_CmdfuncGetInputDuckingThreshold
<LI><a href="#[19d]">&gt;&gt;</a>&nbsp;&nbsp;&nbsp;mapp_CmdfuncGetInputDuckingStartTime
<LI><a href="#[19c]">&gt;&gt;</a>&nbsp;&nbsp;&nbsp;mapp_CmdfuncGetInputDuckingReleasetime
<LI><a href="#[19b]">&gt;&gt;</a>&nbsp;&nbsp;&nbsp;mapp_CmdfuncGetInputDuckingHoldTime
<LI><a href="#[19a]">&gt;&gt;</a>&nbsp;&nbsp;&nbsp;mapp_CmdfuncGetInputDuckingGain
<LI><a href="#[199]">&gt;&gt;</a>&nbsp;&nbsp;&nbsp;mapp_CmdfuncGetInputDuckingDepth
<LI><a href="#[198]">&gt;&gt;</a>&nbsp;&nbsp;&nbsp;mapp_CmdfuncGetInputDuckingCtrl
<LI><a href="#[197]">&gt;&gt;</a>&nbsp;&nbsp;&nbsp;mapp_CmdfuncGetInputCompressorThreshold
<LI><a href="#[196]">&gt;&gt;</a>&nbsp;&nbsp;&nbsp;mapp_CmdfuncGetInputCompressorStartTime
<LI><a href="#[195]">&gt;&gt;</a>&nbsp;&nbsp;&nbsp;mapp_CmdfuncGetInputCompressorReleasetime
<LI><a href="#[194]">&gt;&gt;</a>&nbsp;&nbsp;&nbsp;mapp_CmdfuncGetInputCompressorRatio
<LI><a href="#[193]">&gt;&gt;</a>&nbsp;&nbsp;&nbsp;mapp_CmdfuncGetInputCompressorGain
<LI><a href="#[192]">&gt;&gt;</a>&nbsp;&nbsp;&nbsp;mapp_CmdfuncGetInputCompressorCtrl
<LI><a href="#[191]">&gt;&gt;</a>&nbsp;&nbsp;&nbsp;mapp_CmdfuncGetInputCallInput
<LI><a href="#[190]">&gt;&gt;</a>&nbsp;&nbsp;&nbsp;mapp_CmdfuncGetInputBackgroundInput
<LI><a href="#[18f]">&gt;&gt;</a>&nbsp;&nbsp;&nbsp;mapp_CmdfuncGetInputAutoGainThreshold
<LI><a href="#[18e]">&gt;&gt;</a>&nbsp;&nbsp;&nbsp;mapp_CmdfuncGetInputAutoGainTargetThreshold
<LI><a href="#[18d]">&gt;&gt;</a>&nbsp;&nbsp;&nbsp;mapp_CmdfuncGetInputAutoGainStartTime
<LI><a href="#[18c]">&gt;&gt;</a>&nbsp;&nbsp;&nbsp;mapp_CmdfuncGetInputAutoGainReleasetime
<LI><a href="#[18b]">&gt;&gt;</a>&nbsp;&nbsp;&nbsp;mapp_CmdfuncGetInputAutoGainRatio
<LI><a href="#[189]">&gt;&gt;</a>&nbsp;&nbsp;&nbsp;mapp_CmdfuncGetInputAutoGainCtrl
<LI><a href="#[ec]">&gt;&gt;</a>&nbsp;&nbsp;&nbsp;mapp_UsartSystemCmdFun
<LI><a href="#[ed]">&gt;&gt;</a>&nbsp;&nbsp;&nbsp;mapp_MultiCmdMatchFunction
<LI><a href="#[224]">&gt;&gt;</a>&nbsp;&nbsp;&nbsp;mapp_CommandFunctionProcess
<LI><a href="#[223]">&gt;&gt;</a>&nbsp;&nbsp;&nbsp;mapp_CmdlenIsOK
<LI><a href="#[174]">&gt;&gt;</a>&nbsp;&nbsp;&nbsp;get_usbplayer_ctrl
<LI><a href="#[173]">&gt;&gt;</a>&nbsp;&nbsp;&nbsp;get_out_delay_time
<LI><a href="#[172]">&gt;&gt;</a>&nbsp;&nbsp;&nbsp;get_out_delay_ctrl
<LI><a href="#[171]">&gt;&gt;</a>&nbsp;&nbsp;&nbsp;get_matrixswitch
<LI><a href="#[170]">&gt;&gt;</a>&nbsp;&nbsp;&nbsp;get_in_test_signal_level
<LI><a href="#[16f]">&gt;&gt;</a>&nbsp;&nbsp;&nbsp;get_in_test_signal_freq
<LI><a href="#[16e]">&gt;&gt;</a>&nbsp;&nbsp;&nbsp;get_in_test_signal_ctrl
<LI><a href="#[16d]">&gt;&gt;</a>&nbsp;&nbsp;&nbsp;get_in_sensitivity
<LI><a href="#[16c]">&gt;&gt;</a>&nbsp;&nbsp;&nbsp;get_in_reversephase
<LI><a href="#[16b]">&gt;&gt;</a>&nbsp;&nbsp;&nbsp;get_in_noise_suppressor_threshold
<LI><a href="#[16a]">&gt;&gt;</a>&nbsp;&nbsp;&nbsp;get_in_noise_suppressor_start_time
<LI><a href="#[169]">&gt;&gt;</a>&nbsp;&nbsp;&nbsp;get_in_noise_suppressor_rel_time
<LI><a href="#[168]">&gt;&gt;</a>&nbsp;&nbsp;&nbsp;get_in_noise_suppressor_ratio
<LI><a href="#[167]">&gt;&gt;</a>&nbsp;&nbsp;&nbsp;get_in_noise_suppressor_grade
<LI><a href="#[166]">&gt;&gt;</a>&nbsp;&nbsp;&nbsp;get_in_noise_suppressor_ctrl
<LI><a href="#[165]">&gt;&gt;</a>&nbsp;&nbsp;&nbsp;get_in_mute
<LI><a href="#[164]">&gt;&gt;</a>&nbsp;&nbsp;&nbsp;get_in_l_freq_exciter_grade
<LI><a href="#[163]">&gt;&gt;</a>&nbsp;&nbsp;&nbsp;get_in_howling_suppressor_grade
<LI><a href="#[162]">&gt;&gt;</a>&nbsp;&nbsp;&nbsp;get_in_howling_suppressor_freq_shift
<LI><a href="#[161]">&gt;&gt;</a>&nbsp;&nbsp;&nbsp;get_in_howling_suppressor_ctrl
<LI><a href="#[160]">&gt;&gt;</a>&nbsp;&nbsp;&nbsp;get_in_h_freq_exciter_grade
<LI><a href="#[15f]">&gt;&gt;</a>&nbsp;&nbsp;&nbsp;get_in_gain
<LI><a href="#[15e]">&gt;&gt;</a>&nbsp;&nbsp;&nbsp;get_in_exciter_ctrl
<LI><a href="#[15d]">&gt;&gt;</a>&nbsp;&nbsp;&nbsp;get_in_echo_canceller_grade
<LI><a href="#[15c]">&gt;&gt;</a>&nbsp;&nbsp;&nbsp;get_in_echo_canceller_ctrl
<LI><a href="#[15b]">&gt;&gt;</a>&nbsp;&nbsp;&nbsp;get_in_ducking_threshold
<LI><a href="#[15a]">&gt;&gt;</a>&nbsp;&nbsp;&nbsp;get_in_ducking_start_time
<LI><a href="#[159]">&gt;&gt;</a>&nbsp;&nbsp;&nbsp;get_in_ducking_rel_time
<LI><a href="#[158]">&gt;&gt;</a>&nbsp;&nbsp;&nbsp;get_in_ducking_hold_time
<LI><a href="#[157]">&gt;&gt;</a>&nbsp;&nbsp;&nbsp;get_in_ducking_gain
<LI><a href="#[156]">&gt;&gt;</a>&nbsp;&nbsp;&nbsp;get_in_ducking_depth
<LI><a href="#[155]">&gt;&gt;</a>&nbsp;&nbsp;&nbsp;get_in_ducking_ctrl
<LI><a href="#[154]">&gt;&gt;</a>&nbsp;&nbsp;&nbsp;get_in_compressor_threshold
<LI><a href="#[153]">&gt;&gt;</a>&nbsp;&nbsp;&nbsp;get_in_compressor_start_time
<LI><a href="#[152]">&gt;&gt;</a>&nbsp;&nbsp;&nbsp;get_in_compressor_rel_time
<LI><a href="#[151]">&gt;&gt;</a>&nbsp;&nbsp;&nbsp;get_in_compressor_ratio
<LI><a href="#[150]">&gt;&gt;</a>&nbsp;&nbsp;&nbsp;get_in_compressor_gain
<LI><a href="#[14f]">&gt;&gt;</a>&nbsp;&nbsp;&nbsp;get_in_compressor_ctrl
<LI><a href="#[14e]">&gt;&gt;</a>&nbsp;&nbsp;&nbsp;get_in_call_input
<LI><a href="#[14d]">&gt;&gt;</a>&nbsp;&nbsp;&nbsp;get_in_background_input
<LI><a href="#[14c]">&gt;&gt;</a>&nbsp;&nbsp;&nbsp;get_in_auto_gain_threshold
<LI><a href="#[14b]">&gt;&gt;</a>&nbsp;&nbsp;&nbsp;get_in_auto_gain_target_threshold
<LI><a href="#[14a]">&gt;&gt;</a>&nbsp;&nbsp;&nbsp;get_in_auto_gain_start_time
<LI><a href="#[149]">&gt;&gt;</a>&nbsp;&nbsp;&nbsp;get_in_auto_gain_rel_time
<LI><a href="#[148]">&gt;&gt;</a>&nbsp;&nbsp;&nbsp;get_in_auto_gain_ratio
<LI><a href="#[147]">&gt;&gt;</a>&nbsp;&nbsp;&nbsp;get_in_auto_gain_ctrl
<LI><a href="#[146]">&gt;&gt;</a>&nbsp;&nbsp;&nbsp;get_in_EQ_type
<LI><a href="#[145]">&gt;&gt;</a>&nbsp;&nbsp;&nbsp;get_in_EQ_quality_factor
</UL>

<P><STRONG><a name="[eb]"></a>strncmp</STRONG> (Thumb, 30 bytes, Stack size 12 bytes, strncmp.o(.text))
<BR><BR>[Stack]<UL><LI>Max Depth = 12<LI>Call Chain = strncmp
</UL>
<BR>[Called By]<UL><LI><a href="#[66]">&gt;&gt;</a>&nbsp;&nbsp;&nbsp;Uart1ParserMethod
<LI><a href="#[1b9]">&gt;&gt;</a>&nbsp;&nbsp;&nbsp;mapp_CmdfuncGetOutputDelayTime
<LI><a href="#[1b8]">&gt;&gt;</a>&nbsp;&nbsp;&nbsp;mapp_CmdfuncGetOutputDelayCtrl
<LI><a href="#[1b7]">&gt;&gt;</a>&nbsp;&nbsp;&nbsp;mapp_CmdfuncGetInputTestSignalLevel
<LI><a href="#[1b6]">&gt;&gt;</a>&nbsp;&nbsp;&nbsp;mapp_CmdfuncGetInputTestSignalFreq
<LI><a href="#[1b5]">&gt;&gt;</a>&nbsp;&nbsp;&nbsp;mapp_CmdfuncGetInputTestSignalCtrl
<LI><a href="#[1b4]">&gt;&gt;</a>&nbsp;&nbsp;&nbsp;mapp_CmdfuncGetInputSensitivity
<LI><a href="#[1b3]">&gt;&gt;</a>&nbsp;&nbsp;&nbsp;mapp_CmdfuncGetInputReversephase
<LI><a href="#[1b2]">&gt;&gt;</a>&nbsp;&nbsp;&nbsp;mapp_CmdfuncGetInputNoiseSuppressorThreshold
<LI><a href="#[1b1]">&gt;&gt;</a>&nbsp;&nbsp;&nbsp;mapp_CmdfuncGetInputNoiseSuppressorStartTime
<LI><a href="#[1b0]">&gt;&gt;</a>&nbsp;&nbsp;&nbsp;mapp_CmdfuncGetInputNoiseSuppressorReleasetime
<LI><a href="#[1af]">&gt;&gt;</a>&nbsp;&nbsp;&nbsp;mapp_CmdfuncGetInputNoiseSuppressorRatio
<LI><a href="#[1ae]">&gt;&gt;</a>&nbsp;&nbsp;&nbsp;mapp_CmdfuncGetInputNoiseSuppressorGrade
<LI><a href="#[1ad]">&gt;&gt;</a>&nbsp;&nbsp;&nbsp;mapp_CmdfuncGetInputNoiseSuppressorCtrl
<LI><a href="#[1ac]">&gt;&gt;</a>&nbsp;&nbsp;&nbsp;mapp_CmdfuncGetInputMute
<LI><a href="#[1ab]">&gt;&gt;</a>&nbsp;&nbsp;&nbsp;mapp_CmdfuncGetInputLfreqExciterGrade
<LI><a href="#[1aa]">&gt;&gt;</a>&nbsp;&nbsp;&nbsp;mapp_CmdfuncGetInputHowlingSuppressorGrade
<LI><a href="#[1a9]">&gt;&gt;</a>&nbsp;&nbsp;&nbsp;mapp_CmdfuncGetInputHowlingSuppressorFreqShift
<LI><a href="#[1a8]">&gt;&gt;</a>&nbsp;&nbsp;&nbsp;mapp_CmdfuncGetInputHowlingSuppressorCtrl
<LI><a href="#[1a7]">&gt;&gt;</a>&nbsp;&nbsp;&nbsp;mapp_CmdfuncGetInputHfreqExciterGrade
<LI><a href="#[1a6]">&gt;&gt;</a>&nbsp;&nbsp;&nbsp;mapp_CmdfuncGetInputGain
<LI><a href="#[1a5]">&gt;&gt;</a>&nbsp;&nbsp;&nbsp;mapp_CmdfuncGetInputExciterCtrl
<LI><a href="#[1a4]">&gt;&gt;</a>&nbsp;&nbsp;&nbsp;mapp_CmdfuncGetInputEchoCancellerGrade
<LI><a href="#[1a3]">&gt;&gt;</a>&nbsp;&nbsp;&nbsp;mapp_CmdfuncGetInputEchoCancellerCtrl
<LI><a href="#[1a2]">&gt;&gt;</a>&nbsp;&nbsp;&nbsp;mapp_CmdfuncGetInputEQType
<LI><a href="#[1a1]">&gt;&gt;</a>&nbsp;&nbsp;&nbsp;mapp_CmdfuncGetInputEQQualityFactor
<LI><a href="#[1a0]">&gt;&gt;</a>&nbsp;&nbsp;&nbsp;mapp_CmdfuncGetInputEQGain
<LI><a href="#[19f]">&gt;&gt;</a>&nbsp;&nbsp;&nbsp;mapp_CmdfuncGetInputEQCtrl
<LI><a href="#[19e]">&gt;&gt;</a>&nbsp;&nbsp;&nbsp;mapp_CmdfuncGetInputDuckingThreshold
<LI><a href="#[19d]">&gt;&gt;</a>&nbsp;&nbsp;&nbsp;mapp_CmdfuncGetInputDuckingStartTime
<LI><a href="#[19c]">&gt;&gt;</a>&nbsp;&nbsp;&nbsp;mapp_CmdfuncGetInputDuckingReleasetime
<LI><a href="#[19b]">&gt;&gt;</a>&nbsp;&nbsp;&nbsp;mapp_CmdfuncGetInputDuckingHoldTime
<LI><a href="#[19a]">&gt;&gt;</a>&nbsp;&nbsp;&nbsp;mapp_CmdfuncGetInputDuckingGain
<LI><a href="#[199]">&gt;&gt;</a>&nbsp;&nbsp;&nbsp;mapp_CmdfuncGetInputDuckingDepth
<LI><a href="#[198]">&gt;&gt;</a>&nbsp;&nbsp;&nbsp;mapp_CmdfuncGetInputDuckingCtrl
<LI><a href="#[197]">&gt;&gt;</a>&nbsp;&nbsp;&nbsp;mapp_CmdfuncGetInputCompressorThreshold
<LI><a href="#[196]">&gt;&gt;</a>&nbsp;&nbsp;&nbsp;mapp_CmdfuncGetInputCompressorStartTime
<LI><a href="#[195]">&gt;&gt;</a>&nbsp;&nbsp;&nbsp;mapp_CmdfuncGetInputCompressorReleasetime
<LI><a href="#[194]">&gt;&gt;</a>&nbsp;&nbsp;&nbsp;mapp_CmdfuncGetInputCompressorRatio
<LI><a href="#[193]">&gt;&gt;</a>&nbsp;&nbsp;&nbsp;mapp_CmdfuncGetInputCompressorGain
<LI><a href="#[192]">&gt;&gt;</a>&nbsp;&nbsp;&nbsp;mapp_CmdfuncGetInputCompressorCtrl
<LI><a href="#[191]">&gt;&gt;</a>&nbsp;&nbsp;&nbsp;mapp_CmdfuncGetInputCallInput
<LI><a href="#[190]">&gt;&gt;</a>&nbsp;&nbsp;&nbsp;mapp_CmdfuncGetInputBackgroundInput
<LI><a href="#[18f]">&gt;&gt;</a>&nbsp;&nbsp;&nbsp;mapp_CmdfuncGetInputAutoGainThreshold
<LI><a href="#[18e]">&gt;&gt;</a>&nbsp;&nbsp;&nbsp;mapp_CmdfuncGetInputAutoGainTargetThreshold
<LI><a href="#[18d]">&gt;&gt;</a>&nbsp;&nbsp;&nbsp;mapp_CmdfuncGetInputAutoGainStartTime
<LI><a href="#[18c]">&gt;&gt;</a>&nbsp;&nbsp;&nbsp;mapp_CmdfuncGetInputAutoGainReleasetime
<LI><a href="#[18b]">&gt;&gt;</a>&nbsp;&nbsp;&nbsp;mapp_CmdfuncGetInputAutoGainRatio
<LI><a href="#[189]">&gt;&gt;</a>&nbsp;&nbsp;&nbsp;mapp_CmdfuncGetInputAutoGainCtrl
<LI><a href="#[ec]">&gt;&gt;</a>&nbsp;&nbsp;&nbsp;mapp_UsartSystemCmdFun
<LI><a href="#[ed]">&gt;&gt;</a>&nbsp;&nbsp;&nbsp;mapp_MultiCmdMatchFunction
<LI><a href="#[224]">&gt;&gt;</a>&nbsp;&nbsp;&nbsp;mapp_CommandFunctionProcess
</UL>

<P><STRONG><a name="[18a]"></a>strtok</STRONG> (Thumb, 62 bytes, Stack size 16 bytes, strtok.o(.text))
<BR><BR>[Stack]<UL><LI>Max Depth = 16<LI>Call Chain = strtok
</UL>
<BR>[Called By]<UL><LI><a href="#[222]">&gt;&gt;</a>&nbsp;&nbsp;&nbsp;mapp_CmdfuncSetUSBplayerCtrl
<LI><a href="#[221]">&gt;&gt;</a>&nbsp;&nbsp;&nbsp;mapp_CmdfuncSetOutputDelayTime
<LI><a href="#[220]">&gt;&gt;</a>&nbsp;&nbsp;&nbsp;mapp_CmdfuncSetOutputDelayCtrl
<LI><a href="#[21f]">&gt;&gt;</a>&nbsp;&nbsp;&nbsp;mapp_CmdfuncSetMatrixSwitching
<LI><a href="#[21e]">&gt;&gt;</a>&nbsp;&nbsp;&nbsp;mapp_CmdfuncSetInputTestSignalLevel
<LI><a href="#[21d]">&gt;&gt;</a>&nbsp;&nbsp;&nbsp;mapp_CmdfuncSetInputTestSignalFreq
<LI><a href="#[21c]">&gt;&gt;</a>&nbsp;&nbsp;&nbsp;mapp_CmdfuncSetInputTestSignalCtrl
<LI><a href="#[21b]">&gt;&gt;</a>&nbsp;&nbsp;&nbsp;mapp_CmdfuncSetInputSensitivity
<LI><a href="#[21a]">&gt;&gt;</a>&nbsp;&nbsp;&nbsp;mapp_CmdfuncSetInputReversephase
<LI><a href="#[219]">&gt;&gt;</a>&nbsp;&nbsp;&nbsp;mapp_CmdfuncSetInputNoiseSuppressorThreshold
<LI><a href="#[218]">&gt;&gt;</a>&nbsp;&nbsp;&nbsp;mapp_CmdfuncSetInputNoiseSuppressorStartTime
<LI><a href="#[217]">&gt;&gt;</a>&nbsp;&nbsp;&nbsp;mapp_CmdfuncSetInputNoiseSuppressorReleaseTime
<LI><a href="#[216]">&gt;&gt;</a>&nbsp;&nbsp;&nbsp;mapp_CmdfuncSetInputNoiseSuppressorRatio
<LI><a href="#[215]">&gt;&gt;</a>&nbsp;&nbsp;&nbsp;mapp_CmdfuncSetInputNoiseSuppressorGrade
<LI><a href="#[214]">&gt;&gt;</a>&nbsp;&nbsp;&nbsp;mapp_CmdfuncSetInputNoiseSuppressorCtrl
<LI><a href="#[213]">&gt;&gt;</a>&nbsp;&nbsp;&nbsp;mapp_CmdfuncSetInputMute
<LI><a href="#[212]">&gt;&gt;</a>&nbsp;&nbsp;&nbsp;mapp_CmdfuncSetInputLfreqExciterGrade
<LI><a href="#[211]">&gt;&gt;</a>&nbsp;&nbsp;&nbsp;mapp_CmdfuncSetInputHowlingSuppressorGrade
<LI><a href="#[210]">&gt;&gt;</a>&nbsp;&nbsp;&nbsp;mapp_CmdfuncSetInputHowlingSuppressorFreqShift
<LI><a href="#[20f]">&gt;&gt;</a>&nbsp;&nbsp;&nbsp;mapp_CmdfuncSetInputHowlingSuppressorCtrl
<LI><a href="#[20e]">&gt;&gt;</a>&nbsp;&nbsp;&nbsp;mapp_CmdfuncSetInputHfreqExciterGrade
<LI><a href="#[20d]">&gt;&gt;</a>&nbsp;&nbsp;&nbsp;mapp_CmdfuncSetInputGain
<LI><a href="#[20c]">&gt;&gt;</a>&nbsp;&nbsp;&nbsp;mapp_CmdfuncSetInputExciterCtrl
<LI><a href="#[20b]">&gt;&gt;</a>&nbsp;&nbsp;&nbsp;mapp_CmdfuncSetInputEchoCancellerGrade
<LI><a href="#[20a]">&gt;&gt;</a>&nbsp;&nbsp;&nbsp;mapp_CmdfuncSetInputEchoCancellerCtrl
<LI><a href="#[209]">&gt;&gt;</a>&nbsp;&nbsp;&nbsp;mapp_CmdfuncSetInputEQType
<LI><a href="#[208]">&gt;&gt;</a>&nbsp;&nbsp;&nbsp;mapp_CmdfuncSetInputEQQualityFactor
<LI><a href="#[207]">&gt;&gt;</a>&nbsp;&nbsp;&nbsp;mapp_CmdfuncSetInputEQGain
<LI><a href="#[206]">&gt;&gt;</a>&nbsp;&nbsp;&nbsp;mapp_CmdfuncSetInputEQCtrl
<LI><a href="#[205]">&gt;&gt;</a>&nbsp;&nbsp;&nbsp;mapp_CmdfuncSetInputDuckingThreshold
<LI><a href="#[204]">&gt;&gt;</a>&nbsp;&nbsp;&nbsp;mapp_CmdfuncSetInputDuckingStartTime
<LI><a href="#[203]">&gt;&gt;</a>&nbsp;&nbsp;&nbsp;mapp_CmdfuncSetInputDuckingReleaseTime
<LI><a href="#[202]">&gt;&gt;</a>&nbsp;&nbsp;&nbsp;mapp_CmdfuncSetInputDuckingHoldTime
<LI><a href="#[201]">&gt;&gt;</a>&nbsp;&nbsp;&nbsp;mapp_CmdfuncSetInputDuckingGain
<LI><a href="#[200]">&gt;&gt;</a>&nbsp;&nbsp;&nbsp;mapp_CmdfuncSetInputDuckingDepth
<LI><a href="#[1ff]">&gt;&gt;</a>&nbsp;&nbsp;&nbsp;mapp_CmdfuncSetInputDuckingCtrl
<LI><a href="#[1fe]">&gt;&gt;</a>&nbsp;&nbsp;&nbsp;mapp_CmdfuncSetInputCompressorThreshold
<LI><a href="#[1fd]">&gt;&gt;</a>&nbsp;&nbsp;&nbsp;mapp_CmdfuncSetInputCompressorStartTime
<LI><a href="#[1fc]">&gt;&gt;</a>&nbsp;&nbsp;&nbsp;mapp_CmdfuncSetInputCompressorReleaseTime
<LI><a href="#[1fb]">&gt;&gt;</a>&nbsp;&nbsp;&nbsp;mapp_CmdfuncSetInputCompressorRatio
<LI><a href="#[1fa]">&gt;&gt;</a>&nbsp;&nbsp;&nbsp;mapp_CmdfuncSetInputCompressorGain
<LI><a href="#[1f9]">&gt;&gt;</a>&nbsp;&nbsp;&nbsp;mapp_CmdfuncSetInputCompressorCtrl
<LI><a href="#[1f8]">&gt;&gt;</a>&nbsp;&nbsp;&nbsp;mapp_CmdfuncSetInputCallInput
<LI><a href="#[1f7]">&gt;&gt;</a>&nbsp;&nbsp;&nbsp;mapp_CmdfuncSetInputBackgroundInput
<LI><a href="#[1f6]">&gt;&gt;</a>&nbsp;&nbsp;&nbsp;mapp_CmdfuncSetInputAutoGainThreshold
<LI><a href="#[1f5]">&gt;&gt;</a>&nbsp;&nbsp;&nbsp;mapp_CmdfuncSetInputAutoGainTargetThreshold
<LI><a href="#[1f4]">&gt;&gt;</a>&nbsp;&nbsp;&nbsp;mapp_CmdfuncSetInputAutoGainStartTime
<LI><a href="#[1f3]">&gt;&gt;</a>&nbsp;&nbsp;&nbsp;mapp_CmdfuncSetInputAutoGainReleaseTime
<LI><a href="#[1f2]">&gt;&gt;</a>&nbsp;&nbsp;&nbsp;mapp_CmdfuncSetInputAutoGainRatio
<LI><a href="#[1f1]">&gt;&gt;</a>&nbsp;&nbsp;&nbsp;mapp_CmdfuncSetInputAutoGainCtrl
<LI><a href="#[1b9]">&gt;&gt;</a>&nbsp;&nbsp;&nbsp;mapp_CmdfuncGetOutputDelayTime
<LI><a href="#[1b8]">&gt;&gt;</a>&nbsp;&nbsp;&nbsp;mapp_CmdfuncGetOutputDelayCtrl
<LI><a href="#[1b7]">&gt;&gt;</a>&nbsp;&nbsp;&nbsp;mapp_CmdfuncGetInputTestSignalLevel
<LI><a href="#[1b6]">&gt;&gt;</a>&nbsp;&nbsp;&nbsp;mapp_CmdfuncGetInputTestSignalFreq
<LI><a href="#[1b5]">&gt;&gt;</a>&nbsp;&nbsp;&nbsp;mapp_CmdfuncGetInputTestSignalCtrl
<LI><a href="#[1b4]">&gt;&gt;</a>&nbsp;&nbsp;&nbsp;mapp_CmdfuncGetInputSensitivity
<LI><a href="#[1b3]">&gt;&gt;</a>&nbsp;&nbsp;&nbsp;mapp_CmdfuncGetInputReversephase
<LI><a href="#[1b2]">&gt;&gt;</a>&nbsp;&nbsp;&nbsp;mapp_CmdfuncGetInputNoiseSuppressorThreshold
<LI><a href="#[1b1]">&gt;&gt;</a>&nbsp;&nbsp;&nbsp;mapp_CmdfuncGetInputNoiseSuppressorStartTime
<LI><a href="#[1b0]">&gt;&gt;</a>&nbsp;&nbsp;&nbsp;mapp_CmdfuncGetInputNoiseSuppressorReleasetime
<LI><a href="#[1af]">&gt;&gt;</a>&nbsp;&nbsp;&nbsp;mapp_CmdfuncGetInputNoiseSuppressorRatio
<LI><a href="#[1ae]">&gt;&gt;</a>&nbsp;&nbsp;&nbsp;mapp_CmdfuncGetInputNoiseSuppressorGrade
<LI><a href="#[1ad]">&gt;&gt;</a>&nbsp;&nbsp;&nbsp;mapp_CmdfuncGetInputNoiseSuppressorCtrl
<LI><a href="#[1ac]">&gt;&gt;</a>&nbsp;&nbsp;&nbsp;mapp_CmdfuncGetInputMute
<LI><a href="#[1ab]">&gt;&gt;</a>&nbsp;&nbsp;&nbsp;mapp_CmdfuncGetInputLfreqExciterGrade
<LI><a href="#[1aa]">&gt;&gt;</a>&nbsp;&nbsp;&nbsp;mapp_CmdfuncGetInputHowlingSuppressorGrade
<LI><a href="#[1a9]">&gt;&gt;</a>&nbsp;&nbsp;&nbsp;mapp_CmdfuncGetInputHowlingSuppressorFreqShift
<LI><a href="#[1a8]">&gt;&gt;</a>&nbsp;&nbsp;&nbsp;mapp_CmdfuncGetInputHowlingSuppressorCtrl
<LI><a href="#[1a7]">&gt;&gt;</a>&nbsp;&nbsp;&nbsp;mapp_CmdfuncGetInputHfreqExciterGrade
<LI><a href="#[1a6]">&gt;&gt;</a>&nbsp;&nbsp;&nbsp;mapp_CmdfuncGetInputGain
<LI><a href="#[1a5]">&gt;&gt;</a>&nbsp;&nbsp;&nbsp;mapp_CmdfuncGetInputExciterCtrl
<LI><a href="#[1a4]">&gt;&gt;</a>&nbsp;&nbsp;&nbsp;mapp_CmdfuncGetInputEchoCancellerGrade
<LI><a href="#[1a3]">&gt;&gt;</a>&nbsp;&nbsp;&nbsp;mapp_CmdfuncGetInputEchoCancellerCtrl
<LI><a href="#[1a2]">&gt;&gt;</a>&nbsp;&nbsp;&nbsp;mapp_CmdfuncGetInputEQType
<LI><a href="#[1a1]">&gt;&gt;</a>&nbsp;&nbsp;&nbsp;mapp_CmdfuncGetInputEQQualityFactor
<LI><a href="#[1a0]">&gt;&gt;</a>&nbsp;&nbsp;&nbsp;mapp_CmdfuncGetInputEQGain
<LI><a href="#[19f]">&gt;&gt;</a>&nbsp;&nbsp;&nbsp;mapp_CmdfuncGetInputEQCtrl
<LI><a href="#[19e]">&gt;&gt;</a>&nbsp;&nbsp;&nbsp;mapp_CmdfuncGetInputDuckingThreshold
<LI><a href="#[19d]">&gt;&gt;</a>&nbsp;&nbsp;&nbsp;mapp_CmdfuncGetInputDuckingStartTime
<LI><a href="#[19c]">&gt;&gt;</a>&nbsp;&nbsp;&nbsp;mapp_CmdfuncGetInputDuckingReleasetime
<LI><a href="#[19b]">&gt;&gt;</a>&nbsp;&nbsp;&nbsp;mapp_CmdfuncGetInputDuckingHoldTime
<LI><a href="#[19a]">&gt;&gt;</a>&nbsp;&nbsp;&nbsp;mapp_CmdfuncGetInputDuckingGain
<LI><a href="#[199]">&gt;&gt;</a>&nbsp;&nbsp;&nbsp;mapp_CmdfuncGetInputDuckingDepth
<LI><a href="#[198]">&gt;&gt;</a>&nbsp;&nbsp;&nbsp;mapp_CmdfuncGetInputDuckingCtrl
<LI><a href="#[197]">&gt;&gt;</a>&nbsp;&nbsp;&nbsp;mapp_CmdfuncGetInputCompressorThreshold
<LI><a href="#[196]">&gt;&gt;</a>&nbsp;&nbsp;&nbsp;mapp_CmdfuncGetInputCompressorStartTime
<LI><a href="#[195]">&gt;&gt;</a>&nbsp;&nbsp;&nbsp;mapp_CmdfuncGetInputCompressorReleasetime
<LI><a href="#[194]">&gt;&gt;</a>&nbsp;&nbsp;&nbsp;mapp_CmdfuncGetInputCompressorRatio
<LI><a href="#[193]">&gt;&gt;</a>&nbsp;&nbsp;&nbsp;mapp_CmdfuncGetInputCompressorGain
<LI><a href="#[192]">&gt;&gt;</a>&nbsp;&nbsp;&nbsp;mapp_CmdfuncGetInputCompressorCtrl
<LI><a href="#[191]">&gt;&gt;</a>&nbsp;&nbsp;&nbsp;mapp_CmdfuncGetInputCallInput
<LI><a href="#[190]">&gt;&gt;</a>&nbsp;&nbsp;&nbsp;mapp_CmdfuncGetInputBackgroundInput
<LI><a href="#[18f]">&gt;&gt;</a>&nbsp;&nbsp;&nbsp;mapp_CmdfuncGetInputAutoGainThreshold
<LI><a href="#[18e]">&gt;&gt;</a>&nbsp;&nbsp;&nbsp;mapp_CmdfuncGetInputAutoGainTargetThreshold
<LI><a href="#[18d]">&gt;&gt;</a>&nbsp;&nbsp;&nbsp;mapp_CmdfuncGetInputAutoGainStartTime
<LI><a href="#[18c]">&gt;&gt;</a>&nbsp;&nbsp;&nbsp;mapp_CmdfuncGetInputAutoGainReleasetime
<LI><a href="#[18b]">&gt;&gt;</a>&nbsp;&nbsp;&nbsp;mapp_CmdfuncGetInputAutoGainRatio
<LI><a href="#[189]">&gt;&gt;</a>&nbsp;&nbsp;&nbsp;mapp_CmdfuncGetInputAutoGainCtrl
<LI><a href="#[224]">&gt;&gt;</a>&nbsp;&nbsp;&nbsp;mapp_CommandFunctionProcess
</UL>

<P><STRONG><a name="[76]"></a>atoi</STRONG> (Thumb, 26 bytes, Stack size 16 bytes, atoi.o(.text))
<BR><BR>[Stack]<UL><LI>Max Depth = 88<LI>Call Chain = atoi &rArr; strtol &rArr; _strtoul
</UL>
<BR>[Calls]<UL><LI><a href="#[78]">&gt;&gt;</a>&nbsp;&nbsp;&nbsp;strtol
<LI><a href="#[77]">&gt;&gt;</a>&nbsp;&nbsp;&nbsp;__aeabi_errno_addr
</UL>
<BR>[Called By]<UL><LI><a href="#[222]">&gt;&gt;</a>&nbsp;&nbsp;&nbsp;mapp_CmdfuncSetUSBplayerCtrl
<LI><a href="#[221]">&gt;&gt;</a>&nbsp;&nbsp;&nbsp;mapp_CmdfuncSetOutputDelayTime
<LI><a href="#[220]">&gt;&gt;</a>&nbsp;&nbsp;&nbsp;mapp_CmdfuncSetOutputDelayCtrl
<LI><a href="#[21f]">&gt;&gt;</a>&nbsp;&nbsp;&nbsp;mapp_CmdfuncSetMatrixSwitching
<LI><a href="#[21e]">&gt;&gt;</a>&nbsp;&nbsp;&nbsp;mapp_CmdfuncSetInputTestSignalLevel
<LI><a href="#[21d]">&gt;&gt;</a>&nbsp;&nbsp;&nbsp;mapp_CmdfuncSetInputTestSignalFreq
<LI><a href="#[21c]">&gt;&gt;</a>&nbsp;&nbsp;&nbsp;mapp_CmdfuncSetInputTestSignalCtrl
<LI><a href="#[21b]">&gt;&gt;</a>&nbsp;&nbsp;&nbsp;mapp_CmdfuncSetInputSensitivity
<LI><a href="#[21a]">&gt;&gt;</a>&nbsp;&nbsp;&nbsp;mapp_CmdfuncSetInputReversephase
<LI><a href="#[219]">&gt;&gt;</a>&nbsp;&nbsp;&nbsp;mapp_CmdfuncSetInputNoiseSuppressorThreshold
<LI><a href="#[218]">&gt;&gt;</a>&nbsp;&nbsp;&nbsp;mapp_CmdfuncSetInputNoiseSuppressorStartTime
<LI><a href="#[217]">&gt;&gt;</a>&nbsp;&nbsp;&nbsp;mapp_CmdfuncSetInputNoiseSuppressorReleaseTime
<LI><a href="#[216]">&gt;&gt;</a>&nbsp;&nbsp;&nbsp;mapp_CmdfuncSetInputNoiseSuppressorRatio
<LI><a href="#[215]">&gt;&gt;</a>&nbsp;&nbsp;&nbsp;mapp_CmdfuncSetInputNoiseSuppressorGrade
<LI><a href="#[214]">&gt;&gt;</a>&nbsp;&nbsp;&nbsp;mapp_CmdfuncSetInputNoiseSuppressorCtrl
<LI><a href="#[213]">&gt;&gt;</a>&nbsp;&nbsp;&nbsp;mapp_CmdfuncSetInputMute
<LI><a href="#[212]">&gt;&gt;</a>&nbsp;&nbsp;&nbsp;mapp_CmdfuncSetInputLfreqExciterGrade
<LI><a href="#[211]">&gt;&gt;</a>&nbsp;&nbsp;&nbsp;mapp_CmdfuncSetInputHowlingSuppressorGrade
<LI><a href="#[210]">&gt;&gt;</a>&nbsp;&nbsp;&nbsp;mapp_CmdfuncSetInputHowlingSuppressorFreqShift
<LI><a href="#[20f]">&gt;&gt;</a>&nbsp;&nbsp;&nbsp;mapp_CmdfuncSetInputHowlingSuppressorCtrl
<LI><a href="#[20e]">&gt;&gt;</a>&nbsp;&nbsp;&nbsp;mapp_CmdfuncSetInputHfreqExciterGrade
<LI><a href="#[20d]">&gt;&gt;</a>&nbsp;&nbsp;&nbsp;mapp_CmdfuncSetInputGain
<LI><a href="#[20c]">&gt;&gt;</a>&nbsp;&nbsp;&nbsp;mapp_CmdfuncSetInputExciterCtrl
<LI><a href="#[20b]">&gt;&gt;</a>&nbsp;&nbsp;&nbsp;mapp_CmdfuncSetInputEchoCancellerGrade
<LI><a href="#[20a]">&gt;&gt;</a>&nbsp;&nbsp;&nbsp;mapp_CmdfuncSetInputEchoCancellerCtrl
<LI><a href="#[209]">&gt;&gt;</a>&nbsp;&nbsp;&nbsp;mapp_CmdfuncSetInputEQType
<LI><a href="#[208]">&gt;&gt;</a>&nbsp;&nbsp;&nbsp;mapp_CmdfuncSetInputEQQualityFactor
<LI><a href="#[207]">&gt;&gt;</a>&nbsp;&nbsp;&nbsp;mapp_CmdfuncSetInputEQGain
<LI><a href="#[206]">&gt;&gt;</a>&nbsp;&nbsp;&nbsp;mapp_CmdfuncSetInputEQCtrl
<LI><a href="#[205]">&gt;&gt;</a>&nbsp;&nbsp;&nbsp;mapp_CmdfuncSetInputDuckingThreshold
<LI><a href="#[204]">&gt;&gt;</a>&nbsp;&nbsp;&nbsp;mapp_CmdfuncSetInputDuckingStartTime
<LI><a href="#[203]">&gt;&gt;</a>&nbsp;&nbsp;&nbsp;mapp_CmdfuncSetInputDuckingReleaseTime
<LI><a href="#[202]">&gt;&gt;</a>&nbsp;&nbsp;&nbsp;mapp_CmdfuncSetInputDuckingHoldTime
<LI><a href="#[201]">&gt;&gt;</a>&nbsp;&nbsp;&nbsp;mapp_CmdfuncSetInputDuckingGain
<LI><a href="#[200]">&gt;&gt;</a>&nbsp;&nbsp;&nbsp;mapp_CmdfuncSetInputDuckingDepth
<LI><a href="#[1ff]">&gt;&gt;</a>&nbsp;&nbsp;&nbsp;mapp_CmdfuncSetInputDuckingCtrl
<LI><a href="#[1fe]">&gt;&gt;</a>&nbsp;&nbsp;&nbsp;mapp_CmdfuncSetInputCompressorThreshold
<LI><a href="#[1fd]">&gt;&gt;</a>&nbsp;&nbsp;&nbsp;mapp_CmdfuncSetInputCompressorStartTime
<LI><a href="#[1fc]">&gt;&gt;</a>&nbsp;&nbsp;&nbsp;mapp_CmdfuncSetInputCompressorReleaseTime
<LI><a href="#[1fb]">&gt;&gt;</a>&nbsp;&nbsp;&nbsp;mapp_CmdfuncSetInputCompressorRatio
<LI><a href="#[1fa]">&gt;&gt;</a>&nbsp;&nbsp;&nbsp;mapp_CmdfuncSetInputCompressorGain
<LI><a href="#[1f9]">&gt;&gt;</a>&nbsp;&nbsp;&nbsp;mapp_CmdfuncSetInputCompressorCtrl
<LI><a href="#[1f8]">&gt;&gt;</a>&nbsp;&nbsp;&nbsp;mapp_CmdfuncSetInputCallInput
<LI><a href="#[1f7]">&gt;&gt;</a>&nbsp;&nbsp;&nbsp;mapp_CmdfuncSetInputBackgroundInput
<LI><a href="#[1f6]">&gt;&gt;</a>&nbsp;&nbsp;&nbsp;mapp_CmdfuncSetInputAutoGainThreshold
<LI><a href="#[1f5]">&gt;&gt;</a>&nbsp;&nbsp;&nbsp;mapp_CmdfuncSetInputAutoGainTargetThreshold
<LI><a href="#[1f4]">&gt;&gt;</a>&nbsp;&nbsp;&nbsp;mapp_CmdfuncSetInputAutoGainStartTime
<LI><a href="#[1f3]">&gt;&gt;</a>&nbsp;&nbsp;&nbsp;mapp_CmdfuncSetInputAutoGainReleaseTime
<LI><a href="#[1f2]">&gt;&gt;</a>&nbsp;&nbsp;&nbsp;mapp_CmdfuncSetInputAutoGainRatio
<LI><a href="#[1f1]">&gt;&gt;</a>&nbsp;&nbsp;&nbsp;mapp_CmdfuncSetInputAutoGainCtrl
<LI><a href="#[1ba]">&gt;&gt;</a>&nbsp;&nbsp;&nbsp;mapp_CmdfuncSetAllAudioOutput
<LI><a href="#[1b9]">&gt;&gt;</a>&nbsp;&nbsp;&nbsp;mapp_CmdfuncGetOutputDelayTime
<LI><a href="#[1b8]">&gt;&gt;</a>&nbsp;&nbsp;&nbsp;mapp_CmdfuncGetOutputDelayCtrl
<LI><a href="#[1b7]">&gt;&gt;</a>&nbsp;&nbsp;&nbsp;mapp_CmdfuncGetInputTestSignalLevel
<LI><a href="#[1b6]">&gt;&gt;</a>&nbsp;&nbsp;&nbsp;mapp_CmdfuncGetInputTestSignalFreq
<LI><a href="#[1b5]">&gt;&gt;</a>&nbsp;&nbsp;&nbsp;mapp_CmdfuncGetInputTestSignalCtrl
<LI><a href="#[1b4]">&gt;&gt;</a>&nbsp;&nbsp;&nbsp;mapp_CmdfuncGetInputSensitivity
<LI><a href="#[1b3]">&gt;&gt;</a>&nbsp;&nbsp;&nbsp;mapp_CmdfuncGetInputReversephase
<LI><a href="#[1b2]">&gt;&gt;</a>&nbsp;&nbsp;&nbsp;mapp_CmdfuncGetInputNoiseSuppressorThreshold
<LI><a href="#[1b1]">&gt;&gt;</a>&nbsp;&nbsp;&nbsp;mapp_CmdfuncGetInputNoiseSuppressorStartTime
<LI><a href="#[1b0]">&gt;&gt;</a>&nbsp;&nbsp;&nbsp;mapp_CmdfuncGetInputNoiseSuppressorReleasetime
<LI><a href="#[1af]">&gt;&gt;</a>&nbsp;&nbsp;&nbsp;mapp_CmdfuncGetInputNoiseSuppressorRatio
<LI><a href="#[1ae]">&gt;&gt;</a>&nbsp;&nbsp;&nbsp;mapp_CmdfuncGetInputNoiseSuppressorGrade
<LI><a href="#[1ad]">&gt;&gt;</a>&nbsp;&nbsp;&nbsp;mapp_CmdfuncGetInputNoiseSuppressorCtrl
<LI><a href="#[1ac]">&gt;&gt;</a>&nbsp;&nbsp;&nbsp;mapp_CmdfuncGetInputMute
<LI><a href="#[1ab]">&gt;&gt;</a>&nbsp;&nbsp;&nbsp;mapp_CmdfuncGetInputLfreqExciterGrade
<LI><a href="#[1aa]">&gt;&gt;</a>&nbsp;&nbsp;&nbsp;mapp_CmdfuncGetInputHowlingSuppressorGrade
<LI><a href="#[1a9]">&gt;&gt;</a>&nbsp;&nbsp;&nbsp;mapp_CmdfuncGetInputHowlingSuppressorFreqShift
<LI><a href="#[1a8]">&gt;&gt;</a>&nbsp;&nbsp;&nbsp;mapp_CmdfuncGetInputHowlingSuppressorCtrl
<LI><a href="#[1a7]">&gt;&gt;</a>&nbsp;&nbsp;&nbsp;mapp_CmdfuncGetInputHfreqExciterGrade
<LI><a href="#[1a6]">&gt;&gt;</a>&nbsp;&nbsp;&nbsp;mapp_CmdfuncGetInputGain
<LI><a href="#[1a5]">&gt;&gt;</a>&nbsp;&nbsp;&nbsp;mapp_CmdfuncGetInputExciterCtrl
<LI><a href="#[1a4]">&gt;&gt;</a>&nbsp;&nbsp;&nbsp;mapp_CmdfuncGetInputEchoCancellerGrade
<LI><a href="#[1a3]">&gt;&gt;</a>&nbsp;&nbsp;&nbsp;mapp_CmdfuncGetInputEchoCancellerCtrl
<LI><a href="#[1a2]">&gt;&gt;</a>&nbsp;&nbsp;&nbsp;mapp_CmdfuncGetInputEQType
<LI><a href="#[1a1]">&gt;&gt;</a>&nbsp;&nbsp;&nbsp;mapp_CmdfuncGetInputEQQualityFactor
<LI><a href="#[1a0]">&gt;&gt;</a>&nbsp;&nbsp;&nbsp;mapp_CmdfuncGetInputEQGain
<LI><a href="#[19f]">&gt;&gt;</a>&nbsp;&nbsp;&nbsp;mapp_CmdfuncGetInputEQCtrl
<LI><a href="#[19e]">&gt;&gt;</a>&nbsp;&nbsp;&nbsp;mapp_CmdfuncGetInputDuckingThreshold
<LI><a href="#[19d]">&gt;&gt;</a>&nbsp;&nbsp;&nbsp;mapp_CmdfuncGetInputDuckingStartTime
<LI><a href="#[19c]">&gt;&gt;</a>&nbsp;&nbsp;&nbsp;mapp_CmdfuncGetInputDuckingReleasetime
<LI><a href="#[19b]">&gt;&gt;</a>&nbsp;&nbsp;&nbsp;mapp_CmdfuncGetInputDuckingHoldTime
<LI><a href="#[19a]">&gt;&gt;</a>&nbsp;&nbsp;&nbsp;mapp_CmdfuncGetInputDuckingGain
<LI><a href="#[199]">&gt;&gt;</a>&nbsp;&nbsp;&nbsp;mapp_CmdfuncGetInputDuckingDepth
<LI><a href="#[198]">&gt;&gt;</a>&nbsp;&nbsp;&nbsp;mapp_CmdfuncGetInputDuckingCtrl
<LI><a href="#[197]">&gt;&gt;</a>&nbsp;&nbsp;&nbsp;mapp_CmdfuncGetInputCompressorThreshold
<LI><a href="#[196]">&gt;&gt;</a>&nbsp;&nbsp;&nbsp;mapp_CmdfuncGetInputCompressorStartTime
<LI><a href="#[195]">&gt;&gt;</a>&nbsp;&nbsp;&nbsp;mapp_CmdfuncGetInputCompressorReleasetime
<LI><a href="#[194]">&gt;&gt;</a>&nbsp;&nbsp;&nbsp;mapp_CmdfuncGetInputCompressorRatio
<LI><a href="#[193]">&gt;&gt;</a>&nbsp;&nbsp;&nbsp;mapp_CmdfuncGetInputCompressorGain
<LI><a href="#[192]">&gt;&gt;</a>&nbsp;&nbsp;&nbsp;mapp_CmdfuncGetInputCompressorCtrl
<LI><a href="#[191]">&gt;&gt;</a>&nbsp;&nbsp;&nbsp;mapp_CmdfuncGetInputCallInput
<LI><a href="#[190]">&gt;&gt;</a>&nbsp;&nbsp;&nbsp;mapp_CmdfuncGetInputBackgroundInput
<LI><a href="#[18f]">&gt;&gt;</a>&nbsp;&nbsp;&nbsp;mapp_CmdfuncGetInputAutoGainThreshold
<LI><a href="#[18e]">&gt;&gt;</a>&nbsp;&nbsp;&nbsp;mapp_CmdfuncGetInputAutoGainTargetThreshold
<LI><a href="#[18d]">&gt;&gt;</a>&nbsp;&nbsp;&nbsp;mapp_CmdfuncGetInputAutoGainStartTime
<LI><a href="#[18c]">&gt;&gt;</a>&nbsp;&nbsp;&nbsp;mapp_CmdfuncGetInputAutoGainReleasetime
<LI><a href="#[18b]">&gt;&gt;</a>&nbsp;&nbsp;&nbsp;mapp_CmdfuncGetInputAutoGainRatio
<LI><a href="#[189]">&gt;&gt;</a>&nbsp;&nbsp;&nbsp;mapp_CmdfuncGetInputAutoGainCtrl
</UL>

<P><STRONG><a name="[79]"></a>__aeabi_dadd</STRONG> (Thumb, 322 bytes, Stack size 48 bytes, dadd.o(.text))
<BR><BR>[Stack]<UL><LI>Max Depth = 88<LI>Call Chain = __aeabi_dadd &rArr; _double_epilogue &rArr; _double_round
</UL>
<BR>[Calls]<UL><LI><a href="#[7a]">&gt;&gt;</a>&nbsp;&nbsp;&nbsp;__aeabi_lasr
<LI><a href="#[72]">&gt;&gt;</a>&nbsp;&nbsp;&nbsp;__aeabi_llsl
[...]
<LI><a href="#[133]">&gt;&gt;</a>&nbsp;&nbsp;&nbsp;app_Output_DelayTime
</UL>
<BR>[Called By]<UL><LI><a href="#[224]">&gt;&gt;</a>&nbsp;&nbsp;&nbsp;mapp_CommandFunctionProcess
</UL>

<P><STRONG><a name="[222]"></a>mapp_CmdfuncSetUSBplayerCtrl</STRONG> (Thumb, 156 bytes, Stack size 24 bytes, bsp.o(i.mapp_CmdfuncSetUSBplayerCtrl))
<BR><BR>[Stack]<UL><LI>Max Depth = 1296<LI>Call Chain = mapp_CmdfuncSetUSBplayerCtrl &rArr; WriteUserData_GUIData &rArr; WriteGUIDataToEep &rArr; eeprom_write &rArr; Uart_printf &rArr; Uart_vsnprintf &rArr; __aeabi_uldivmod
</UL>
<BR>[Calls]<UL><LI><a href="#[76]">&gt;&gt;</a>&nbsp;&nbsp;&nbsp;atoi
<LI><a href="#[18a]">&gt;&gt;</a>&nbsp;&nbsp;&nbsp;strtok
<LI><a href="#[141]">&gt;&gt;</a>&nbsp;&nbsp;&nbsp;strlen
<LI><a href="#[fb]">&gt;&gt;</a>&nbsp;&nbsp;&nbsp;WriteUserData_GUIData
<LI><a href="#[1bc]">&gt;&gt;</a>&nbsp;&nbsp;&nbsp;setJSONToReturnResults
<LI><a href="#[135]">&gt;&gt;</a>&nbsp;&nbsp;&nbsp;app_USBplayer_Ctrl
</UL>
<BR>[Called By]<UL><LI><a href="#[224]">&gt;&gt;</a>&nbsp;&nbsp;&nbsp;mapp_CommandFunctionProcess
</UL>

<P><STRONG><a name="[1bc]"></a>setJSONToReturnResults</STRONG> (Thumb, 8 bytes, Stack size 0 bytes, bsp.o(i.setJSONToReturnResults))
<BR><BR>[Stack]<UL><LI>Max Depth = 1200<LI>Call Chain = setJSONToReturnResults &rArr; Uart_printf &rArr; Uart_vsnprintf &rArr; __aeabi_uldivmod
</UL>
<BR>[Calls]<UL><LI><a href="#[8b]">&gt;&gt;</a>&nbsp;&nbsp;&nbsp;Uart_printf
</UL>
<BR>[Called By]<UL><LI><a href="#[222]">&gt;&gt;</a>&nbsp;&nbsp;&nbsp;mapp_CmdfuncSetUSBplayerCtrl
<LI><a href="#[221]">&gt;&gt;</a>&nbsp;&nbsp;&nbsp;mapp_CmdfuncSetOutputDelayTime
<LI><a href="#[220]">&gt;&gt;</a>&nbsp;&nbsp;&nbsp;mapp_CmdfuncSetOutputDelayCtrl
<LI><a href="#[21f]">&gt;&gt;</a>&nbsp;&nbsp;&nbsp;mapp_CmdfuncSetMatrixSwitching
<LI><a href="#[21e]">&gt;&gt;</a>&nbsp;&nbsp;&nbsp;mapp_CmdfuncSetInputTestSignalLevel
<LI><a href="#[21d]">&gt;&gt;</a>&nbsp;&nbsp;&nbsp;mapp_CmdfuncSetInputTestSignalFreq
<LI><a href="#[21c]">&gt;&gt;</a>&nbsp;&nbsp;&nbsp;mapp_CmdfuncSetInputTestSignalCtrl
<LI><a href="#[21b]">&gt;&gt;</a>&nbsp;&nbsp;&nbsp;mapp_CmdfuncSetInputSensitivity
<LI><a href="#[21a]">&gt;&gt;</a>&nbsp;&nbsp;&nbsp;mapp_CmdfuncSetInputReversephase
<LI><a href="#[219]">&gt;&gt;</a>&nbsp;&nbsp;&nbsp;mapp_CmdfuncSetInputNoiseSuppressorThreshold
<LI><a href="#[218]">&gt;&gt;</a>&nbsp;&nbsp;&nbsp;mapp_CmdfuncSetInputNoiseSuppressorStartTime
<LI><a href="#[217]">&gt;&gt;</a>&nbsp;&nbsp;&nbsp;mapp_CmdfuncSetInputNoiseSuppressorReleaseTime
<LI><a href="#[216]">&gt;&gt;</a>&nbsp;&nbsp;&nbsp;mapp_CmdfuncSetInputNoiseSuppressorRatio
<LI><a href="#[215]">&gt;&gt;</a>&nbsp;&nbsp;&nbsp;mapp_CmdfuncSetInputNoiseSuppressorGrade
<LI><a href="#[214]">&gt;&gt;</a>&nbsp;&nbsp;&nbsp;mapp_CmdfuncSetInputNoiseSuppressorCtrl
<LI><a href="#[213]">&gt;&gt;</a>&nbsp;&nbsp;&nbsp;mapp_CmdfuncSetInputMute
<LI><a href="#[212]">&gt;&gt;</a>&nbsp;&nbsp;&nbsp;mapp_CmdfuncSetInputLfreqExciterGrade
<LI><a href="#[211]">&gt;&gt;</a>&nbsp;&nbsp;&nbsp;mapp_CmdfuncSetInputHowlingSuppressorGrade
<LI><a href="#[210]">&gt;&gt;</a>&nbsp;&nbsp;&nbsp;mapp_CmdfuncSetInputHowlingSuppressorFreqShift
<LI><a href="#[20f]">&gt;&gt;</a>&nbsp;&nbsp;&nbsp;mapp_CmdfuncSetInputHowlingSuppressorCtrl
<LI><a href="#[20e]">&gt;&gt;</a>&nbsp;&nbsp;&nbsp;mapp_CmdfuncSetInputHfreqExciterGrade
<LI><a href="#[20d]">&gt;&gt;</a>&nbsp;&nbsp;&nbsp;mapp_CmdfuncSetInputGain
<LI><a href="#[20c]">&gt;&gt;</a>&nbsp;&nbsp;&nbsp;mapp_CmdfuncSetInputExciterCtrl
<LI><a href="#[20b]">&gt;&gt;</a>&nbsp;&nbsp;&nbsp;mapp_CmdfuncSetInputEchoCancellerGrade
<LI><a href="#[20a]">&gt;&gt;</a>&nbsp;&nbsp;&nbsp;mapp_CmdfuncSetInputEchoCancellerCtrl
<LI><a href="#[209]">&gt;&gt;</a>&nbsp;&nbsp;&nbsp;mapp_CmdfuncSetInputEQType
<LI><a href="#[208]">&gt;&gt;</a>&nbsp;&nbsp;&nbsp;mapp_CmdfuncSetInputEQQualityFactor
<LI><a href="#[207]">&gt;&gt;</a>&nbsp;&nbsp;&nbsp;mapp_CmdfuncSetInputEQGain
<LI><a href="#[206]">&gt;&gt;</a>&nbsp;&nbsp;&nbsp;mapp_CmdfuncSetInputEQCtrl
<LI><a href="#[205]">&gt;&gt;</a>&nbsp;&nbsp;&nbsp;mapp_CmdfuncSetInputDuckingThreshold
<LI><a href="#[204]">&gt;&gt;</a>&nbsp;&nbsp;&nbsp;mapp_CmdfuncSetInputDuckingStartTime
<LI><a href="#[203]">&gt;&gt;</a>&nbsp;&nbsp;&nbsp;mapp_CmdfuncSetInputDuckingReleaseTime
<LI><a href="#[202]">&gt;&gt;</a>&nbsp;&nbsp;&nbsp;mapp_CmdfuncSetInputDuckingHoldTime
<LI><a href="#[201]">&gt;&gt;</a>&nbsp;&nbsp;&nbsp;mapp_CmdfuncSetInputDuckingGain
<LI><a href="#[200]">&gt;&gt;</a>&nbsp;&nbsp;&nbsp;mapp_CmdfuncSetInputDuckingDepth
<LI><a href="#[1ff]">&gt;&gt;</a>&nbsp;&nbsp;&nbsp;mapp_CmdfuncSetInputDuckingCtrl
<LI><a href="#[1fe]">&gt;&gt;</a>&nbsp;&nbsp;&nbsp;mapp_CmdfuncSetInputCompressorThreshold
<LI><a href="#[1fd]">&gt;&gt;</a>&nbsp;&nbsp;&nbsp;mapp_CmdfuncSetInputCompressorStartTime
<LI><a href="#[1fc]">&gt;&gt;</a>&nbsp;&nbsp;&nbsp;mapp_CmdfuncSetInputCompressorReleaseTime
<LI><a href="#[1fb]">&gt;&gt;</a>&nbsp;&nbsp;&nbsp;mapp_CmdfuncSetInputCompressorRatio
<LI><a href="#[1fa]">&gt;&gt;</a>&nbsp;&nbsp;&nbsp;mapp_CmdfuncSetInputCompressorGain
<LI><a href="#[1f9]">&gt;&gt;</a>&nbsp;&nbsp;&nbsp;mapp_CmdfuncSetInputCompressorCtrl
<LI><a href="#[1f8]">&gt;&gt;</a>&nbsp;&nbsp;&nbsp;mapp_CmdfuncSetInputCallInput
<LI><a href="#[1f7]">&gt;&gt;</a>&nbsp;&nbsp;&nbsp;mapp_CmdfuncSetInputBackgroundInput
<LI><a href="#[1f6]">&gt;&gt;</a>&nbsp;&nbsp;&nbsp;mapp_CmdfuncSetInputAutoGainThreshold
<LI><a href="#[1f5]">&gt;&gt;</a>&nbsp;&nbsp;&nbsp;mapp_CmdfuncSetInputAutoGainTargetThreshold
<LI><a href="#[1f4]">&gt;&gt;</a>&nbsp;&nbsp;&nbsp;mapp_CmdfuncSetInputAutoGainStartTime
<LI><a href="#[1f3]">&gt;&gt;</a>&nbsp;&nbsp;&nbsp;mapp_CmdfuncSetInputAutoGainReleaseTime
<LI><a href="#[1f2]">&gt;&gt;</a>&nbsp;&nbsp;&nbsp;mapp_CmdfuncSetInputAutoGainRatio
<LI><a href="#[1f1]">&gt;&gt;</a>&nbsp;&nbsp;&nbsp;mapp_CmdfuncSetInputAutoGainCtrl
<LI><a href="#[1ba]">&gt;&gt;</a>&nbsp;&nbsp;&nbsp;mapp_CmdfuncSetAllAudioOutput
</UL>

<P><STRONG><a name="[13a]"></a>set_all_data</STRONG> (Thumb, 472 bytes, Stack size 8 bytes, bsp.o(i.set_all_data))
<BR><BR>[Stack]<UL><LI>Max Depth = 1336<LI>Call Chain = set_all_data &rArr; set_in_EQ_type &rArr; WriteUserData_GUIData &rArr; WriteGUIDataToEep &rArr; eeprom_write &rArr; Uart_printf &rArr; Uart_vsnprintf &rArr; __aeabi_uldivmod
</UL>
<BR>[Calls]<UL><LI><a href="#[278]">&gt;&gt;</a>&nbsp;&nbsp;&nbsp;set_usbplayer_ctrl
<LI><a href="#[276]">&gt;&gt;</a>&nbsp;&nbsp;&nbsp;set_out_delay_time
<LI><a href="#[277]">&gt;&gt;</a>&nbsp;&nbsp;&nbsp;set_out_delay_ctrl
<LI><a href="#[275]">&gt;&gt;</a>&nbsp;&nbsp;&nbsp;set_matrixswitch
<LI><a href="#[24d]">&gt;&gt;</a>&nbsp;&nbsp;&nbsp;set_in_test_signal_level
<LI><a href="#[24c]">&gt;&gt;</a>&nbsp;&nbsp;&nbsp;set_in_test_signal_freq
<LI><a href="#[24b]">&gt;&gt;</a>&nbsp;&nbsp;&nbsp;set_in_test_signal_ctrl
<LI><a href="#[247]">&gt;&gt;</a>&nbsp;&nbsp;&nbsp;set_in_sensitivity
<LI><a href="#[24a]">&gt;&gt;</a>&nbsp;&nbsp;&nbsp;set_in_reversephase
<LI><a href="#[262]">&gt;&gt;</a>&nbsp;&nbsp;&nbsp;set_in_noise_suppressor_threshold
<LI><a href="#[264]">&gt;&gt;</a>&nbsp;&nbsp;&nbsp;set_in_noise_suppressor_start_time
<LI><a href="#[265]">&gt;&gt;</a>&nbsp;&nbsp;&nbsp;set_in_noise_suppressor_rel_time
<LI><a href="#[263]">&gt;&gt;</a>&nbsp;&nbsp;&nbsp;set_in_noise_suppressor_ratio
<LI><a href="#[261]">&gt;&gt;</a>&nbsp;&nbsp;&nbsp;set_in_noise_suppressor_grade
<LI><a href="#[266]">&gt;&gt;</a>&nbsp;&nbsp;&nbsp;set_in_noise_suppressor_ctrl
<LI><a href="#[249]">&gt;&gt;</a>&nbsp;&nbsp;&nbsp;set_in_mute
<LI><a href="#[269]">&gt;&gt;</a>&nbsp;&nbsp;&nbsp;set_in_l_freq_exciter_grade
<LI><a href="#[25f]">&gt;&gt;</a>&nbsp;&nbsp;&nbsp;set_in_howling_suppressor_grade
<LI><a href="#[260]">&gt;&gt;</a>&nbsp;&nbsp;&nbsp;set_in_howling_suppressor_freq_shift
<LI><a href="#[25e]">&gt;&gt;</a>&nbsp;&nbsp;&nbsp;set_in_howling_suppressor_ctrl
<LI><a href="#[26a]">&gt;&gt;</a>&nbsp;&nbsp;&nbsp;set_in_h_freq_exciter_grade
<LI><a href="#[248]">&gt;&gt;</a>&nbsp;&nbsp;&nbsp;set_in_gain
<LI><a href="#[26b]">&gt;&gt;</a>&nbsp;&nbsp;&nbsp;set_in_exciter_ctrl
<LI><a href="#[267]">&gt;&gt;</a>&nbsp;&nbsp;&nbsp;set_in_echo_canceller_grade
<LI><a href="#[268]">&gt;&gt;</a>&nbsp;&nbsp;&nbsp;set_in_echo_canceller_ctrl
<LI><a href="#[26f]">&gt;&gt;</a>&nbsp;&nbsp;&nbsp;set_in_ducking_threshold
<LI><a href="#[271]">&gt;&gt;</a>&nbsp;&nbsp;&nbsp;set_in_ducking_start_time
<LI><a href="#[273]">&gt;&gt;</a>&nbsp;&nbsp;&nbsp;set_in_ducking_rel_time
<LI><a href="#[272]">&gt;&gt;</a>&nbsp;&nbsp;&nbsp;set_in_ducking_hold_time
<LI><a href="#[26e]">&gt;&gt;</a>&nbsp;&nbsp;&nbsp;set_in_ducking_gain
<LI><a href="#[270]">&gt;&gt;</a>&nbsp;&nbsp;&nbsp;set_in_ducking_depth
<LI><a href="#[274]">&gt;&gt;</a>&nbsp;&nbsp;&nbsp;set_in_ducking_ctrl
<LI><a href="#[250]">&gt;&gt;</a>&nbsp;&nbsp;&nbsp;set_in_compressor_threshold
<LI><a href="#[252]">&gt;&gt;</a>&nbsp;&nbsp;&nbsp;set_in_compressor_start_time
<LI><a href="#[253]">&gt;&gt;</a>&nbsp;&nbsp;&nbsp;set_in_compressor_rel_time
<LI><a href="#[251]">&gt;&gt;</a>&nbsp;&nbsp;&nbsp;set_in_compressor_ratio
<LI><a href="#[24f]">&gt;&gt;</a>&nbsp;&nbsp;&nbsp;set_in_compressor_gain
<LI><a href="#[24e]">&gt;&gt;</a>&nbsp;&nbsp;&nbsp;set_in_compressor_ctrl
<LI><a href="#[26c]">&gt;&gt;</a>&nbsp;&nbsp;&nbsp;set_in_call_input
<LI><a href="#[26d]">&gt;&gt;</a>&nbsp;&nbsp;&nbsp;set_in_background_input
<LI><a href="#[255]">&gt;&gt;</a>&nbsp;&nbsp;&nbsp;set_in_auto_gain_threshold
<LI><a href="#[256]">&gt;&gt;</a>&nbsp;&nbsp;&nbsp;set_in_auto_gain_tarset_threshold
<LI><a href="#[258]">&gt;&gt;</a>&nbsp;&nbsp;&nbsp;set_in_auto_gain_start_time
<LI><a href="#[259]">&gt;&gt;</a>&nbsp;&nbsp;&nbsp;set_in_auto_gain_rel_time
<LI><a href="#[257]">&gt;&gt;</a>&nbsp;&nbsp;&nbsp;set_in_auto_gain_ratio
<LI><a href="#[254]">&gt;&gt;</a>&nbsp;&nbsp;&nbsp;set_in_auto_gain_ctrl
<LI><a href="#[25a]">&gt;&gt;</a>&nbsp;&nbsp;&nbsp;set_in_EQ_type
<LI><a href="#[25c]">&gt;&gt;</a>&nbsp;&nbsp;&nbsp;set_in_EQ_quality_factor
<LI><a href="#[25b]">&gt;&gt;</a>&nbsp;&nbsp;&nbsp;set_in_EQ_gain
<LI><a href="#[25d]">&gt;&gt;</a>&nbsp;&nbsp;&nbsp;set_in_EQ_ctrl
<LI><a href="#[246]">&gt;&gt;</a>&nbsp;&nbsp;&nbsp;set_all_audio_output
</UL>
<BR>[Called By]<UL><LI><a href="#[138]">&gt;&gt;</a>&nbsp;&nbsp;&nbsp;defaultValue
</UL>

<P><STRONG><a name="[235]"></a>prvCopyDataFromQueue</STRONG> (Thumb, 38 bytes, Stack size 8 bytes, queue.o(i.prvCopyDataFromQueue))
<BR><BR>[Stack]<UL><LI>Max Depth = 16<LI>Call Chain = prvCopyDataFromQueue &rArr; __aeabi_memcpy
</UL>
<BR>[Calls]<UL><LI><a href="#[cc]">&gt;&gt;</a>&nbsp;&nbsp;&nbsp;__aeabi_memcpy
</UL>
<BR>[Called By]<UL><LI><a href="#[279]">&gt;&gt;</a>&nbsp;&nbsp;&nbsp;xQueueReceive
</UL>

<P><STRONG><a name="[236]"></a>prvCopyDataToQueue</STRONG> (Thumb, 108 bytes, Stack size 24 bytes, queue.o(i.prvCopyDataToQueue))
<BR><BR>[Stack]<UL><LI>Max Depth = 32<LI>Call Chain = prvCopyDataToQueue &rArr; __aeabi_memcpy
</UL>
<BR>[Calls]<UL><LI><a href="#[cc]">&gt;&gt;</a>&nbsp;&nbsp;&nbsp;__aeabi_memcpy
<LI><a href="#[237]">&gt;&gt;</a>&nbsp;&nbsp;&nbsp;xTaskPriorityDisinherit
</UL>
<BR>[Called By]<UL><LI><a href="#[ca]">&gt;&gt;</a>&nbsp;&nbsp;&nbsp;xQueueGenericSendFromISR
<LI><a href="#[98]">&gt;&gt;</a>&nbsp;&nbsp;&nbsp;xQueueGenericSend
</UL>

<P><STRONG><a name="[23d]"></a>prvIsQueueEmpty</STRONG> (Thumb, 26 bytes, Stack size 8 bytes, queue.o(i.prvIsQueueEmpty))
<BR><BR>[Stack]<UL><LI>Max Depth = 8<LI>Call Chain = prvIsQueueEmpty
</UL>
<BR>[Calls]<UL><LI><a href="#[97]">&gt;&gt;</a>&nbsp;&nbsp;&nbsp;vPortExitCritical
<LI><a href="#[95]">&gt;&gt;</a>&nbsp;&nbsp;&nbsp;vPortEnterCritical
</UL>
<BR>[Called By]<UL><LI><a href="#[94]">&gt;&gt;</a>&nbsp;&nbsp;&nbsp;xQueueSemaphoreTake
<LI><a href="#[279]">&gt;&gt;</a>&nbsp;&nbsp;&nbsp;xQueueReceive
</UL>

<P><STRONG><a name="[23e]"></a>prvUnlockQueue</STRONG> (Thumb, 106 bytes, Stack size 24 bytes, queue.o(i.prvUnlockQueue))
<BR><BR>[Stack]<UL><LI>Max Depth = 48<LI>Call Chain = prvUnlockQueue &rArr; xTaskRemoveFromEventList
</UL>
<BR>[Calls]<UL><LI><a href="#[23f]">&gt;&gt;</a>&nbsp;&nbsp;&nbsp;xTaskRemoveFromEventList
<LI><a href="#[240]">&gt;&gt;</a>&nbsp;&nbsp;&nbsp;vTaskMissedYield
<LI><a href="#[97]">&gt;&gt;</a>&nbsp;&nbsp;&nbsp;vPortExitCritical
<LI><a href="#[95]">&gt;&gt;</a>&nbsp;&nbsp;&nbsp;vPortEnterCritical
</UL>
<BR>[Called By]<UL><LI><a href="#[94]">&gt;&gt;</a>&nbsp;&nbsp;&nbsp;xQueueSemaphoreTake
<LI><a href="#[279]">&gt;&gt;</a>&nbsp;&nbsp;&nbsp;xQueueReceive
<LI><a href="#[98]">&gt;&gt;</a>&nbsp;&nbsp;&nbsp;xQueueGenericSend
</UL>

<P><STRONG><a name="[22f]"></a>prvAddCurrentTaskToDelayedList</STRONG> (Thumb, 102 bytes, Stack size 24 bytes, tasks.o(i.prvAddCurrentTaskToDelayedList))
<BR><BR>[Stack]<UL><LI>Max Depth = 36<LI>Call Chain = prvAddCurrentTaskToDelayedList &rArr; vListInsert
</UL>
<BR>[Calls]<UL><LI><a href="#[231]">&gt;&gt;</a>&nbsp;&nbsp;&nbsp;vListInsertEnd
<LI><a href="#[232]">&gt;&gt;</a>&nbsp;&nbsp;&nbsp;vListInsert
<LI><a href="#[230]">&gt;&gt;</a>&nbsp;&nbsp;&nbsp;uxListRemove
</UL>
<BR>[Called By]<UL><LI><a href="#[13c]">&gt;&gt;</a>&nbsp;&nbsp;&nbsp;vTaskDelay
<LI><a href="#[27a]">&gt;&gt;</a>&nbsp;&nbsp;&nbsp;vTaskPlaceOnEventList
</UL>

<P><STRONG><a name="[233]"></a>prvAddNewTaskToReadyList</STRONG> (Thumb, 192 bytes, Stack size 24 bytes, tasks.o(i.prvAddNewTaskToReadyList))
<BR><BR>[Stack]<UL><LI>Max Depth = 24<LI>Call Chain = prvAddNewTaskToReadyList
</UL>
<BR>[Calls]<UL><LI><a href="#[231]">&gt;&gt;</a>&nbsp;&nbsp;&nbsp;vListInsertEnd
<LI><a href="#[97]">&gt;&gt;</a>&nbsp;&nbsp;&nbsp;vPortExitCritical
<LI><a href="#[95]">&gt;&gt;</a>&nbsp;&nbsp;&nbsp;vPortEnterCritical
<LI><a href="#[234]">&gt;&gt;</a>&nbsp;&nbsp;&nbsp;vListInitialise
</UL>
<BR>[Called By]<UL><LI><a href="#[91]">&gt;&gt;</a>&nbsp;&nbsp;&nbsp;xTaskCreate
</UL>

<P><STRONG><a name="[238]"></a>prvDeleteTCB</STRONG> (Thumb, 20 bytes, Stack size 8 bytes, tasks.o(i.prvDeleteTCB))
<BR><BR>[Stack]<UL><LI>Max Depth = 80<LI>Call Chain = prvDeleteTCB &rArr; vPortFree &rArr; xTaskResumeAll &rArr; xTaskIncrementTick
</UL>
<BR>[Calls]<UL><LI><a href="#[239]">&gt;&gt;</a>&nbsp;&nbsp;&nbsp;vPortFree
</UL>
<BR>[Called By]<UL><LI><a href="#[64]">&gt;&gt;</a>&nbsp;&nbsp;&nbsp;prvIdleTask
</UL>

<P><STRONG><a name="[64]"></a>prvIdleTask</STRONG> (Thumb, 80 bytes, Stack size 0 bytes, tasks.o(i.prvIdleTask))
<BR><BR>[Stack]<UL><LI>Max Depth = 80<LI>Call Chain = prvIdleTask &rArr; prvDeleteTCB &rArr; vPortFree &rArr; xTaskResumeAll &rArr; xTaskIncrementTick
</UL>
<BR>[Calls]<UL><LI><a href="#[238]">&gt;&gt;</a>&nbsp;&nbsp;&nbsp;prvDeleteTCB
<LI><a href="#[230]">&gt;&gt;</a>&nbsp;&nbsp;&nbsp;uxListRemove
<LI><a href="#[97]">&gt;&gt;</a>&nbsp;&nbsp;&nbsp;vPortExitCritical
<LI><a href="#[95]">&gt;&gt;</a>&nbsp;&nbsp;&nbsp;vPortEnterCritical
</UL>
<BR>[Address Reference Count : 1]<UL><LI> tasks.o(i.vTaskStartScheduler)
</UL>
<P><STRONG><a name="[23a]"></a>prvInitialiseNewTask</STRONG> (Thumb, 154 bytes, Stack size 40 bytes, tasks.o(i.prvInitialiseNewTask))
<BR><BR>[Stack]<UL><LI>Max Depth = 48<LI>Call Chain = prvInitialiseNewTask &rArr; pxPortInitialiseStack
</UL>
<BR>[Calls]<UL><LI><a href="#[74]">&gt;&gt;</a>&nbsp;&nbsp;&nbsp;__aeabi_memset
<LI><a href="#[23c]">&gt;&gt;</a>&nbsp;&nbsp;&nbsp;pxPortInitialiseStack
<LI><a href="#[23b]">&gt;&gt;</a>&nbsp;&nbsp;&nbsp;vListInitialiseItem
</UL>
<BR>[Called By]<UL><LI><a href="#[91]">&gt;&gt;</a>&nbsp;&nbsp;&nbsp;xTaskCreate
</UL>

<P><STRONG><a name="[284]"></a>prvResetNextTaskUnblockTime</STRONG> (Thumb, 24 bytes, Stack size 0 bytes, tasks.o(i.prvResetNextTaskUnblockTime))
<BR><BR>[Called By]<UL><LI><a href="#[d3]">&gt;&gt;</a>&nbsp;&nbsp;&nbsp;xTaskIncrementTick
<LI><a href="#[245]">&gt;&gt;</a>&nbsp;&nbsp;&nbsp;xTaskResumeAll
</UL>

<P><STRONG><a name="[243]"></a>prvHeapInit</STRONG> (Thumb, 66 bytes, Stack size 0 bytes, heap_4.o(i.prvHeapInit))
<BR><BR>[Called By]<UL><LI><a href="#[241]">&gt;&gt;</a>&nbsp;&nbsp;&nbsp;pvPortMalloc
</UL>

<P><STRONG><a name="[244]"></a>prvInsertBlockIntoFreeList</STRONG> (Thumb, 72 bytes, Stack size 12 bytes, heap_4.o(i.prvInsertBlockIntoFreeList))
<BR><BR>[Stack]<UL><LI>Max Depth = 12<LI>Call Chain = prvInsertBlockIntoFreeList
</UL>
<BR>[Called By]<UL><LI><a href="#[239]">&gt;&gt;</a>&nbsp;&nbsp;&nbsp;vPortFree
<LI><a href="#[241]">&gt;&gt;</a>&nbsp;&nbsp;&nbsp;pvPortMalloc
</UL>

<P><STRONG><a name="[63]"></a>prvTaskExitError</STRONG> (Thumb, 16 bytes, Stack size 0 bytes, port.o(i.prvTaskExitError))
<BR>[Address Reference Count : 1]<UL><LI> port.o(i.pxPortInitialiseStack)
</UL>
<P><STRONG><a name="[89]"></a>AppQueueCreate</STRONG> (Thumb, 128 bytes, Stack size 16 bytes, main.o(i.AppQueueCreate))
<BR><BR>[Stack]<UL><LI>Max Depth = 1216<LI>Call Chain = AppQueueCreate &rArr; Uart_printf &rArr; Uart_vsnprintf &rArr; __aeabi_uldivmod
</UL>
<BR>[Calls]<UL><LI><a href="#[8a]">&gt;&gt;</a>&nbsp;&nbsp;&nbsp;xQueueGenericCreate
<LI><a href="#[8c]">&gt;&gt;</a>&nbsp;&nbsp;&nbsp;xQueueCreateMutex
<LI><a href="#[8b]">&gt;&gt;</a>&nbsp;&nbsp;&nbsp;Uart_printf
</UL>
<BR>[Called By]<UL><LI><a href="#[4a]">&gt;&gt;</a>&nbsp;&nbsp;&nbsp;main
</UL>

<P><STRONG><a name="[8d]"></a>AppTaskCreate</STRONG> (Thumb, 100 bytes, Stack size 16 bytes, main.o(i.AppTaskCreate))
<BR><BR>[Stack]<UL><LI>Max Depth = 1328<LI>Call Chain = AppTaskCreate &rArr; SystemVarInit &rArr; EepromVarInit &rArr; eeprom_read &rArr; i2c_read_bytes &rArr; dbg_printf &rArr; Uart_vsnprintf &rArr; __aeabi_uldivmod
</UL>
<BR>[Calls]<UL><LI><a href="#[8e]">&gt;&gt;</a>&nbsp;&nbsp;&nbsp;delay_ms
<LI><a href="#[91]">&gt;&gt;</a>&nbsp;&nbsp;&nbsp;xTaskCreate
<LI><a href="#[8f]">&gt;&gt;</a>&nbsp;&nbsp;&nbsp;SystemVarInit
<LI><a href="#[90]">&gt;&gt;</a>&nbsp;&nbsp;&nbsp;ManufLogoPrintf
</UL>
<BR>[Called By]<UL><LI><a href="#[4a]">&gt;&gt;</a>&nbsp;&nbsp;&nbsp;main
</UL>

<P><STRONG><a name="[fe]"></a>_fp_digits</STRONG> (Thumb, 366 bytes, Stack size 64 bytes, printfa.o(i._fp_digits), UNUSED)
<BR><BR>[Calls]<UL><LI><a href="#[85]">&gt;&gt;</a>&nbsp;&nbsp;&nbsp;__aeabi_dmul
<LI><a href="#[86]">&gt;&gt;</a>&nbsp;&nbsp;&nbsp;__aeabi_d2ulz
<LI><a href="#[ff]">&gt;&gt;</a>&nbsp;&nbsp;&nbsp;__aeabi_cdrcmple
<LI><a href="#[7f]">&gt;&gt;</a>&nbsp;&nbsp;&nbsp;__aeabi_ddiv
<LI><a href="#[79]">&gt;&gt;</a>&nbsp;&nbsp;&nbsp;__aeabi_dadd
<LI><a href="#[70]">&gt;&gt;</a>&nbsp;&nbsp;&nbsp;__aeabi_uldivmod
</UL>
<BR>[Called By]<UL><LI><a href="#[fd]">&gt;&gt;</a>&nbsp;&nbsp;&nbsp;_printf_core
</UL>

<P><STRONG><a name="[fd]"></a>_printf_core</STRONG> (Thumb, 1744 bytes, Stack size 136 bytes, printfa.o(i._printf_core), UNUSED)
<BR><BR>[Calls]<UL><LI><a href="#[100]">&gt;&gt;</a>&nbsp;&nbsp;&nbsp;_printf_pre_padding
<LI><a href="#[101]">&gt;&gt;</a>&nbsp;&nbsp;&nbsp;_printf_post_padding
<LI><a href="#[fe]">&gt;&gt;</a>&nbsp;&nbsp;&nbsp;_fp_digits
<LI><a href="#[70]">&gt;&gt;</a>&nbsp;&nbsp;&nbsp;__aeabi_uldivmod
<LI><a href="#[102]">&gt;&gt;</a>&nbsp;&nbsp;&nbsp;__aeabi_uidivmod
</UL>
<BR>[Called By]<UL><LI><a href="#[fc]">&gt;&gt;</a>&nbsp;&nbsp;&nbsp;__0sprintf
</UL>

<P><STRONG><a name="[101]"></a>_printf_post_padding</STRONG> (Thumb, 36 bytes, Stack size 24 bytes, printfa.o(i._printf_post_padding), UNUSED)
<BR><BR>[Called By]<UL><LI><a href="#[fd]">&gt;&gt;</a>&nbsp;&nbsp;&nbsp;_printf_core
</UL>

<P><STRONG><a name="[100]"></a>_printf_pre_padding</STRONG> (Thumb, 46 bytes, Stack size 24 bytes, printfa.o(i._printf_pre_padding), UNUSED)
<BR><BR>[Called By]<UL><LI><a href="#[fd]">&gt;&gt;</a>&nbsp;&nbsp;&nbsp;_printf_core
</UL>

<P><STRONG><a name="[5a]"></a>_sputc</STRONG> (Thumb, 10 bytes, Stack size 0 bytes, printfa.o(i._sputc))
<BR><BR>[Called By]<UL><LI><a href="#[fc]">&gt;&gt;</a>&nbsp;&nbsp;&nbsp;__0sprintf
</UL>
<BR>[Address Reference Count : 1]<UL><LI> printfa.o(i.__0sprintf)
</UL><P>
<H3>
Undefined Global Symbols
</H3><HR></body></html>
