Component: ARM Compiler 5.06 update 6 (build 750) Tool: armlink [4d35ed]

==============================================================================

Section Cross References

    startup_stm32f10x_hd.o(RESET) refers to startup_stm32f10x_hd.o(STACK) for __initial_sp
    startup_stm32f10x_hd.o(RESET) refers to startup_stm32f10x_hd.o(.text) for Reset_Handler
    startup_stm32f10x_hd.o(RESET) refers to stm32f10x_it.o(i.NMI_Handler) for NMI_Handler
    startup_stm32f10x_hd.o(RESET) refers to stm32f10x_it.o(i.MemManage_Handler) for MemManage_Handler
    startup_stm32f10x_hd.o(RESET) refers to stm32f10x_it.o(i.BusFault_Handler) for BusFault_Handler
    startup_stm32f10x_hd.o(RESET) refers to stm32f10x_it.o(i.UsageFault_Handler) for UsageFault_Handler
    startup_stm32f10x_hd.o(RESET) refers to port.o(.emb_text) for SVC_Handler
    startup_stm32f10x_hd.o(RESET) refers to stm32f10x_it.o(i.DebugMon_Handler) for DebugMon_Handler
    startup_stm32f10x_hd.o(RESET) refers to port.o(i.SysTick_Handler) for SysTick_Handler
    startup_stm32f10x_hd.o(RESET) refers to task_cec.o(i.TIM2_IRQHandler) for TIM2_IRQHandler
    startup_stm32f10x_hd.o(RESET) refers to usart.o(i.USART1_IRQHandler) for USART1_IRQHandler
    startup_stm32f10x_hd.o(RESET) refers to usart.o(i.USART2_IRQHandler) for USART2_IRQHandler
    startup_stm32f10x_hd.o(RESET) refers to usart.o(i.USART3_IRQHandler) for USART3_IRQHandler
    startup_stm32f10x_hd.o(.text) refers to system_stm32f10x.o(i.SystemInit) for SystemInit
    startup_stm32f10x_hd.o(.text) refers to entry.o(.ARM.Collect$$$$00000000) for __main
    system_stm32f10x.o(i.SystemCoreClockUpdate) refers to system_stm32f10x.o(.data) for .data
    system_stm32f10x.o(i.SystemInit) refers to system_stm32f10x.o(i.SetSysClockTo72) for SetSysClockTo72
    delay.o(i.delay_ms) refers to tasks.o(i.vTaskIsRunning) for vTaskIsRunning
    delay.o(i.delay_ms) refers to delay.o(i.delay_us) for delay_us
    delay.o(i.delay_ms) refers to tasks.o(i.vTaskDelay) for vTaskDelay
    delay.o(i.delay_ms_cpu) refers to delay.o(i.delay_us) for delay_us
    delay.o(i.delay_us) refers to system_stm32f10x.o(.data) for SystemCoreClock
    sys.o(i.SYS_Standby) refers to stm32f10x_pwr.o(i.PWR_EnterSTANDBYMode) for PWR_EnterSTANDBYMode
    usart.o(i.USART1_IRQHandler) refers to stm32f10x_usart.o(i.USART_GetITStatus) for USART_GetITStatus
    usart.o(i.USART1_IRQHandler) refers to bsp.o(.constdata) for stProjectUartWorkTable
    usart.o(i.USART2_IRQHandler) refers to stm32f10x_usart.o(i.USART_GetITStatus) for USART_GetITStatus
    usart.o(i.USART2_IRQHandler) refers to bsp.o(.constdata) for stProjectUartWorkTable
    usart.o(i.USART3_IRQHandler) refers to stm32f10x_usart.o(i.USART_GetITStatus) for USART_GetITStatus
    usart.o(i.USART3_IRQHandler) refers to bsp.o(.constdata) for stProjectUartWorkTable
    usart.o(i.USARTx_Configuration) refers to stm32f10x_rcc.o(i.RCC_APB1PeriphClockCmd) for RCC_APB1PeriphClockCmd
    usart.o(i.USARTx_Configuration) refers to stm32f10x_gpio.o(i.GPIO_Init) for GPIO_Init
    usart.o(i.USARTx_Configuration) refers to stm32f10x_usart.o(i.USART_Init) for USART_Init
    usart.o(i.USARTx_Configuration) refers to stm32f10x_usart.o(i.USART_Cmd) for USART_Cmd
    usart.o(i.USARTx_Configuration) refers to stm32f10x_usart.o(i.USART_ITConfig) for USART_ITConfig
    usart.o(i.USARTx_Configuration) refers to misc.o(i.NVIC_Init) for NVIC_Init
    usart.o(i.USARTx_Configuration) refers to stm32f10x_rcc.o(i.RCC_APB2PeriphClockCmd) for RCC_APB2PeriphClockCmd
    usart.o(i.USARTx_Configuration) refers to usart.o(.constdata) for .constdata
    usart.o(i.USARTx_DirectSend_bytes) refers to stm32f10x_usart.o(i.USART_SendData) for USART_SendData
    usart.o(i.USARTx_DirectSend_bytes) refers to stm32f10x_usart.o(i.USART_GetFlagStatus) for USART_GetFlagStatus
    usart.o(i.USARTx_send_bytes) refers to stm32f10x_usart.o(i.USART_SendData) for USART_SendData
    usart.o(i.USARTx_send_bytes) refers to stm32f10x_usart.o(i.USART_GetFlagStatus) for USART_GetFlagStatus
    usart.o(i.USARTx_send_bytes) refers to usart.o(.constdata) for .constdata
    usart.o(i.USARTx_send_string) refers to stm32f10x_usart.o(i.USART_SendData) for USART_SendData
    usart.o(i.USARTx_send_string) refers to stm32f10x_usart.o(i.USART_GetFlagStatus) for USART_GetFlagStatus
    usart.o(i.USARTx_send_string) refers to usart.o(.constdata) for .constdata
    usart.o(i.USARTx_set_baudrate) refers to stm32f10x_usart.o(i.USART_Init) for USART_Init
    usart.o(i.USARTx_set_baudrate) refers to stm32f10x_usart.o(i.USART_ITConfig) for USART_ITConfig
    usart.o(i.USARTx_set_baudrate) refers to stm32f10x_usart.o(i.USART_Cmd) for USART_Cmd
    drv_flash.o(i.Flash_Erase) refers to stm32f10x_flash.o(i.FLASH_ErasePage) for FLASH_ErasePage
    drv_flash.o(i.Flash_Locked) refers to stm32f10x_flash.o(i.FLASH_Lock) for FLASH_Lock
[...]
    mapp_SET_Input_HowlingSuppressor_FreqShift 0x08011125   Thumb Code    40  bsp.o(i.mapp_SET_Input_HowlingSuppressor_FreqShift)
    mapp_SET_Input_HowlingSuppressor_Grade   0x08011189   Thumb Code    40  bsp.o(i.mapp_SET_Input_HowlingSuppressor_Grade)
    mapp_SET_Input_LfreqExciter_Grade        0x080111e9   Thumb Code    54  bsp.o(i.mapp_SET_Input_LfreqExciter_Grade)
    mapp_SET_Input_Mute                      0x08011259   Thumb Code    54  bsp.o(i.mapp_SET_Input_Mute)
    mapp_SET_Input_NoiseSuppressor_Ctrl      0x080112b9   Thumb Code    54  bsp.o(i.mapp_SET_Input_NoiseSuppressor_Ctrl)
    mapp_SET_Input_NoiseSuppressor_Grade     0x08011325   Thumb Code    40  bsp.o(i.mapp_SET_Input_NoiseSuppressor_Grade)
    mapp_SET_Input_NoiseSuppressor_Ratio     0x08011385   Thumb Code   158  bsp.o(i.mapp_SET_Input_NoiseSuppressor_Ratio)
    mapp_SET_Input_NoiseSuppressor_ReleaseTime 0x08011495   Thumb Code    48  bsp.o(i.mapp_SET_Input_NoiseSuppressor_ReleaseTime)
    mapp_SET_Input_NoiseSuppressor_StartTime 0x080114fd   Thumb Code    48  bsp.o(i.mapp_SET_Input_NoiseSuppressor_StartTime)
    mapp_SET_Input_NoiseSuppressor_Threshold 0x08011565   Thumb Code   146  bsp.o(i.mapp_SET_Input_NoiseSuppressor_Threshold)
    mapp_SET_Input_Reverse_phase             0x08011645   Thumb Code    54  bsp.o(i.mapp_SET_Input_Reverse_phase)
    mapp_SET_Input_Sensitivity               0x080116ad   Thumb Code    54  bsp.o(i.mapp_SET_Input_Sensitivity)
    mapp_SET_Input_TestSignal_Ctrl           0x08011719   Thumb Code    54  bsp.o(i.mapp_SET_Input_TestSignal_Ctrl)
    mapp_SET_Input_TestSignal_Freq           0x08011781   Thumb Code    62  bsp.o(i.mapp_SET_Input_TestSignal_Freq)
    mapp_SET_Input_TestSignal_Level          0x080117f5   Thumb Code   160  bsp.o(i.mapp_SET_Input_TestSignal_Level)
    mapp_SET_MatrixSwitching                 0x080118d9   Thumb Code    62  bsp.o(i.mapp_SET_MatrixSwitching)
    mapp_SET_Output_DelayTime                0x0801193d   Thumb Code    62  bsp.o(i.mapp_SET_Output_DelayTime)
    mapp_SET_Output_Delay_Ctrl               0x080119b1   Thumb Code    54  bsp.o(i.mapp_SET_Output_Delay_Ctrl)
    mapp_SET_USBplayer_Ctrl                  0x08011a1d   Thumb Code    36  bsp.o(i.mapp_SET_USBplayer_Ctrl)
    mapp_UsartSystemCmdFun                   0x08011a59   Thumb Code   792  bsp.o(i.mapp_UsartSystemCmdFun)
    mapp_UserDataProjectNameCheck            0x08011dd9   Thumb Code    36  ite_comm_api.o(i.mapp_UserDataProjectNameCheck)
    mapp_UserDataProjectNameInit             0x08011e01   Thumb Code    30  ite_comm_api.o(i.mapp_UserDataProjectNameInit)
    mdrv_SetI2cLineChange                    0x08011e51   Thumb Code    76  i2c_driver.o(i.mdrv_SetI2cLineChange)
    mdrv_SetLineChangePin                    0x08011ea1   Thumb Code    56  i2c_driver.o(i.mdrv_SetLineChangePin)
    my_StrStr                                0x08011edd   Thumb Code    60  ite_comm_api.o(i.my_StrStr)
    pvPortMalloc                             0x08012345   Thumb Code   154  heap_4.o(i.pvPortMalloc)
    pvTaskIncrementMutexHeldCount            0x080123e5   Thumb Code    18  tasks.o(i.pvTaskIncrementMutexHeldCount)
    pxPortInitialiseStack                    0x080123fd   Thumb Code    32  port.o(i.pxPortInitialiseStack)
    set_all_audio_output                     0x08012431   Thumb Code    72  bsp.o(i.set_all_audio_output)
    set_in_EQ_ctrl                           0x08012659   Thumb Code   178  bsp.o(i.set_in_EQ_ctrl)
    set_in_EQ_gain                           0x08012719   Thumb Code   138  bsp.o(i.set_in_EQ_gain)
    set_in_EQ_quality_factor                 0x080127b5   Thumb Code   138  bsp.o(i.set_in_EQ_quality_factor)
    set_in_EQ_type                           0x08012851   Thumb Code   132  bsp.o(i.set_in_EQ_type)
    set_in_auto_gain_ctrl                    0x080128e5   Thumb Code    94  bsp.o(i.set_in_auto_gain_ctrl)
    set_in_auto_gain_ratio                   0x08012951   Thumb Code   104  bsp.o(i.set_in_auto_gain_ratio)
    set_in_auto_gain_rel_time                0x080129c5   Thumb Code    98  bsp.o(i.set_in_auto_gain_rel_time)
    set_in_auto_gain_start_time              0x08012a35   Thumb Code    98  bsp.o(i.set_in_auto_gain_start_time)
    set_in_auto_gain_tarset_threshold        0x08012aa5   Thumb Code   104  bsp.o(i.set_in_auto_gain_tarset_threshold)
    set_in_auto_gain_threshold               0x08012b19   Thumb Code   104  bsp.o(i.set_in_auto_gain_threshold)
    set_in_background_input                  0x08012b8d   Thumb Code    94  bsp.o(i.set_in_background_input)
    set_in_call_input                        0x08012bf9   Thumb Code    94  bsp.o(i.set_in_call_input)
    set_in_compressor_ctrl                   0x08012c65   Thumb Code    94  bsp.o(i.set_in_compressor_ctrl)
    set_in_compressor_gain                   0x08012cd1   Thumb Code   104  bsp.o(i.set_in_compressor_gain)
    set_in_compressor_ratio                  0x08012d45   Thumb Code   104  bsp.o(i.set_in_compressor_ratio)
    set_in_compressor_rel_time               0x08012db9   Thumb Code   104  bsp.o(i.set_in_compressor_rel_time)
    set_in_compressor_start_time             0x08012e2d   Thumb Code   104  bsp.o(i.set_in_compressor_start_time)
    set_in_compressor_threshold              0x08012ea1   Thumb Code   104  bsp.o(i.set_in_compressor_threshold)
    set_in_ducking_ctrl                      0x08012f15   Thumb Code    82  bsp.o(i.set_in_ducking_ctrl)
    set_in_ducking_depth                     0x08012f75   Thumb Code    88  bsp.o(i.set_in_ducking_depth)
    set_in_ducking_gain                      0x08012fd9   Thumb Code   104  bsp.o(i.set_in_ducking_gain)
    set_in_ducking_hold_time                 0x0801304d   Thumb Code    94  bsp.o(i.set_in_ducking_hold_time)
    set_in_ducking_rel_time                  0x080130b9   Thumb Code    94  bsp.o(i.set_in_ducking_rel_time)
    set_in_ducking_start_time                0x08013125   Thumb Code    94  bsp.o(i.set_in_ducking_start_time)
    set_in_ducking_threshold                 0x08013191   Thumb Code    88  bsp.o(i.set_in_ducking_threshold)
    set_in_echo_canceller_ctrl               0x080131f5   Thumb Code    94  bsp.o(i.set_in_echo_canceller_ctrl)
    set_in_echo_canceller_grade              0x08013261   Thumb Code    86  bsp.o(i.set_in_echo_canceller_grade)
    set_in_exciter_ctrl                      0x080132c5   Thumb Code    94  bsp.o(i.set_in_exciter_ctrl)
    set_in_gain                              0x08013331   Thumb Code   104  bsp.o(i.set_in_gain)
    set_in_h_freq_exciter_grade              0x080133a5   Thumb Code    94  bsp.o(i.set_in_h_freq_exciter_grade)
    set_in_howling_suppressor_ctrl           0x08013411   Thumb Code    94  bsp.o(i.set_in_howling_suppressor_ctrl)
    set_in_howling_suppressor_freq_shift     0x0801347d   Thumb Code    86  bsp.o(i.set_in_howling_suppressor_freq_shift)
    set_in_howling_suppressor_grade          0x080134e1   Thumb Code    82  bsp.o(i.set_in_howling_suppressor_grade)
    set_in_l_freq_exciter_grade              0x08013541   Thumb Code    94  bsp.o(i.set_in_l_freq_exciter_grade)
    set_in_mute                              0x080135ad   Thumb Code    94  bsp.o(i.set_in_mute)
    set_in_noise_suppressor_ctrl             0x08013619   Thumb Code    94  bsp.o(i.set_in_noise_suppressor_ctrl)
    set_in_noise_suppressor_grade            0x08013685   Thumb Code    82  bsp.o(i.set_in_noise_suppressor_grade)
    set_in_noise_suppressor_ratio            0x080136e5   Thumb Code    92  bsp.o(i.set_in_noise_suppressor_ratio)
    set_in_noise_suppressor_rel_time         0x0801374d   Thumb Code    94  bsp.o(i.set_in_noise_suppressor_rel_time)
    set_in_noise_suppressor_start_time       0x080137b9   Thumb Code    94  bsp.o(i.set_in_noise_suppressor_start_time)
    set_in_noise_suppressor_threshold        0x08013825   Thumb Code    92  bsp.o(i.set_in_noise_suppressor_threshold)
    set_in_reversephase                      0x0801388d   Thumb Code    94  bsp.o(i.set_in_reversephase)
    set_in_sensitivity                       0x080138f9   Thumb Code    94  bsp.o(i.set_in_sensitivity)
    set_in_test_signal_ctrl                  0x08013965   Thumb Code    94  bsp.o(i.set_in_test_signal_ctrl)
    set_in_test_signal_freq                  0x080139d1   Thumb Code    98  bsp.o(i.set_in_test_signal_freq)
    set_in_test_signal_level                 0x08013a41   Thumb Code   104  bsp.o(i.set_in_test_signal_level)
    set_matrixswitch                         0x08013ab5   Thumb Code   144  bsp.o(i.set_matrixswitch)
    set_out_delay_ctrl                       0x08013b4d   Thumb Code    94  bsp.o(i.set_out_delay_ctrl)
    set_out_delay_time                       0x08013bb9   Thumb Code    98  bsp.o(i.set_out_delay_time)
    set_usbplayer_ctrl                       0x08013c29   Thumb Code    62  bsp.o(i.set_usbplayer_ctrl)
    uart1_send_bytes_A                       0x08013c71   Thumb Code    10  bsp.o(i.uart1_send_bytes_A)
    uart1_send_string_A                      0x08013c81   Thumb Code     8  bsp.o(i.uart1_send_string_A)
    uart1_set_baudrate                       0x08013c8d   Thumb Code    30  bsp.o(i.uart1_set_baudrate)
    uart2_send_bytes_A                       0x08013cb1   Thumb Code    10  bsp.o(i.uart2_send_bytes_A)
    uart2_send_string_A                      0x08013cc1   Thumb Code     8  bsp.o(i.uart2_send_string_A)
    uart2_set_baudrate                       0x08013ccd   Thumb Code    30  bsp.o(i.uart2_set_baudrate)
    unUseMultiKeyFunc                        0x08013cf1   Thumb Code     4  bsp.o(i.unUseMultiKeyFunc)
    uxListRemove                             0x08013cf5   Thumb Code    38  list.o(i.uxListRemove)
    vListInitialise                          0x08013d1b   Thumb Code    22  list.o(i.vListInitialise)
    vListInitialiseItem                      0x08013d31   Thumb Code     6  list.o(i.vListInitialiseItem)
    vListInsert                              0x08013d37   Thumb Code    48  list.o(i.vListInsert)
    vListInsertEnd                           0x08013d67   Thumb Code    24  list.o(i.vListInsertEnd)
    vPortEnterCritical                       0x08013d81   Thumb Code    24  port.o(i.vPortEnterCritical)
    vPortExitCritical                        0x08013d9d   Thumb Code    16  port.o(i.vPortExitCritical)
    vPortFree                                0x08013db1   Thumb Code    64  heap_4.o(i.vPortFree)
    vPortSetupTimerInterrupt                 0x08013df5   Thumb Code    20  port.o(i.vPortSetupTimerInterrupt)
    vTaskDelay                               0x08013e0d   Thumb Code    44  tasks.o(i.vTaskDelay)
    vTaskEeprom                              0x08013e3d   Thumb Code   164  task_eeprom.o(i.vTaskEeprom)
    vTaskInternalSetTimeOutState             0x08013fd1   Thumb Code    12  tasks.o(i.vTaskInternalSetTimeOutState)
    vTaskIsRunning                           0x08013fe1   Thumb Code    12  tasks.o(i.vTaskIsRunning)
    vTaskKey                                 0x08013ff1   Thumb Code    20  task_key.o(i.vTaskKey)
    vTaskLED                                 0x08014009   Thumb Code    74  task_led.o(i.vTaskLED)
    vTaskMissedYield                         0x08014061   Thumb Code     8  tasks.o(i.vTaskMissedYield)
    vTaskPlaceOnEventList                    0x0801406d   Thumb Code    30  tasks.o(i.vTaskPlaceOnEventList)
    vTaskPriorityDisinheritAfterTimeout      0x08014091   Thumb Code   114  tasks.o(i.vTaskPriorityDisinheritAfterTimeout)
    vTaskStartScheduler                      0x0801410d   Thumb Code    68  tasks.o(i.vTaskStartScheduler)
    vTaskSuspendAll                          0x08014165   Thumb Code    10  tasks.o(i.vTaskSuspendAll)
    vTaskSwitchContext                       0x08014175   Thumb Code    92  tasks.o(i.vTaskSwitchContext)
    vTaskUart                                0x080141dd   Thumb Code    28  task_uart.o(i.vTaskUart)
    v_hexdump                                0x080141fd   Thumb Code     2  task_eeprom.o(i.v_hexdump)
    xPortStartScheduler                      0x08014201   Thumb Code    38  port.o(i.xPortStartScheduler)
    xQueueCreateMutex                        0x08014231   Thumb Code    36  queue.o(i.xQueueCreateMutex)
    xQueueGenericCreate                      0x08014255   Thumb Code    56  queue.o(i.xQueueGenericCreate)
    xQueueGenericReset                       0x0801428d   Thumb Code   112  queue.o(i.xQueueGenericReset)
    xQueueGenericSend                        0x08014301   Thumb Code   250  queue.o(i.xQueueGenericSend)
    xQueueGenericSendFromISR                 0x08014401   Thumb Code   104  queue.o(i.xQueueGenericSendFromISR)
    xQueueReceive                            0x08014469   Thumb Code   234  queue.o(i.xQueueReceive)
    xQueueSemaphoreTake                      0x08014559   Thumb Code   290  queue.o(i.xQueueSemaphoreTake)
    xTaskCheckForTimeOut                     0x08014681   Thumb Code    82  tasks.o(i.xTaskCheckForTimeOut)
    xTaskCreate                              0x080146d9   Thumb Code    86  tasks.o(i.xTaskCreate)
    xTaskIncrementTick                       0x08014731   Thumb Code   172  tasks.o(i.xTaskIncrementTick)
    xTaskPriorityDisinherit                  0x080147e5   Thumb Code    94  tasks.o(i.xTaskPriorityDisinherit)
    xTaskPriorityInherit                     0x0801484d   Thumb Code   132  tasks.o(i.xTaskPriorityInherit)
    xTaskRemoveFromEventList                 0x080148d9   Thumb Code    88  tasks.o(i.xTaskRemoveFromEventList)
    xTaskResumeAll                           0x0801493d   Thumb Code   164  tasks.o(i.xTaskResumeAll)
    UART_GPIO_TABLE                          0x080149ec   Data          60  usart.o(.constdata)
    cg_u8_IN_ChannelTable                    0x08014a28   Data          18  bsp.o(.constdata)
    cg_u8_OUT_ChannelTable                   0x08014a3a   Data          18  bsp.o(.constdata)
    cmd_list                                 0x08014a4c   Data        2300  bsp.o(.constdata)
    stProjectGpioTable                       0x08015348   Data         138  bsp.o(.constdata)
    stProjectUartWorkTable                   0x080153d4   Data         120  bsp.o(.constdata)
    stProjectNewKeyTable                     0x0801544c   Data          16  bsp.o(.constdata)
    stProjectLedTable                        0x08015534   Data          16  bsp.o(.constdata)
    stProjectI2cTable                        0x08015544   Data          60  bsp.o(.constdata)
    stProjectI2cSwitchTable                  0x08015580   Data           8  bsp.o(.constdata)
    __ctype_table                            0x08015673   Data         129  ctype_o.o(.constdata)
    Region$$Table$$Base                      0x0801650c   Number         0  anon$$obj.o(Region$$Table)
    Region$$Table$$Limit                     0x0801652c   Number         0  anon$$obj.o(Region$$Table)
    SystemCoreClock                          0x20000000   Data           4  system_stm32f10x.o(.data)
    AHBPrescTable                            0x20000004   Data          16  system_stm32f10x.o(.data)
    i                                        0x20000014   Data           1  bsp.o(.data)
    g_u8MultiCmdDelayCounter                 0x20000015   Data           1  bsp.o(.data)
    g_bSysResetFlag                          0x20000018   Data           1  bsp.o(.data)
    StartEdidCostumFlag                      0x20000021   Data           1  bsp.o(.data)
    g_u8UserEDIDIndex                        0x20000022   Data           1  bsp.o(.data)
    stLMX_4IUHS_CSpecVar                     0x20000023   Data           3  bsp.o(.data)
    STM32_GPIO_PORT                          0x20000060   Data          28  bsp.o(.data)
    pxCurrentTCB                             0x20000090   Data           4  tasks.o(.data)
    uxTopUsedPriority                        0x200000c0   Data           4  tasks.o(.data)
    ulHighFrequencyTimerTicks                0x200000fc   Data           4  main.o(.data)
    xQueue_Led                               0x20000100   Data           4  main.o(.data)
    xQueue_Key                               0x20000104   Data           4  main.o(.data)
    xQueue_CecTx                             0x20000108   Data           4  main.o(.data)
    xQueue_EProcess                          0x2000010c   Data           4  main.o(.data)
    xQueue_GUIEProcess                       0x20000110   Data           4  main.o(.data)
    g_bKeyScanSuspend                        0x20000114   Data           1  task_key.o(.data)
    g_stTestVersion                          0x20000116   Data           8  ite_comm_api.o(.data)
    g_bEnableDbgFlag                         0x2000011e   Data           1  printf.o(.data)
    xSemaphore_Uart1Snd                      0x20000120   Data           4  printf.o(.data)
    xSemaphore_Uart2Snd                      0x20000124   Data           4  printf.o(.data)
    pFuncPrj1MsLoopHook                      0x2000012c   Data           4  task_cec.o(.data)
    u8BP1048DeviceTable                      0x20000130   Data           2  bp1048_bsp.o(.data)
    u8BP1048DeviceAddress                    0x20000132   Data           2  bp1048_bsp.o(.data)
    g_stUart1CommVar                         0x20000154   Data        2052  bsp.o(.bss)
    uart1_rec_buffer                         0x20000958   Data        1200  bsp.o(.bss)
    g_stUart2CommVar                         0x20000e08   Data        2052  bsp.o(.bss)
    uart2_rec_buffer                         0x2000160c   Data        1200  bsp.o(.bss)
    xSemaphore_IIC                           0x20006c4c   Data          24  main.o(.bss)
    led_work_fun_table                       0x20006c64   Data          40  task_led.o(.bss)
    led_work_status_table                    0x20006c8c   Data          80  task_led.o(.bss)
    led_current_state                        0x20006cdc   Data          20  task_led.o(.bss)
    g_EepromDataSave                         0x20006cf0   Data         112  task_eeprom.o(.bss)
    g_stPrjGloVar                            0x20006d60   Data        3704  ite_comm_api.o(.bss)
    __initial_sp                             0x20008be8   Data           0  startup_stm32f10x_hd.o(STACK)



==============================================================================

Memory Map of the image

  Image Entry point : 0x08000131

  Load Region LR_IROM1 (Base: 0x08000000, Size: 0x00016668, Max: 0x00040000, ABSOLUTE, COMPRESSED[0x00016584])

    Execution Region ER_IROM1 (Exec base: 0x08000000, Load base: 0x08000000, Size: 0x0001652c, Max: 0x00040000, ABSOLUTE)

    Exec Addr    Load Addr    Size         Type   Attr      Idx    E Section Name        Object

    0x08000000   0x08000000   0x00000130   Data   RO           19    RESET               startup_stm32f10x_hd.o
    0x08000130   0x08000130   0x00000000   Code   RO         8022  * .ARM.Collect$$$$00000000  mc_w.l(entry.o)
    0x08000130   0x08000130   0x00000004   Code   RO         8433    .ARM.Collect$$$$00000001  mc_w.l(entry2.o)
    0x08000134   0x08000134   0x00000004   Code   RO         8436    .ARM.Collect$$$$00000004  mc_w.l(entry5.o)
    0x08000138   0x08000138   0x00000000   Code   RO         8438    .ARM.Collect$$$$00000008  mc_w.l(entry7b.o)
    0x08000138   0x08000138   0x00000000   Code   RO         8440    .ARM.Collect$$$$0000000A  mc_w.l(entry8b.o)
    0x08000138   0x08000138   0x00000008   Code   RO         8441    .ARM.Collect$$$$0000000B  mc_w.l(entry9a.o)
    0x08000140   0x08000140   0x00000000   Code   RO         8443    .ARM.Collect$$$$0000000D  mc_w.l(entry10a.o)
    0x08000140   0x08000140   0x00000000   Code   RO         8445    .ARM.Collect$$$$0000000F  mc_w.l(entry11a.o)
    0x08000140   0x08000140   0x00000004   Code   RO         8434    .ARM.Collect$$$$00002712  mc_w.l(entry2.o)
    0x08000144   0x08000144   0x00000096   Code   RO         5533    .emb_text           port.o
    0x080001da   0x080001da   0x00000002   PAD
    0x080001dc   0x080001dc   0x00000024   Code   RO           20    .text               startup_stm32f10x_hd.o
    0x08000200   0x08000200   0x0000002c   Code   RO         8046    .text               mc_w.l(uidiv.o)
    0x0800022c   0x0800022c   0x00000062   Code   RO         8048    .text               mc_w.l(uldiv.o)
    0x0800028e   0x0800028e   0x00000002   PAD
    0x08000290   0x08000290   0x00000008   Code   RO         8050    .text               mc_w.l(ctype_o.o)
    0x08000298   0x08000298   0x00000040   Code   RO         8089    .text               mc_w.l(memmovea.o)
    0x080002d8   0x080002d8   0x00000024   Code   RO         8091    .text               mc_w.l(memseta.o)
    0x080002fc   0x080002fc   0x0000000e   Code   RO         8095    .text               mc_w.l(strlen.o)
    0x0800030a   0x0800030a   0x0000001e   Code   RO         8105    .text               mc_w.l(strncmp.o)
    0x08000328   0x08000328   0x00000044   Code   RO         8107    .text               mc_w.l(strtok.o)
    0x0800036c   0x0800036c   0x0000001a   Code   RO         8417    .text               mc_w.l(atoi.o)
    0x08000386   0x08000386   0x0000014e   Code   RO         8419    .text               mf_w.l(dadd.o)
    0x080004d4   0x080004d4   0x000000de   Code   RO         8421    .text               mf_w.l(ddiv.o)
    0x080005b2   0x080005b2   0x0000001a   Code   RO         8423    .text               mf_w.l(dfltui.o)
    0x080005cc   0x080005cc   0x00000026   Code   RO         8427    .text               mf_w.l(f2d.o)
    0x080005f2   0x080005f2   0x00000038   Code   RO         8431    .text               mf_w.l(d2f.o)
    0x0800062a   0x0800062a   0x0000001e   Code   RO         8451    .text               mc_w.l(llshl.o)
    0x08000648   0x08000648   0x00000020   Code   RO         8453    .text               mc_w.l(llushr.o)
    0x08000668   0x08000668   0x00000024   Code   RO         8455    .text               mc_w.l(llsshr.o)
    0x0800068c   0x0800068c   0x00000070   Code   RO         8461    .text               mc_w.l(strtol.o)
    0x080006fc   0x080006fc   0x00000000   Code   RO         8465    .text               mc_w.l(iusefp.o)
    0x080006fc   0x080006fc   0x0000006e   Code   RO         8467    .text               mf_w.l(fepilogue.o)
    0x0800076a   0x0800076a   0x000000ba   Code   RO         8469    .text               mf_w.l(depilogue.o)
    0x08000824   0x08000824   0x000000e4   Code   RO         8471    .text               mf_w.l(dmul.o)
    0x08000908   0x08000908   0x00000030   Code   RO         8473    .text               mf_w.l(dfixul.o)
    0x08000938   0x08000938   0x00000030   Code   RO         8475    .text               mf_w.l(cdrcmple.o)
    0x08000968   0x08000968   0x00000024   Code   RO         8477    .text               mc_w.l(init.o)
    0x0800098c   0x0800098c   0x0000009e   Code   RO         8487    .text               mc_w.l(_strtoul.o)
    0x08000a2a   0x08000a2a   0x0000001c   Code   RO         8495    .text               mc_w.l(_chval.o)
    0x08000a46   0x08000a46   0x00000056   Code   RO         8507    .text               mc_w.l(__dczerorl2.o)
    0x08000a9c   0x08000a9c   0x00000100   Code   RO         5604    i.AppQueueCreate    main.o
    0x08000b9c   0x08000b9c   0x000000a4   Code   RO         5605    i.AppTaskCreate     main.o
    0x08000c40   0x08000c40   0x00000064   Code   RO         6532    i.BP1048_i2c_write  bp1048_bsp.o
    0x08000ca4   0x08000ca4   0x0000002a   Code   RO          572    i.BSP_Init          bsp.o
    0x08000cce   0x08000cce   0x00000002   Code   RO           24    i.BusFault_Handler  stm32f10x_it.o
    0x08000cd0   0x08000cd0   0x00000034   Code   RO         6105    i.CRC8Calculate     ite_comm_api.o
    0x08000d04   0x08000d04   0x00000004   Code   RO          573    i.CheckSaveSpecVarValid  bsp.o
    0x08000d08   0x08000d08   0x00000002   Code   RO           25    i.DebugMon_Handler  stm32f10x_it.o
    0x08000d0a   0x08000d0a   0x00000002   PAD
    0x08000d0c   0x08000d0c   0x0000018c   Code   RO         5795    i.EepromVarInit     task_eeprom.o
    0x08000e98   0x08000e98   0x0000001c   Code   RO         6106    i.FindChar          ite_comm_api.o
    0x08000eb4   0x08000eb4   0x00000084   Code   RO          574    i.GPIO_Configuration  bsp.o
    0x08000f38   0x08000f38   0x0000009c   Code   RO         2987    i.GPIO_Init         stm32f10x_gpio.o
    0x08000fd4   0x08000fd4   0x00000058   Code   RO         2989    i.GPIO_PinRemapConfig  stm32f10x_gpio.o
    0x0800102c   0x0800102c   0x0000000e   Code   RO         2991    i.GPIO_ReadInputDataBit  stm32f10x_gpio.o
    0x0800103a   0x0800103a   0x00000006   Code   RO         2992    i.GPIO_ReadOutputData  stm32f10x_gpio.o
    0x08001040   0x08001040   0x0000000e   Code   RO         2993    i.GPIO_ReadOutputDataBit  stm32f10x_gpio.o
    0x0800104e   0x0800104e   0x00000004   Code   RO         2994    i.GPIO_ResetBits    stm32f10x_gpio.o
    0x08001052   0x08001052   0x00000004   Code   RO         2995    i.GPIO_SetBits      stm32f10x_gpio.o
    0x08001056   0x08001056   0x00000004   Code   RO         2997    i.GPIO_Write        stm32f10x_gpio.o
    0x0800105a   0x0800105a   0x0000000a   Code   RO         2998    i.GPIO_WriteBit     stm32f10x_gpio.o
    0x08001064   0x08001064   0x00000040   Code   RO         6109    i.HexAndAsciiChange  ite_comm_api.o
    0x080010a4   0x080010a4   0x00000018   Code   RO         4584    i.I2C_CheckEvent    stm32f10x_i2c.o
    0x080010bc   0x080010bc   0x00000014   Code   RO         4587    i.I2C_Cmd           stm32f10x_i2c.o
    0x080010d0   0x080010d0   0x000000cc   Code   RO          576    i.I2C_Config        bsp.o
    0x0800119c   0x0800119c   0x00000014   Code   RO         4594    i.I2C_GenerateSTART  stm32f10x_i2c.o
    0x080011b0   0x080011b0   0x00000014   Code   RO         4595    i.I2C_GenerateSTOP  stm32f10x_i2c.o
    0x080011c4   0x080011c4   0x0000002a   Code   RO         4596    i.I2C_GetFlagStatus  stm32f10x_i2c.o
    0x080011ee   0x080011ee   0x00000002   PAD
    0x080011f0   0x080011f0   0x000000bc   Code   RO         4601    i.I2C_Init          stm32f10x_i2c.o
    0x080012ac   0x080012ac   0x00000010   Code   RO         4608    i.I2C_Send7bitAddress  stm32f10x_i2c.o
    0x080012bc   0x080012bc   0x00000004   Code   RO         4609    i.I2C_SendData      stm32f10x_i2c.o
    0x080012c0   0x080012c0   0x00000180   Code   RO         5947    i.I2C_WriteByte     i2c_driver.o
    0x08001440   0x08001440   0x0000002a   Code   RO         5950    i.IIC_WaitBUSY      i2c_driver.o
    0x0800146a   0x0800146a   0x0000002a   Code   RO         5951    i.IIC_WaitEvent     i2c_driver.o
    0x08001494   0x08001494   0x00000024   Code   RO         5952    i.Init_I2cLineChangePin  i2c_driver.o
    0x080014b8   0x080014b8   0x00000004   Code   RO          577    i.LMX_4IUHS_C_1msTimerIrq  bsp.o
    0x080014bc   0x080014bc   0x00000038   Code   RO          579    i.LMX_4IUHS_C_LedWork_Loop  bsp.o
    0x080014f4   0x080014f4   0x00000024   Code   RO          580    i.LMX_4IUHS_C_PrjStatePowerOnInit  bsp.o
    0x08001518   0x08001518   0x00000058   Code   RO          581    i.LMX_4IUHS_C_SpecBasicVarDefault  bsp.o
    0x08001570   0x08001570   0x0000002c   Code   RO          583    i.LMX_4IUHS_C_SpecVarValidCheck  bsp.o
    0x0800159c   0x0800159c   0x00000040   Code   RO          584    i.LMX_4IUHS_C_SpecificVarDefault  bsp.o
    0x080015dc   0x080015dc   0x00000020   Code   RO          585    i.LMX_4IUHS_C_SpecificVarInit  bsp.o
    0x080015fc   0x080015fc   0x00000004   Code   RO          586    i.ManufLogoPrintf   bsp.o
    0x08001600   0x08001600   0x00000002   Code   RO           26    i.MemManage_Handler  stm32f10x_it.o
    0x08001602   0x08001602   0x00000002   Code   RO           27    i.NMI_Handler       stm32f10x_it.o
    0x08001604   0x08001604   0x00000064   Code   RO         2531    i.NVIC_Init         misc.o
    0x08001668   0x08001668   0x00000014   Code   RO         2532    i.NVIC_PriorityGroupConfig  misc.o
    0x0800167c   0x0800167c   0x00000014   Code   RO         2533    i.NVIC_SetVectorTable  misc.o
    0x08001690   0x08001690   0x00000018   Code   RO         6111    i.PlatformTimerExpired  ite_comm_api.o
    0x080016a8   0x080016a8   0x0000000c   Code   RO         6112    i.PlatformTimerGet  ite_comm_api.o
    0x080016b4   0x080016b4   0x00000018   Code   RO         6113    i.PlatformTimerInit  ite_comm_api.o
    0x080016cc   0x080016cc   0x00000010   Code   RO         6114    i.PlatformTimerSet  ite_comm_api.o
    0x080016dc   0x080016dc   0x00000020   Code   RO         6115    i.PlatformTimerTask  ite_comm_api.o
    0x080016fc   0x080016fc   0x00000018   Code   RO         3157    i.RCC_APB1PeriphClockCmd  stm32f10x_rcc.o
    0x08001714   0x08001714   0x00000018   Code   RO         3158    i.RCC_APB1PeriphResetCmd  stm32f10x_rcc.o
    0x0800172c   0x0800172c   0x00000018   Code   RO         3159    i.RCC_APB2PeriphClockCmd  stm32f10x_rcc.o
    0x08001744   0x08001744   0x00000018   Code   RO         3160    i.RCC_APB2PeriphResetCmd  stm32f10x_rcc.o
    0x0800175c   0x0800175c   0x00000094   Code   RO         3167    i.RCC_GetClocksFreq  stm32f10x_rcc.o
    0x080017f0   0x080017f0   0x0000001c   Code   RO          396    i.SYS_SoftReset     sys.o
    0x0800180c   0x0800180c   0x000000f8   Code   RO         5797    i.SaveUserDataToEep  task_eeprom.o
    0x08001904   0x08001904   0x000000a8   Code   RO          146    i.SetSysClockTo72   system_stm32f10x.o
    0x080019ac   0x080019ac   0x00000064   Code   RO         6116    i.SetUserData_ProjectName  ite_comm_api.o
    0x08001a10   0x08001a10   0x00000004   Code   RO          595    i.SpecificSaveVarDefault  bsp.o
    0x08001a14   0x08001a14   0x00000030   Code   RO         6431    i.Sys1MsClockRun    task_cec.o
    0x08001a44   0x08001a44   0x00000018   Code   RO          599    i.SysSaveVarInit    bsp.o
    0x08001a5c   0x08001a5c   0x0000002c   Code   RO         5534    i.SysTick_Handler   port.o
    0x08001a88   0x08001a88   0x00000050   Code   RO          148    i.SystemInit        system_stm32f10x.o
    0x08001ad8   0x08001ad8   0x0000001c   Code   RO          600    i.SystemVarInit     bsp.o
    0x08001af4   0x08001af4   0x00000038   Code   RO         6432    i.TIM2_IRQHandler   task_cec.o
    0x08001b2c   0x08001b2c   0x00000072   Code   RO         6433    i.TIMER2_Configuration  task_cec.o
    0x08001b9e   0x08001b9e   0x00000006   Code   RO         3687    i.TIM_ClearFlag     stm32f10x_tim.o
    0x08001ba4   0x08001ba4   0x00000006   Code   RO         3688    i.TIM_ClearITPendingBit  stm32f10x_tim.o
    0x08001baa   0x08001baa   0x00000014   Code   RO         3693    i.TIM_Cmd           stm32f10x_tim.o
    0x08001bbe   0x08001bbe   0x00000002   PAD
    0x08001bc0   0x08001bc0   0x00000170   Code   RO         3698    i.TIM_DeInit        stm32f10x_tim.o
    0x08001d30   0x08001d30   0x00000018   Code   RO         3714    i.TIM_GetITStatus   stm32f10x_tim.o
    0x08001d48   0x08001d48   0x00000010   Code   RO         3718    i.TIM_ITConfig      stm32f10x_tim.o
    0x08001d58   0x08001d58   0x0000009c   Code   RO         3764    i.TIM_TimeBaseInit  stm32f10x_tim.o
    0x08001df4   0x08001df4   0x00000012   Code   RO         3765    i.TIM_TimeBaseStructInit  stm32f10x_tim.o
    0x08001e06   0x08001e06   0x00000002   PAD
    0x08001e08   0x08001e08   0x0000003c   Code   RO          430    i.USART1_IRQHandler  usart.o
    0x08001e44   0x08001e44   0x0000003c   Code   RO          431    i.USART2_IRQHandler  usart.o
    0x08001e80   0x08001e80   0x0000003c   Code   RO          432    i.USART3_IRQHandler  usart.o
    0x08001ebc   0x08001ebc   0x00000014   Code   RO         3503    i.USART_Cmd         stm32f10x_usart.o
    0x08001ed0   0x08001ed0   0x0000000e   Code   RO         3506    i.USART_GetFlagStatus  stm32f10x_usart.o
    0x08001ede   0x08001ede   0x0000003e   Code   RO         3507    i.USART_GetITStatus  stm32f10x_usart.o
    0x08001f1c   0x08001f1c   0x00000030   Code   RO         3509    i.USART_ITConfig    stm32f10x_usart.o
    0x08001f4c   0x08001f4c   0x000000ac   Code   RO         3510    i.USART_Init        stm32f10x_usart.o
    0x08001ff8   0x08001ff8   0x00000008   Code   RO         3520    i.USART_SendData    stm32f10x_usart.o
    0x08002000   0x08002000   0x000000c8   Code   RO          433    i.USARTx_Configuration  usart.o
    0x080020c8   0x080020c8   0x00000040   Code   RO          435    i.USARTx_send_bytes  usart.o
    0x08002108   0x08002108   0x00000034   Code   RO          436    i.USARTx_send_string  usart.o
    0x0800213c   0x0800213c   0x00000040   Code   RO          437    i.USARTx_set_baudrate  usart.o
    0x0800217c   0x0800217c   0x000000a0   Code   RO          601    i.Uart1ParserMethod  bsp.o
    0x0800221c   0x0800221c   0x00000034   Code   RO          602    i.Uart1ProtocalDataReceive  bsp.o
    0x08002250   0x08002250   0x00000040   Code   RO          603    i.Uart1VarInit      bsp.o
    0x08002290   0x08002290   0x0000003c   Code   RO          604    i.Uart1VarTimeOut   bsp.o
    0x080022cc   0x080022cc   0x00000050   Code   RO         6321    i.Uart1_printf      printf.o
    0x0800231c   0x0800231c   0x00000014   Code   RO         6322    i.Uart1_xSemaphoreGive  printf.o
    0x08002330   0x08002330   0x00000014   Code   RO         6323    i.Uart1_xSemaphoreInit  printf.o
    0x08002344   0x08002344   0x00000010   Code   RO         6324    i.Uart1_xSemaphoreTask  printf.o
    0x08002354   0x08002354   0x00000030   Code   RO          605    i.Uart2ParserMethod  bsp.o
    0x08002384   0x08002384   0x00000034   Code   RO          606    i.Uart2ProtocalDataReceive  bsp.o
    0x080023b8   0x080023b8   0x0000004c   Code   RO          607    i.Uart2VarInit      bsp.o
    0x08002404   0x08002404   0x0000003c   Code   RO          608    i.Uart2VarTimeout   bsp.o
    0x08002440   0x08002440   0x00000050   Code   RO         6325    i.Uart2_printf      printf.o
    0x08002490   0x08002490   0x00000014   Code   RO         6326    i.Uart2_xSemaphoreGive  printf.o
    0x080024a4   0x080024a4   0x00000014   Code   RO         6327    i.Uart2_xSemaphoreInit  printf.o
    0x080024b8   0x080024b8   0x00000010   Code   RO         6328    i.Uart2_xSemaphoreTask  printf.o
    0x080024c8   0x080024c8   0x00000002   Code   RO          609    i.Uart3_printf      bsp.o
    0x080024ca   0x080024ca   0x0000001a   Code   RO          610    i.UartCommVarClear  bsp.o
    0x080024e4   0x080024e4   0x00000084   Code   RO         6329    i.Uart_printf       printf.o
    0x08002568   0x08002568   0x00000404   Code   RO         6331    i.Uart_vsnprintf    printf.o
    0x0800296c   0x0800296c   0x00000002   Code   RO           28    i.UsageFault_Handler  stm32f10x_it.o
    0x0800296e   0x0800296e   0x00000002   PAD
    0x08002970   0x08002970   0x00000030   Code   RO         5798    i.WriteGUIDataToEep  task_eeprom.o
    0x080029a0   0x080029a0   0x0000001c   Code   RO          611    i.WriteUserData_GUIData  bsp.o
    0x080029bc   0x080029bc   0x00000028   Code   RO         8354    i.__0sprintf        mc_w.l(printfa.o)
    0x080029e4   0x080029e4   0x00000008   Code   RO         8408    i.__aeabi_errno_addr  mc_w.l(errno.o)
    0x080029ec   0x080029ec   0x0000000e   Code   RO         8501    i.__scatterload_copy  mc_w.l(handlers.o)
    0x080029fa   0x080029fa   0x00000002   Code   RO         8502    i.__scatterload_null  mc_w.l(handlers.o)
    0x080029fc   0x080029fc   0x0000000e   Code   RO         8503    i.__scatterload_zeroinit  mc_w.l(handlers.o)
    0x08002a0a   0x08002a0a   0x00000002   PAD
    0x08002a0c   0x08002a0c   0x00000184   Code   RO         8359    i._fp_digits        mc_w.l(printfa.o)
    0x08002b90   0x08002b90   0x000006dc   Code   RO         8360    i._printf_core      mc_w.l(printfa.o)
    0x0800326c   0x0800326c   0x00000024   Code   RO         8361    i._printf_post_padding  mc_w.l(printfa.o)
    0x08003290   0x08003290   0x0000002e   Code   RO         8362    i._printf_pre_padding  mc_w.l(printfa.o)
    0x080032be   0x080032be   0x0000000a   Code   RO         8364    i._sputc            mc_w.l(printfa.o)
    0x080032c8   0x080032c8   0x0000000c   Code   RO         6558    i.app_All_AudioOutput_Ctrl  bp1048_app.o
    0x080032d4   0x080032d4   0x0000000c   Code   RO         6560    i.app_Input_AutoGain_Ctrl  bp1048_app.o
    0x080032e0   0x080032e0   0x0000000c   Code   RO         6561    i.app_Input_AutoGain_Ratio  bp1048_app.o
    0x080032ec   0x080032ec   0x0000000c   Code   RO         6562    i.app_Input_AutoGain_ReleaseTime  bp1048_app.o
    0x080032f8   0x080032f8   0x0000000c   Code   RO         6563    i.app_Input_AutoGain_StartTime  bp1048_app.o
    0x08003304   0x08003304   0x0000000c   Code   RO         6564    i.app_Input_AutoGain_TargetThreshold  bp1048_app.o
    0x08003310   0x08003310   0x0000000c   Code   RO         6565    i.app_Input_AutoGain_Threshold  bp1048_app.o
    0x0800331c   0x0800331c   0x0000000c   Code   RO         6566    i.app_Input_BackgroundInput  bp1048_app.o
    0x08003328   0x08003328   0x0000000c   Code   RO         6567    i.app_Input_CallInput  bp1048_app.o
    0x08003334   0x08003334   0x0000000c   Code   RO         6568    i.app_Input_Compressor_Ctrl  bp1048_app.o
    0x08003340   0x08003340   0x0000000c   Code   RO         6569    i.app_Input_Compressor_Gain  bp1048_app.o
    0x0800334c   0x0800334c   0x0000000c   Code   RO         6570    i.app_Input_Compressor_Ratio  bp1048_app.o
    0x08003358   0x08003358   0x0000000c   Code   RO         6571    i.app_Input_Compressor_ReleaseTime  bp1048_app.o
    0x08003364   0x08003364   0x0000000c   Code   RO         6572    i.app_Input_Compressor_StartTime  bp1048_app.o
    0x08003370   0x08003370   0x0000000c   Code   RO         6573    i.app_Input_Compressor_Threshold  bp1048_app.o
    0x0800337c   0x0800337c   0x0000000c   Code   RO         6574    i.app_Input_Ducking_Ctrl  bp1048_app.o
    0x08003388   0x08003388   0x0000000c   Code   RO         6575    i.app_Input_Ducking_Depth  bp1048_app.o
    0x08003394   0x08003394   0x0000000c   Code   RO         6576    i.app_Input_Ducking_Gain  bp1048_app.o
    0x080033a0   0x080033a0   0x0000000c   Code   RO         6577    i.app_Input_Ducking_HoldTime  bp1048_app.o
    0x080033ac   0x080033ac   0x0000000c   Code   RO         6578    i.app_Input_Ducking_ReleaseTime  bp1048_app.o
    0x080033b8   0x080033b8   0x0000000c   Code   RO         6579    i.app_Input_Ducking_StartTime  bp1048_app.o
    0x080033c4   0x080033c4   0x0000000c   Code   RO         6580    i.app_Input_Ducking_Threshold  bp1048_app.o
    0x080033d0   0x080033d0   0x0000000c   Code   RO         6581    i.app_Input_EQ_Ctrl  bp1048_app.o
    0x080033dc   0x080033dc   0x0000000c   Code   RO         6582    i.app_Input_EQ_Gain  bp1048_app.o
    0x080033e8   0x080033e8   0x0000000c   Code   RO         6583    i.app_Input_EQ_QualityFactor  bp1048_app.o
    0x080033f4   0x080033f4   0x0000000c   Code   RO         6584    i.app_Input_EQ_Type  bp1048_app.o
    0x08003400   0x08003400   0x0000000c   Code   RO         6585    i.app_Input_EchoCanceller_Ctrl  bp1048_app.o
    0x0800340c   0x0800340c   0x0000000c   Code   RO         6586    i.app_Input_EchoCanceller_Grade  bp1048_app.o
    0x08003418   0x08003418   0x0000000c   Code   RO         6587    i.app_Input_Exciter_Ctrl  bp1048_app.o
    0x08003424   0x08003424   0x0000000c   Code   RO         6588    i.app_Input_Gain    bp1048_app.o
    0x08003430   0x08003430   0x0000000c   Code   RO         6589    i.app_Input_HfreqExciter_Grade  bp1048_app.o
    0x0800343c   0x0800343c   0x0000000c   Code   RO         6590    i.app_Input_HowlingSuppressor_Ctrl  bp1048_app.o
    0x08003448   0x08003448   0x0000000c   Code   RO         6591    i.app_Input_HowlingSuppressor_FreqShift  bp1048_app.o
    0x08003454   0x08003454   0x0000000c   Code   RO         6592    i.app_Input_HowlingSuppressor_Grade  bp1048_app.o
    0x08003460   0x08003460   0x0000000c   Code   RO         6593    i.app_Input_LfreqExciter_Grade  bp1048_app.o
    0x0800346c   0x0800346c   0x0000000c   Code   RO         6594    i.app_Input_Mute    bp1048_app.o
    0x08003478   0x08003478   0x0000000c   Code   RO         6595    i.app_Input_NoiseSuppressor_Ctrl  bp1048_app.o
    0x08003484   0x08003484   0x0000000c   Code   RO         6596    i.app_Input_NoiseSuppressor_Grade  bp1048_app.o
    0x08003490   0x08003490   0x0000000c   Code   RO         6597    i.app_Input_NoiseSuppressor_Ratio  bp1048_app.o
    0x0800349c   0x0800349c   0x0000000c   Code   RO         6598    i.app_Input_NoiseSuppressor_ReleaseTime  bp1048_app.o
    0x080034a8   0x080034a8   0x0000000c   Code   RO         6599    i.app_Input_NoiseSuppressor_StartTime  bp1048_app.o
    0x080034b4   0x080034b4   0x0000000c   Code   RO         6600    i.app_Input_NoiseSuppressor_Threshold  bp1048_app.o
    0x080034c0   0x080034c0   0x0000000c   Code   RO         6601    i.app_Input_Reverse_phase  bp1048_app.o
    0x080034cc   0x080034cc   0x0000000c   Code   RO         6602    i.app_Input_Sensitivity  bp1048_app.o
    0x080034d8   0x080034d8   0x0000000c   Code   RO         6603    i.app_Input_TestSignal_Ctrl  bp1048_app.o
    0x080034e4   0x080034e4   0x0000000c   Code   RO         6604    i.app_Input_TestSignal_Freq  bp1048_app.o
    0x080034f0   0x080034f0   0x0000000c   Code   RO         6605    i.app_Input_TestSignal_Level  bp1048_app.o
    0x080034fc   0x080034fc   0x0000000c   Code   RO         6606    i.app_MatrixSwitching  bp1048_app.o
    0x08003508   0x08003508   0x0000000c   Code   RO         6607    i.app_Output_DelayTime  bp1048_app.o
    0x08003514   0x08003514   0x0000000c   Code   RO         6608    i.app_Output_Delay_Ctrl  bp1048_app.o
    0x08003520   0x08003520   0x0000000c   Code   RO         6609    i.app_USBplayer_Ctrl  bp1048_app.o
    0x0800352c   0x0800352c   0x00000060   Code   RO         5799    i.app_UserDataToDefault  task_eeprom.o
    0x0800358c   0x0800358c   0x00000006   Code   RO         5953    i.bp1048_i2c_write_bytes  i2c_driver.o
    0x08003592   0x08003592   0x00000002   PAD
    0x08003594   0x08003594   0x0000002c   Code   RO         5955    i.bsp_InitI2C       i2c_driver.o
    0x080035c0   0x080035c0   0x00000084   Code   RO         6333    i.dbg_printf        printf.o
    0x08003644   0x08003644   0x00000b9c   Code   RO          614    i.defaultValue      bsp.o
    0x080041e0   0x080041e0   0x00000020   Code   RO          175    i.delay_init        delay.o
    0x08004200   0x08004200   0x00000024   Code   RO          176    i.delay_ms          delay.o
    0x08004224   0x08004224   0x0000003c   Code   RO          178    i.delay_us          delay.o
    0x08004260   0x08004260   0x0000000a   Code   RO         6434    i.drv_TimerFuncInit  task_cec.o
    0x0800426a   0x0800426a   0x00000002   PAD
    0x0800426c   0x0800426c   0x00000020   Code   RO         5866    i.drv_UartTaskInit  task_uart.o
    0x0800428c   0x0800428c   0x00000088   Code   RO         5929    i.eeprom_read       eeprom.o
    0x08004314   0x08004314   0x00000120   Code   RO         5930    i.eeprom_write      eeprom.o
    0x08004434   0x08004434   0x00000098   Code   RO          617    i.get_all_audio_output  bsp.o
    0x080044cc   0x080044cc   0x000001dc   Code   RO          618    i.get_in_EQ_ctrl    bsp.o
    0x080046a8   0x080046a8   0x00000170   Code   RO          619    i.get_in_EQ_gain    bsp.o
    0x08004818   0x08004818   0x00000178   Code   RO          620    i.get_in_EQ_quality_factor  bsp.o
    0x08004990   0x08004990   0x0000015c   Code   RO          621    i.get_in_EQ_type    bsp.o
    0x08004aec   0x08004aec   0x000000e4   Code   RO          622    i.get_in_auto_gain_ctrl  bsp.o
    0x08004bd0   0x08004bd0   0x000000ec   Code   RO          623    i.get_in_auto_gain_ratio  bsp.o
    0x08004cbc   0x08004cbc   0x000000ec   Code   RO          624    i.get_in_auto_gain_rel_time  bsp.o
    0x08004da8   0x08004da8   0x000000e8   Code   RO          625    i.get_in_auto_gain_start_time  bsp.o
    0x08004e90   0x08004e90   0x000000f8   Code   RO          626    i.get_in_auto_gain_target_threshold  bsp.o
    0x08004f88   0x08004f88   0x000000f0   Code   RO          627    i.get_in_auto_gain_threshold  bsp.o
    0x08005078   0x08005078   0x000000e8   Code   RO          628    i.get_in_background_input  bsp.o
    0x08005160   0x08005160   0x000000e0   Code   RO          629    i.get_in_call_input  bsp.o
    0x08005240   0x08005240   0x000000e8   Code   RO          630    i.get_in_compressor_ctrl  bsp.o
    0x08005328   0x08005328   0x000000f0   Code   RO          631    i.get_in_compressor_gain  bsp.o
    0x08005418   0x08005418   0x000000f0   Code   RO          632    i.get_in_compressor_ratio  bsp.o
    0x08005508   0x08005508   0x000000e8   Code   RO          633    i.get_in_compressor_rel_time  bsp.o
    0x080055f0   0x080055f0   0x000000e8   Code   RO          634    i.get_in_compressor_start_time  bsp.o
    0x080056d8   0x080056d8   0x000000f4   Code   RO          635    i.get_in_compressor_threshold  bsp.o
    0x080057cc   0x080057cc   0x000000c0   Code   RO          636    i.get_in_ducking_ctrl  bsp.o
    0x0800588c   0x0800588c   0x000000c8   Code   RO          637    i.get_in_ducking_depth  bsp.o
    0x08005954   0x08005954   0x000000ec   Code   RO          638    i.get_in_ducking_gain  bsp.o
    0x08005a40   0x08005a40   0x000000c4   Code   RO          639    i.get_in_ducking_hold_time  bsp.o
    0x08005b04   0x08005b04   0x000000c8   Code   RO          640    i.get_in_ducking_rel_time  bsp.o
    0x08005bcc   0x08005bcc   0x000000c4   Code   RO          641    i.get_in_ducking_start_time  bsp.o
    0x08005c90   0x08005c90   0x000000cc   Code   RO          642    i.get_in_ducking_threshold  bsp.o
    0x08005d5c   0x08005d5c   0x000000e8   Code   RO          643    i.get_in_echo_canceller_ctrl  bsp.o
    0x08005e44   0x08005e44   0x000000f4   Code   RO          644    i.get_in_echo_canceller_grade  bsp.o
    0x08005f38   0x08005f38   0x000000e4   Code   RO          645    i.get_in_exciter_ctrl  bsp.o
    0x0800601c   0x0800601c   0x000000e4   Code   RO          646    i.get_in_gain       bsp.o
    0x08006100   0x08006100   0x000000e8   Code   RO          647    i.get_in_h_freq_exciter_grade  bsp.o
    0x080061e8   0x080061e8   0x000000f4   Code   RO          648    i.get_in_howling_suppressor_ctrl  bsp.o
    0x080062dc   0x080062dc   0x000000fc   Code   RO          649    i.get_in_howling_suppressor_freq_shift  bsp.o
    0x080063d8   0x080063d8   0x000000f4   Code   RO          650    i.get_in_howling_suppressor_grade  bsp.o
    0x080064cc   0x080064cc   0x000000e8   Code   RO          651    i.get_in_l_freq_exciter_grade  bsp.o
    0x080065b4   0x080065b4   0x000000dc   Code   RO          652    i.get_in_mute       bsp.o
    0x08006690   0x08006690   0x000000ec   Code   RO          653    i.get_in_noise_suppressor_ctrl  bsp.o
    0x0800677c   0x0800677c   0x000000f4   Code   RO          654    i.get_in_noise_suppressor_grade  bsp.o
    0x08006870   0x08006870   0x000000fc   Code   RO          655    i.get_in_noise_suppressor_ratio  bsp.o
    0x0800696c   0x0800696c   0x000000f8   Code   RO          656    i.get_in_noise_suppressor_rel_time  bsp.o
    0x08006a64   0x08006a64   0x000000f4   Code   RO          657    i.get_in_noise_suppressor_start_time  bsp.o
    0x08006b58   0x08006b58   0x00000100   Code   RO          658    i.get_in_noise_suppressor_threshold  bsp.o
    0x08006c58   0x08006c58   0x000000e4   Code   RO          659    i.get_in_reversephase  bsp.o
    0x08006d3c   0x08006d3c   0x000000e4   Code   RO          660    i.get_in_sensitivity  bsp.o
    0x08006e20   0x08006e20   0x000000e8   Code   RO          661    i.get_in_test_signal_ctrl  bsp.o
    0x08006f08   0x08006f08   0x000000e8   Code   RO          662    i.get_in_test_signal_freq  bsp.o
    0x08006ff0   0x08006ff0   0x000000f0   Code   RO          663    i.get_in_test_signal_level  bsp.o
    0x080070e0   0x080070e0   0x000001d0   Code   RO          664    i.get_matrixswitch  bsp.o
    0x080072b0   0x080072b0   0x000000e4   Code   RO          665    i.get_out_delay_ctrl  bsp.o
    0x08007394   0x08007394   0x000000e0   Code   RO          666    i.get_out_delay_time  bsp.o
    0x08007474   0x08007474   0x000000c0   Code   RO          667    i.get_usbplayer_ctrl  bsp.o
    0x08007534   0x08007534   0x00000050   Code   RO         5956    i.i2c_Ack           i2c_driver.o
    0x08007584   0x08007584   0x00000048   Code   RO         5958    i.i2c_NAck          i2c_driver.o
    0x080075cc   0x080075cc   0x00000054   Code   RO         5959    i.i2c_ReadByte      i2c_driver.o
    0x08007620   0x08007620   0x00000060   Code   RO         5960    i.i2c_SendByte      i2c_driver.o
    0x08007680   0x08007680   0x00000050   Code   RO         5961    i.i2c_Start         i2c_driver.o
    0x080076d0   0x080076d0   0x00000040   Code   RO         5962    i.i2c_Stop          i2c_driver.o
    0x08007710   0x08007710   0x00000054   Code   RO         5963    i.i2c_WaitAck       i2c_driver.o
    0x08007764   0x08007764   0x0000000e   Code   RO         5964    i.i2c_delay         i2c_driver.o
    0x08007772   0x08007772   0x00000002   PAD
    0x08007774   0x08007774   0x00000020   Code   RO         5965    i.i2c_pin_get       i2c_driver.o
    0x08007794   0x08007794   0x00000024   Code   RO         5966    i.i2c_pin_set       i2c_driver.o
    0x080077b8   0x080077b8   0x00000148   Code   RO         5968    i.i2c_read_bytes    i2c_driver.o
    0x08007900   0x08007900   0x00000004   Code   RO         5970    i.i2c_write_bytes   i2c_driver.o
    0x08007904   0x08007904   0x00000060   Code   RO         5643    i.led_init          task_led.o
    0x08007964   0x08007964   0x00000068   Code   RO         5644    i.led_work_fun_blink  task_led.o
    0x080079cc   0x080079cc   0x00000008   Code   RO         5645    i.led_work_fun_fast_blink  task_led.o
    0x080079d4   0x080079d4   0x00000008   Code   RO         5646    i.led_work_fun_moment_off  task_led.o
    0x080079dc   0x080079dc   0x00000008   Code   RO         5647    i.led_work_fun_moment_on  task_led.o
    0x080079e4   0x080079e4   0x00000118   Code   RO         5648    i.led_work_fun_moment_state  task_led.o
    0x08007afc   0x08007afc   0x00000008   Code   RO         5649    i.led_work_fun_moment_toggle  task_led.o
    0x08007b04   0x08007b04   0x00000008   Code   RO         5650    i.led_work_fun_norm_blink  task_led.o
    0x08007b0c   0x08007b0c   0x0000004c   Code   RO         5651    i.led_work_fun_off  task_led.o
    0x08007b58   0x08007b58   0x0000004c   Code   RO         5652    i.led_work_fun_on   task_led.o
    0x08007ba4   0x08007ba4   0x00000008   Code   RO         5654    i.led_work_fun_slow_blink  task_led.o
    0x08007bac   0x08007bac   0x00000048   Code   RO         5655    i.led_work_status_assign  task_led.o
    0x08007bf4   0x08007bf4   0x00000060   Code   RO         5606    i.main              main.o
    0x08007c54   0x08007c54   0x0000004c   Code   RO          669    i.mapp_All_AudioOutput_Ctrl  bsp.o
    0x08007ca0   0x08007ca0   0x00000054   Code   RO         5801    i.mapp_CheckAllDataHasSave  task_eeprom.o
    0x08007cf4   0x08007cf4   0x00000270   Code   RO          671    i.mapp_CmdfuncGetAllData  bsp.o
    0x08007f64   0x08007f64   0x0000013c   Code   RO          672    i.mapp_CmdfuncGetInputAutoGainCtrl  bsp.o
    0x080080a0   0x080080a0   0x0000015c   Code   RO          673    i.mapp_CmdfuncGetInputAutoGainRatio  bsp.o
    0x080081fc   0x080081fc   0x00000144   Code   RO          674    i.mapp_CmdfuncGetInputAutoGainReleasetime  bsp.o
    0x08008340   0x08008340   0x00000140   Code   RO          675    i.mapp_CmdfuncGetInputAutoGainStartTime  bsp.o
    0x08008480   0x08008480   0x00000168   Code   RO          676    i.mapp_CmdfuncGetInputAutoGainTargetThreshold  bsp.o
    0x080085e8   0x080085e8   0x00000160   Code   RO          677    i.mapp_CmdfuncGetInputAutoGainThreshold  bsp.o
    0x08008748   0x08008748   0x00000140   Code   RO          678    i.mapp_CmdfuncGetInputBackgroundInput  bsp.o
    0x08008888   0x08008888   0x00000138   Code   RO          679    i.mapp_CmdfuncGetInputCallInput  bsp.o
    0x080089c0   0x080089c0   0x00000140   Code   RO          680    i.mapp_CmdfuncGetInputCompressorCtrl  bsp.o
    0x08008b00   0x08008b00   0x00000160   Code   RO          681    i.mapp_CmdfuncGetInputCompressorGain  bsp.o
    0x08008c60   0x08008c60   0x00000160   Code   RO          682    i.mapp_CmdfuncGetInputCompressorRatio  bsp.o
    0x08008dc0   0x08008dc0   0x00000140   Code   RO          683    i.mapp_CmdfuncGetInputCompressorReleasetime  bsp.o
    0x08008f00   0x08008f00   0x00000140   Code   RO          684    i.mapp_CmdfuncGetInputCompressorStartTime  bsp.o
    0x08009040   0x08009040   0x00000164   Code   RO          685    i.mapp_CmdfuncGetInputCompressorThreshold  bsp.o
    0x080091a4   0x080091a4   0x000000f0   Code   RO          686    i.mapp_CmdfuncGetInputDuckingCtrl  bsp.o
    0x08009294   0x08009294   0x000000f4   Code   RO          687    i.mapp_CmdfuncGetInputDuckingDepth  bsp.o
    0x08009388   0x08009388   0x0000015c   Code   RO          688    i.mapp_CmdfuncGetInputDuckingGain  bsp.o
    0x080094e4   0x080094e4   0x000000f4   Code   RO          689    i.mapp_CmdfuncGetInputDuckingHoldTime  bsp.o
    0x080095d8   0x080095d8   0x000000f8   Code   RO          690    i.mapp_CmdfuncGetInputDuckingReleasetime  bsp.o
    0x080096d0   0x080096d0   0x000000f4   Code   RO          691    i.mapp_CmdfuncGetInputDuckingStartTime  bsp.o
    0x080097c4   0x080097c4   0x00000100   Code   RO          692    i.mapp_CmdfuncGetInputDuckingThreshold  bsp.o
    0x080098c4   0x080098c4   0x000001ac   Code   RO          693    i.mapp_CmdfuncGetInputEQCtrl  bsp.o
    0x08009a70   0x08009a70   0x00000194   Code   RO          694    i.mapp_CmdfuncGetInputEQGain  bsp.o
    0x08009c04   0x08009c04   0x0000019c   Code   RO          695    i.mapp_CmdfuncGetInputEQQualityFactor  bsp.o
    0x08009da0   0x08009da0   0x00000170   Code   RO          696    i.mapp_CmdfuncGetInputEQType  bsp.o
    0x08009f10   0x08009f10   0x00000140   Code   RO          697    i.mapp_CmdfuncGetInputEchoCancellerCtrl  bsp.o
    0x0800a050   0x0800a050   0x00000180   Code   RO          698    i.mapp_CmdfuncGetInputEchoCancellerGrade  bsp.o
    0x0800a1d0   0x0800a1d0   0x0000010c   Code   RO          699    i.mapp_CmdfuncGetInputExciterCtrl  bsp.o
    0x0800a2dc   0x0800a2dc   0x00000150   Code   RO          700    i.mapp_CmdfuncGetInputGain  bsp.o
    0x0800a42c   0x0800a42c   0x00000140   Code   RO          701    i.mapp_CmdfuncGetInputHfreqExciterGrade  bsp.o
    0x0800a56c   0x0800a56c   0x00000164   Code   RO          702    i.mapp_CmdfuncGetInputHowlingSuppressorCtrl  bsp.o
    0x0800a6d0   0x0800a6d0   0x00000188   Code   RO          703    i.mapp_CmdfuncGetInputHowlingSuppressorFreqShift  bsp.o
    0x0800a858   0x0800a858   0x00000184   Code   RO          704    i.mapp_CmdfuncGetInputHowlingSuppressorGrade  bsp.o
    0x0800a9dc   0x0800a9dc   0x00000140   Code   RO          705    i.mapp_CmdfuncGetInputLfreqExciterGrade  bsp.o
    0x0800ab1c   0x0800ab1c   0x00000134   Code   RO          706    i.mapp_CmdfuncGetInputMute  bsp.o
    0x0800ac50   0x0800ac50   0x00000144   Code   RO          707    i.mapp_CmdfuncGetInputNoiseSuppressorCtrl  bsp.o
    0x0800ad94   0x0800ad94   0x00000180   Code   RO          708    i.mapp_CmdfuncGetInputNoiseSuppressorGrade  bsp.o
    0x0800af14   0x0800af14   0x00000190   Code   RO          709    i.mapp_CmdfuncGetInputNoiseSuppressorRatio  bsp.o
    0x0800b0a4   0x0800b0a4   0x00000188   Code   RO          710    i.mapp_CmdfuncGetInputNoiseSuppressorReleasetime  bsp.o
    0x0800b22c   0x0800b22c   0x00000184   Code   RO          711    i.mapp_CmdfuncGetInputNoiseSuppressorStartTime  bsp.o
    0x0800b3b0   0x0800b3b0   0x00000194   Code   RO          712    i.mapp_CmdfuncGetInputNoiseSuppressorThreshold  bsp.o
    0x0800b544   0x0800b544   0x0000013c   Code   RO          713    i.mapp_CmdfuncGetInputReversephase  bsp.o
    0x0800b680   0x0800b680   0x0000013c   Code   RO          714    i.mapp_CmdfuncGetInputSensitivity  bsp.o
    0x0800b7bc   0x0800b7bc   0x00000140   Code   RO          715    i.mapp_CmdfuncGetInputTestSignalCtrl  bsp.o
    0x0800b8fc   0x0800b8fc   0x00000140   Code   RO          716    i.mapp_CmdfuncGetInputTestSignalFreq  bsp.o
    0x0800ba3c   0x0800ba3c   0x00000160   Code   RO          717    i.mapp_CmdfuncGetInputTestSignalLevel  bsp.o
    0x0800bb9c   0x0800bb9c   0x0000013c   Code   RO          718    i.mapp_CmdfuncGetOutputDelayCtrl  bsp.o
    0x0800bcd8   0x0800bcd8   0x0000013c   Code   RO          719    i.mapp_CmdfuncGetOutputDelayTime  bsp.o
    0x0800be14   0x0800be14   0x00000098   Code   RO          720    i.mapp_CmdfuncSetAllAudioOutput  bsp.o
    0x0800beac   0x0800beac   0x00000360   Code   RO          721    i.mapp_CmdfuncSetCardFunction  bsp.o
    0x0800c20c   0x0800c20c   0x000000e0   Code   RO          722    i.mapp_CmdfuncSetInputAutoGainCtrl  bsp.o
    0x0800c2ec   0x0800c2ec   0x00000104   Code   RO          723    i.mapp_CmdfuncSetInputAutoGainRatio  bsp.o
    0x0800c3f0   0x0800c3f0   0x000000e8   Code   RO          724    i.mapp_CmdfuncSetInputAutoGainReleaseTime  bsp.o
    0x0800c4d8   0x0800c4d8   0x000000e8   Code   RO          725    i.mapp_CmdfuncSetInputAutoGainStartTime  bsp.o
    0x0800c5c0   0x0800c5c0   0x00000104   Code   RO          726    i.mapp_CmdfuncSetInputAutoGainTargetThreshold  bsp.o
    0x0800c6c4   0x0800c6c4   0x00000104   Code   RO          727    i.mapp_CmdfuncSetInputAutoGainThreshold  bsp.o
    0x0800c7c8   0x0800c7c8   0x000000e0   Code   RO          728    i.mapp_CmdfuncSetInputBackgroundInput  bsp.o
    0x0800c8a8   0x0800c8a8   0x000000e0   Code   RO          729    i.mapp_CmdfuncSetInputCallInput  bsp.o
    0x0800c988   0x0800c988   0x000000e0   Code   RO          730    i.mapp_CmdfuncSetInputCompressorCtrl  bsp.o
    0x0800ca68   0x0800ca68   0x00000104   Code   RO          731    i.mapp_CmdfuncSetInputCompressorGain  bsp.o
    0x0800cb6c   0x0800cb6c   0x00000104   Code   RO          732    i.mapp_CmdfuncSetInputCompressorRatio  bsp.o
    0x0800cc70   0x0800cc70   0x0000010c   Code   RO          733    i.mapp_CmdfuncSetInputCompressorReleaseTime  bsp.o
    0x0800cd7c   0x0800cd7c   0x0000010c   Code   RO          734    i.mapp_CmdfuncSetInputCompressorStartTime  bsp.o
    0x0800ce88   0x0800ce88   0x00000104   Code   RO          735    i.mapp_CmdfuncSetInputCompressorThreshold  bsp.o
    0x0800cf8c   0x0800cf8c   0x000000c0   Code   RO          736    i.mapp_CmdfuncSetInputDuckingCtrl  bsp.o
    0x0800d04c   0x0800d04c   0x000000dc   Code   RO          737    i.mapp_CmdfuncSetInputDuckingDepth  bsp.o
    0x0800d128   0x0800d128   0x00000104   Code   RO          738    i.mapp_CmdfuncSetInputDuckingGain  bsp.o
    0x0800d22c   0x0800d22c   0x000000d8   Code   RO          739    i.mapp_CmdfuncSetInputDuckingHoldTime  bsp.o
    0x0800d304   0x0800d304   0x000000dc   Code   RO          740    i.mapp_CmdfuncSetInputDuckingReleaseTime  bsp.o
    0x0800d3e0   0x0800d3e0   0x000000d8   Code   RO          741    i.mapp_CmdfuncSetInputDuckingStartTime  bsp.o
    0x0800d4b8   0x0800d4b8   0x000000cc   Code   RO          742    i.mapp_CmdfuncSetInputDuckingThreshold  bsp.o
    0x0800d584   0x0800d584   0x00000144   Code   RO          743    i.mapp_CmdfuncSetInputEQCtrl  bsp.o
    0x0800d6c8   0x0800d6c8   0x00000128   Code   RO          744    i.mapp_CmdfuncSetInputEQGain  bsp.o
    0x0800d7f0   0x0800d7f0   0x0000011c   Code   RO          745    i.mapp_CmdfuncSetInputEQQualityFactor  bsp.o
    0x0800d90c   0x0800d90c   0x0000010c   Code   RO          746    i.mapp_CmdfuncSetInputEQType  bsp.o
    0x0800da18   0x0800da18   0x000000e0   Code   RO          747    i.mapp_CmdfuncSetInputEchoCancellerCtrl  bsp.o
    0x0800daf8   0x0800daf8   0x000000e0   Code   RO          748    i.mapp_CmdfuncSetInputEchoCancellerGrade  bsp.o
    0x0800dbd8   0x0800dbd8   0x000000e0   Code   RO          749    i.mapp_CmdfuncSetInputExciterCtrl  bsp.o
    0x0800dcb8   0x0800dcb8   0x00000104   Code   RO          750    i.mapp_CmdfuncSetInputGain  bsp.o
    0x0800ddbc   0x0800ddbc   0x000000e0   Code   RO          751    i.mapp_CmdfuncSetInputHfreqExciterGrade  bsp.o
    0x0800de9c   0x0800de9c   0x000000e0   Code   RO          752    i.mapp_CmdfuncSetInputHowlingSuppressorCtrl  bsp.o
    0x0800df7c   0x0800df7c   0x00000104   Code   RO          753    i.mapp_CmdfuncSetInputHowlingSuppressorFreqShift  bsp.o
    0x0800e080   0x0800e080   0x00000104   Code   RO          754    i.mapp_CmdfuncSetInputHowlingSuppressorGrade  bsp.o
    0x0800e184   0x0800e184   0x000000e0   Code   RO          755    i.mapp_CmdfuncSetInputLfreqExciterGrade  bsp.o
    0x0800e264   0x0800e264   0x000000e0   Code   RO          756    i.mapp_CmdfuncSetInputMute  bsp.o
    0x0800e344   0x0800e344   0x000000e0   Code   RO          757    i.mapp_CmdfuncSetInputNoiseSuppressorCtrl  bsp.o
    0x0800e424   0x0800e424   0x000000e0   Code   RO          758    i.mapp_CmdfuncSetInputNoiseSuppressorGrade  bsp.o
    0x0800e504   0x0800e504   0x00000104   Code   RO          759    i.mapp_CmdfuncSetInputNoiseSuppressorRatio  bsp.o
    0x0800e608   0x0800e608   0x000000f8   Code   RO          760    i.mapp_CmdfuncSetInputNoiseSuppressorReleaseTime  bsp.o
    0x0800e700   0x0800e700   0x00000100   Code   RO          761    i.mapp_CmdfuncSetInputNoiseSuppressorStartTime  bsp.o
    0x0800e800   0x0800e800   0x00000104   Code   RO          762    i.mapp_CmdfuncSetInputNoiseSuppressorThreshold  bsp.o
    0x0800e904   0x0800e904   0x000000e0   Code   RO          763    i.mapp_CmdfuncSetInputReversephase  bsp.o
    0x0800e9e4   0x0800e9e4   0x000000e0   Code   RO          764    i.mapp_CmdfuncSetInputSensitivity  bsp.o
    0x0800eac4   0x0800eac4   0x000000e0   Code   RO          765    i.mapp_CmdfuncSetInputTestSignalCtrl  bsp.o
    0x0800eba4   0x0800eba4   0x000000e8   Code   RO          766    i.mapp_CmdfuncSetInputTestSignalFreq  bsp.o
    0x0800ec8c   0x0800ec8c   0x00000104   Code   RO          767    i.mapp_CmdfuncSetInputTestSignalLevel  bsp.o
    0x0800ed90   0x0800ed90   0x00000118   Code   RO          768    i.mapp_CmdfuncSetMatrixSwitching  bsp.o
    0x0800eea8   0x0800eea8   0x000000e0   Code   RO          769    i.mapp_CmdfuncSetOutputDelayCtrl  bsp.o
    0x0800ef88   0x0800ef88   0x000000e8   Code   RO          770    i.mapp_CmdfuncSetOutputDelayTime  bsp.o
    0x0800f070   0x0800f070   0x000000b0   Code   RO          771    i.mapp_CmdfuncSetUSBplayerCtrl  bsp.o
    0x0800f120   0x0800f120   0x00000124   Code   RO          772    i.mapp_CmdlenIsOK   bsp.o
    0x0800f244   0x0800f244   0x000006bc   Code   RO          773    i.mapp_CommandFunctionProcess  bsp.o
    0x0800f900   0x0800f900   0x0000001c   Code   RO          776    i.mapp_GetSysResetMode  bsp.o
    0x0800f91c   0x0800f91c   0x0000000e   Code   RO          777    i.mapp_KeyFunctionProcess  bsp.o
    0x0800f92a   0x0800f92a   0x00000002   PAD
    0x0800f92c   0x0800f92c   0x000001b8   Code   RO          778    i.mapp_KeyValueScan  bsp.o
    0x0800fae4   0x0800fae4   0x00000084   Code   RO          779    i.mapp_LMX_4IUHS_CStartupMessage  bsp.o
    0x0800fb68   0x0800fb68   0x00000018   Code   RO          780    i.mapp_LMX_4IUHS_C_PlatformTimerExpired  bsp.o
    0x0800fb80   0x0800fb80   0x00000010   Code   RO          783    i.mapp_LMX_4IUHS_C_PlatformTimerSet  bsp.o
    0x0800fb90   0x0800fb90   0x00000020   Code   RO          784    i.mapp_LMX_4IUHS_C_PlatformTimerTask  bsp.o
    0x0800fbb0   0x0800fbb0   0x00000124   Code   RO          785    i.mapp_MultiCmdMatchFunction  bsp.o
    0x0800fcd4   0x0800fcd4   0x00000098   Code   RO          786    i.mapp_NewKeyScan   bsp.o
    0x0800fd6c   0x0800fd6c   0x000000c0   Code   RO         6123    i.mapp_RevisionMake  ite_comm_api.o
    0x0800fe2c   0x0800fe2c   0x00000064   Code   RO          787    i.mapp_SET_Input_AutoGain_Ctrl  bsp.o
    0x0800fe90   0x0800fe90   0x000000e0   Code   RO          788    i.mapp_SET_Input_AutoGain_Ratio  bsp.o
    0x0800ff70   0x0800ff70   0x00000078   Code   RO          789    i.mapp_SET_Input_AutoGain_ReleaseTime  bsp.o
    0x0800ffe8   0x0800ffe8   0x00000078   Code   RO          790    i.mapp_SET_Input_AutoGain_StartTime  bsp.o
    0x08010060   0x08010060   0x000000ec   Code   RO          791    i.mapp_SET_Input_AutoGain_TargetThreshold  bsp.o
    0x0801014c   0x0801014c   0x000000e4   Code   RO          792    i.mapp_SET_Input_AutoGain_Threshold  bsp.o
    0x08010230   0x08010230   0x00000068   Code   RO          793    i.mapp_SET_Input_BackgroundInput  bsp.o
    0x08010298   0x08010298   0x00000068   Code   RO          794    i.mapp_SET_Input_CallInput  bsp.o
    0x08010300   0x08010300   0x00000068   Code   RO          795    i.mapp_SET_Input_Compressor_Ctrl  bsp.o
    0x08010368   0x08010368   0x000000e4   Code   RO          796    i.mapp_SET_Input_Compressor_Gain  bsp.o
    0x0801044c   0x0801044c   0x000000e8   Code   RO          797    i.mapp_SET_Input_Compressor_Ratio  bsp.o
    0x08010534   0x08010534   0x0000007c   Code   RO          798    i.mapp_SET_Input_Compressor_ReleaseTime  bsp.o
    0x080105b0   0x080105b0   0x00000078   Code   RO          799    i.mapp_SET_Input_Compressor_StartTime  bsp.o
    0x08010628   0x08010628   0x000000e8   Code   RO          800    i.mapp_SET_Input_Compressor_Threshold  bsp.o
    0x08010710   0x08010710   0x00000050   Code   RO          801    i.mapp_SET_Input_Ducking_Ctrl  bsp.o
    0x08010760   0x08010760   0x00000104   Code   RO          802    i.mapp_SET_Input_Ducking_Depth  bsp.o
    0x08010864   0x08010864   0x00000104   Code   RO          803    i.mapp_SET_Input_Ducking_Gain  bsp.o
    0x08010968   0x08010968   0x0000005c   Code   RO          804    i.mapp_SET_Input_Ducking_HoldTime  bsp.o
    0x080109c4   0x080109c4   0x00000060   Code   RO          805    i.mapp_SET_Input_Ducking_ReleaseTime  bsp.o
    0x08010a24   0x08010a24   0x0000005c   Code   RO          806    i.mapp_SET_Input_Ducking_StartTime  bsp.o
    0x08010a80   0x08010a80   0x000000d8   Code   RO          807    i.mapp_SET_Input_Ducking_Threshold  bsp.o
    0x08010b58   0x08010b58   0x00000074   Code   RO          808    i.mapp_SET_Input_EQ_Ctrl  bsp.o
    0x08010bcc   0x08010bcc   0x000000f8   Code   RO          809    i.mapp_SET_Input_EQ_Gain  bsp.o
    0x08010cc4   0x08010cc4   0x000000e8   Code   RO          810    i.mapp_SET_Input_EQ_QualityFactor  bsp.o
    0x08010dac   0x08010dac   0x00000080   Code   RO          811    i.mapp_SET_Input_EQ_Type  bsp.o
    0x08010e2c   0x08010e2c   0x0000006c   Code   RO          812    i.mapp_SET_Input_EchoCanceller_Ctrl  bsp.o
    0x08010e98   0x08010e98   0x00000070   Code   RO          813    i.mapp_SET_Input_EchoCanceller_Grade  bsp.o
    0x08010f08   0x08010f08   0x00000064   Code   RO          814    i.mapp_SET_Input_Exciter_Ctrl  bsp.o
    0x08010f6c   0x08010f6c   0x000000dc   Code   RO          815    i.mapp_SET_Input_Gain  bsp.o
    0x08011048   0x08011048   0x00000070   Code   RO          816    i.mapp_SET_Input_HfreqExciter_Grade  bsp.o
    0x080110b8   0x080110b8   0x0000006c   Code   RO          817    i.mapp_SET_Input_HowlingSuppressor_Ctrl  bsp.o
    0x08011124   0x08011124   0x00000064   Code   RO          818    i.mapp_SET_Input_HowlingSuppressor_FreqShift  bsp.o
    0x08011188   0x08011188   0x00000060   Code   RO          819    i.mapp_SET_Input_HowlingSuppressor_Grade  bsp.o
    0x080111e8   0x080111e8   0x00000070   Code   RO          820    i.mapp_SET_Input_LfreqExciter_Grade  bsp.o
    0x08011258   0x08011258   0x00000060   Code   RO          821    i.mapp_SET_Input_Mute  bsp.o
    0x080112b8   0x080112b8   0x0000006c   Code   RO          822    i.mapp_SET_Input_NoiseSuppressor_Ctrl  bsp.o
    0x08011324   0x08011324   0x00000060   Code   RO          823    i.mapp_SET_Input_NoiseSuppressor_Grade  bsp.o
    0x08011384   0x08011384   0x00000110   Code   RO          824    i.mapp_SET_Input_NoiseSuppressor_Ratio  bsp.o
    0x08011494   0x08011494   0x00000068   Code   RO          825    i.mapp_SET_Input_NoiseSuppressor_ReleaseTime  bsp.o
    0x080114fc   0x080114fc   0x00000068   Code   RO          826    i.mapp_SET_Input_NoiseSuppressor_StartTime  bsp.o
    0x08011564   0x08011564   0x000000e0   Code   RO          827    i.mapp_SET_Input_NoiseSuppressor_Threshold  bsp.o
    0x08011644   0x08011644   0x00000068   Code   RO          828    i.mapp_SET_Input_Reverse_phase  bsp.o
    0x080116ac   0x080116ac   0x0000006c   Code   RO          829    i.mapp_SET_Input_Sensitivity  bsp.o
    0x08011718   0x08011718   0x00000068   Code   RO          830    i.mapp_SET_Input_TestSignal_Ctrl  bsp.o
    0x08011780   0x08011780   0x00000074   Code   RO          831    i.mapp_SET_Input_TestSignal_Freq  bsp.o
    0x080117f4   0x080117f4   0x000000e4   Code   RO          832    i.mapp_SET_Input_TestSignal_Level  bsp.o
    0x080118d8   0x080118d8   0x00000064   Code   RO          833    i.mapp_SET_MatrixSwitching  bsp.o
    0x0801193c   0x0801193c   0x00000074   Code   RO          834    i.mapp_SET_Output_DelayTime  bsp.o
    0x080119b0   0x080119b0   0x0000006c   Code   RO          835    i.mapp_SET_Output_Delay_Ctrl  bsp.o
    0x08011a1c   0x08011a1c   0x0000003c   Code   RO          836    i.mapp_SET_USBplayer_Ctrl  bsp.o
    0x08011a58   0x08011a58   0x00000380   Code   RO          843    i.mapp_UsartSystemCmdFun  bsp.o
    0x08011dd8   0x08011dd8   0x00000028   Code   RO         6124    i.mapp_UserDataProjectNameCheck  ite_comm_api.o
    0x08011e00   0x08011e00   0x00000050   Code   RO         6125    i.mapp_UserDataProjectNameInit  ite_comm_api.o
    0x08011e50   0x08011e50   0x00000050   Code   RO         5971    i.mdrv_SetI2cLineChange  i2c_driver.o
    0x08011ea0   0x08011ea0   0x0000003c   Code   RO         5972    i.mdrv_SetLineChangePin  i2c_driver.o
    0x08011edc   0x08011edc   0x0000003c   Code   RO         6127    i.my_StrStr         ite_comm_api.o
    0x08011f18   0x08011f18   0x00000070   Code   RO         5101    i.prvAddCurrentTaskToDelayedList  tasks.o
    0x08011f88   0x08011f88   0x000000d0   Code   RO         5102    i.prvAddNewTaskToReadyList  tasks.o
    0x08012058   0x08012058   0x00000026   Code   RO         4947    i.prvCopyDataFromQueue  queue.o
    0x0801207e   0x0801207e   0x0000006c   Code   RO         4948    i.prvCopyDataToQueue  queue.o
    0x080120ea   0x080120ea   0x00000014   Code   RO         5103    i.prvDeleteTCB      tasks.o
    0x080120fe   0x080120fe   0x00000002   PAD
    0x08012100   0x08012100   0x0000004c   Code   RO         5478    i.prvHeapInit       heap_4.o
    0x0801214c   0x0801214c   0x0000005c   Code   RO         5104    i.prvIdleTask       tasks.o
    0x080121a8   0x080121a8   0x0000009a   Code   RO         5105    i.prvInitialiseNewTask  tasks.o
    0x08012242   0x08012242   0x00000002   PAD
    0x08012244   0x08012244   0x0000004c   Code   RO         5479    i.prvInsertBlockIntoFreeList  heap_4.o
    0x08012290   0x08012290   0x0000001a   Code   RO         4949    i.prvIsQueueEmpty   queue.o
    0x080122aa   0x080122aa   0x00000002   PAD
    0x080122ac   0x080122ac   0x0000001c   Code   RO         5107    i.prvResetNextTaskUnblockTime  tasks.o
    0x080122c8   0x080122c8   0x00000010   Code   RO         5535    i.prvTaskExitError  port.o
    0x080122d8   0x080122d8   0x0000006a   Code   RO         4950    i.prvUnlockQueue    queue.o
    0x08012342   0x08012342   0x00000002   PAD
    0x08012344   0x08012344   0x000000a0   Code   RO         5480    i.pvPortMalloc      heap_4.o
    0x080123e4   0x080123e4   0x00000018   Code   RO         5110    i.pvTaskIncrementMutexHeldCount  tasks.o
    0x080123fc   0x080123fc   0x00000024   Code   RO         5536    i.pxPortInitialiseStack  port.o
    0x08012420   0x08012420   0x00000010   Code   RO          846    i.setJSONToReturnResults  bsp.o
    0x08012430   0x08012430   0x00000050   Code   RO          847    i.set_all_audio_output  bsp.o
    0x08012480   0x08012480   0x000001d8   Code   RO          848    i.set_all_data      bsp.o
    0x08012658   0x08012658   0x000000c0   Code   RO          849    i.set_in_EQ_ctrl    bsp.o
    0x08012718   0x08012718   0x0000009c   Code   RO          850    i.set_in_EQ_gain    bsp.o
    0x080127b4   0x080127b4   0x0000009c   Code   RO          851    i.set_in_EQ_quality_factor  bsp.o
    0x08012850   0x08012850   0x00000094   Code   RO          852    i.set_in_EQ_type    bsp.o
    0x080128e4   0x080128e4   0x0000006c   Code   RO          853    i.set_in_auto_gain_ctrl  bsp.o
    0x08012950   0x08012950   0x00000074   Code   RO          854    i.set_in_auto_gain_ratio  bsp.o
    0x080129c4   0x080129c4   0x00000070   Code   RO          855    i.set_in_auto_gain_rel_time  bsp.o
    0x08012a34   0x08012a34   0x00000070   Code   RO          856    i.set_in_auto_gain_start_time  bsp.o
    0x08012aa4   0x08012aa4   0x00000074   Code   RO          857    i.set_in_auto_gain_tarset_threshold  bsp.o
    0x08012b18   0x08012b18   0x00000074   Code   RO          858    i.set_in_auto_gain_threshold  bsp.o
    0x08012b8c   0x08012b8c   0x0000006c   Code   RO          859    i.set_in_background_input  bsp.o
    0x08012bf8   0x08012bf8   0x0000006c   Code   RO          860    i.set_in_call_input  bsp.o
    0x08012c64   0x08012c64   0x0000006c   Code   RO          861    i.set_in_compressor_ctrl  bsp.o
    0x08012cd0   0x08012cd0   0x00000074   Code   RO          862    i.set_in_compressor_gain  bsp.o
    0x08012d44   0x08012d44   0x00000074   Code   RO          863    i.set_in_compressor_ratio  bsp.o
    0x08012db8   0x08012db8   0x00000074   Code   RO          864    i.set_in_compressor_rel_time  bsp.o
    0x08012e2c   0x08012e2c   0x00000074   Code   RO          865    i.set_in_compressor_start_time  bsp.o
    0x08012ea0   0x08012ea0   0x00000074   Code   RO          866    i.set_in_compressor_threshold  bsp.o
    0x08012f14   0x08012f14   0x00000060   Code   RO          867    i.set_in_ducking_ctrl  bsp.o
    0x08012f74   0x08012f74   0x00000064   Code   RO          868    i.set_in_ducking_depth  bsp.o
    0x08012fd8   0x08012fd8   0x00000074   Code   RO          869    i.set_in_ducking_gain  bsp.o
    0x0801304c   0x0801304c   0x0000006c   Code   RO          870    i.set_in_ducking_hold_time  bsp.o
    0x080130b8   0x080130b8   0x0000006c   Code   RO          871    i.set_in_ducking_rel_time  bsp.o
    0x08013124   0x08013124   0x0000006c   Code   RO          872    i.set_in_ducking_start_time  bsp.o
    0x08013190   0x08013190   0x00000064   Code   RO          873    i.set_in_ducking_threshold  bsp.o
    0x080131f4   0x080131f4   0x0000006c   Code   RO          874    i.set_in_echo_canceller_ctrl  bsp.o
    0x08013260   0x08013260   0x00000064   Code   RO          875    i.set_in_echo_canceller_grade  bsp.o
    0x080132c4   0x080132c4   0x0000006c   Code   RO          876    i.set_in_exciter_ctrl  bsp.o
    0x08013330   0x08013330   0x00000074   Code   RO          877    i.set_in_gain       bsp.o
    0x080133a4   0x080133a4   0x0000006c   Code   RO          878    i.set_in_h_freq_exciter_grade  bsp.o
    0x08013410   0x08013410   0x0000006c   Code   RO          879    i.set_in_howling_suppressor_ctrl  bsp.o
    0x0801347c   0x0801347c   0x00000064   Code   RO          880    i.set_in_howling_suppressor_freq_shift  bsp.o
    0x080134e0   0x080134e0   0x00000060   Code   RO          881    i.set_in_howling_suppressor_grade  bsp.o
    0x08013540   0x08013540   0x0000006c   Code   RO          882    i.set_in_l_freq_exciter_grade  bsp.o
    0x080135ac   0x080135ac   0x0000006c   Code   RO          883    i.set_in_mute       bsp.o
    0x08013618   0x08013618   0x0000006c   Code   RO          884    i.set_in_noise_suppressor_ctrl  bsp.o
    0x08013684   0x08013684   0x00000060   Code   RO          885    i.set_in_noise_suppressor_grade  bsp.o
    0x080136e4   0x080136e4   0x00000068   Code   RO          886    i.set_in_noise_suppressor_ratio  bsp.o
    0x0801374c   0x0801374c   0x0000006c   Code   RO          887    i.set_in_noise_suppressor_rel_time  bsp.o
    0x080137b8   0x080137b8   0x0000006c   Code   RO          888    i.set_in_noise_suppressor_start_time  bsp.o
    0x08013824   0x08013824   0x00000068   Code   RO          889    i.set_in_noise_suppressor_threshold  bsp.o
    0x0801388c   0x0801388c   0x0000006c   Code   RO          890    i.set_in_reversephase  bsp.o
    0x080138f8   0x080138f8   0x0000006c   Code   RO          891    i.set_in_sensitivity  bsp.o
    0x08013964   0x08013964   0x0000006c   Code   RO          892    i.set_in_test_signal_ctrl  bsp.o
    0x080139d0   0x080139d0   0x00000070   Code   RO          893    i.set_in_test_signal_freq  bsp.o
    0x08013a40   0x08013a40   0x00000074   Code   RO          894    i.set_in_test_signal_level  bsp.o
    0x08013ab4   0x08013ab4   0x00000098   Code   RO          895    i.set_matrixswitch  bsp.o
    0x08013b4c   0x08013b4c   0x0000006c   Code   RO          896    i.set_out_delay_ctrl  bsp.o
    0x08013bb8   0x08013bb8   0x00000070   Code   RO          897    i.set_out_delay_time  bsp.o
    0x08013c28   0x08013c28   0x00000048   Code   RO          898    i.set_usbplayer_ctrl  bsp.o
    0x08013c70   0x08013c70   0x00000010   Code   RO          899    i.uart1_send_bytes_A  bsp.o
    0x08013c80   0x08013c80   0x0000000c   Code   RO          900    i.uart1_send_string_A  bsp.o
    0x08013c8c   0x08013c8c   0x00000024   Code   RO          901    i.uart1_set_baudrate  bsp.o
    0x08013cb0   0x08013cb0   0x00000010   Code   RO          902    i.uart2_send_bytes_A  bsp.o
    0x08013cc0   0x08013cc0   0x0000000c   Code   RO          903    i.uart2_send_string_A  bsp.o
    0x08013ccc   0x08013ccc   0x00000024   Code   RO          904    i.uart2_set_baudrate  bsp.o
    0x08013cf0   0x08013cf0   0x00000004   Code   RO          905    i.unUseMultiKeyFunc  bsp.o
    0x08013cf4   0x08013cf4   0x00000026   Code   RO         4908    i.uxListRemove      list.o
    0x08013d1a   0x08013d1a   0x00000016   Code   RO         4909    i.vListInitialise   list.o
    0x08013d30   0x08013d30   0x00000006   Code   RO         4910    i.vListInitialiseItem  list.o
    0x08013d36   0x08013d36   0x00000030   Code   RO         4911    i.vListInsert       list.o
    0x08013d66   0x08013d66   0x00000018   Code   RO         4912    i.vListInsertEnd    list.o
    0x08013d7e   0x08013d7e   0x00000002   PAD
    0x08013d80   0x08013d80   0x0000001c   Code   RO         5538    i.vPortEnterCritical  port.o
    0x08013d9c   0x08013d9c   0x00000014   Code   RO         5539    i.vPortExitCritical  port.o
    0x08013db0   0x08013db0   0x00000044   Code   RO         5481    i.vPortFree         heap_4.o
    0x08013df4   0x08013df4   0x00000018   Code   RO         5540    i.vPortSetupTimerInterrupt  port.o
    0x08013e0c   0x08013e0c   0x00000030   Code   RO         5119    i.vTaskDelay        tasks.o
    0x08013e3c   0x08013e3c   0x00000194   Code   RO         5802    i.vTaskEeprom       task_eeprom.o
    0x08013fd0   0x08013fd0   0x00000010   Code   RO         5125    i.vTaskInternalSetTimeOutState  tasks.o
    0x08013fe0   0x08013fe0   0x00000010   Code   RO         5126    i.vTaskIsRunning    tasks.o
    0x08013ff0   0x08013ff0   0x00000018   Code   RO         5749    i.vTaskKey          task_key.o
    0x08014008   0x08014008   0x00000058   Code   RO         5656    i.vTaskLED          task_led.o
    0x08014060   0x08014060   0x0000000c   Code   RO         5128    i.vTaskMissedYield  tasks.o
    0x0801406c   0x0801406c   0x00000024   Code   RO         5129    i.vTaskPlaceOnEventList  tasks.o
    0x08014090   0x08014090   0x0000007c   Code   RO         5131    i.vTaskPriorityDisinheritAfterTimeout  tasks.o
    0x0801410c   0x0801410c   0x00000058   Code   RO         5137    i.vTaskStartScheduler  tasks.o
    0x08014164   0x08014164   0x00000010   Code   RO         5139    i.vTaskSuspendAll   tasks.o
    0x08014174   0x08014174   0x00000068   Code   RO         5140    i.vTaskSwitchContext  tasks.o
    0x080141dc   0x080141dc   0x00000020   Code   RO         5873    i.vTaskUart         task_uart.o
    0x080141fc   0x080141fc   0x00000002   Code   RO         5804    i.v_hexdump         task_eeprom.o
    0x080141fe   0x080141fe   0x00000002   PAD
    0x08014200   0x08014200   0x00000030   Code   RO         5541    i.xPortStartScheduler  port.o
    0x08014230   0x08014230   0x00000024   Code   RO         4958    i.xQueueCreateMutex  queue.o
    0x08014254   0x08014254   0x00000038   Code   RO         4959    i.xQueueGenericCreate  queue.o
    0x0801428c   0x0801428c   0x00000074   Code   RO         4960    i.xQueueGenericReset  queue.o
    0x08014300   0x08014300   0x00000100   Code   RO         4961    i.xQueueGenericSend  queue.o
    0x08014400   0x08014400   0x00000068   Code   RO         4962    i.xQueueGenericSendFromISR  queue.o
    0x08014468   0x08014468   0x000000f0   Code   RO         4968    i.xQueueReceive     queue.o
    0x08014558   0x08014558   0x00000128   Code   RO         4970    i.xQueueSemaphoreTake  queue.o
    0x08014680   0x08014680   0x00000058   Code   RO         5142    i.xTaskCheckForTimeOut  tasks.o
    0x080146d8   0x080146d8   0x00000056   Code   RO         5143    i.xTaskCreate       tasks.o
    0x0801472e   0x0801472e   0x00000002   PAD
    0x08014730   0x08014730   0x000000b4   Code   RO         5152    i.xTaskIncrementTick  tasks.o
    0x080147e4   0x080147e4   0x00000068   Code   RO         5153    i.xTaskPriorityDisinherit  tasks.o
    0x0801484c   0x0801484c   0x0000008c   Code   RO         5154    i.xTaskPriorityInherit  tasks.o
    0x080148d8   0x080148d8   0x00000064   Code   RO         5155    i.xTaskRemoveFromEventList  tasks.o
    0x0801493c   0x0801493c   0x000000b0   Code   RO         5156    i.xTaskResumeAll    tasks.o
    0x080149ec   0x080149ec   0x0000003c   Data   RO          438    .constdata          usart.o
    0x08014a28   0x08014a28   0x00000b09   Data   RO          908    .constdata          bsp.o
    0x08015531   0x08015531   0x00000003   PAD
    0x08015534   0x08015534   0x00000010   Data   RO          910    .constdata          bsp.o
    0x08015544   0x08015544   0x0000003c   Data   RO          911    .constdata          bsp.o
    0x08015580   0x08015580   0x00000008   Data   RO          912    .constdata          bsp.o
    0x08015588   0x08015588   0x0000006d   Data   RO         5806    .constdata          task_eeprom.o
    0x080155f5   0x080155f5   0x00000039   Data   RO         5973    .constdata          i2c_driver.o
    0x0801562e   0x0801562e   0x00000035   Data   RO         6131    .constdata          ite_comm_api.o
    0x08015663   0x08015663   0x00000010   Data   RO         6334    .constdata          printf.o
    0x08015673   0x08015673   0x00000081   Data   RO         8051    .constdata          mc_w.l(ctype_o.o)
    0x080156f4   0x080156f4   0x00000004   Data   RO         8052    .constdata          mc_w.l(ctype_o.o)
    0x080156f8   0x080156f8   0x00000c05   Data   RO          918    .conststring        bsp.o
    0x080162fd   0x080162fd   0x00000003   PAD
    0x08016300   0x08016300   0x0000020b   Data   RO         5807    .conststring        task_eeprom.o
    0x0801650b   0x0801650b   0x00000001   PAD
    0x0801650c   0x0801650c   0x00000020   Data   RO         8499    Region$$Table       anon$$obj.o


    Execution Region RW_IRAM1 (Exec base: 0x20000000, Load base: 0x0801652c, Size: 0x00008be8, Max: 0x0000c000, ABSOLUTE, COMPRESSED[0x00000058])

    Exec Addr    Load Addr    Size         Type   Attr      Idx    E Section Name        Object

    0x20000000   COMPRESSED   0x00000014   Data   RW          149    .data               system_stm32f10x.o
    0x20000014   COMPRESSED   0x00000068   Data   RW          920    .data               bsp.o
    0x2000007c   COMPRESSED   0x00000014   Data   RW         3187    .data               stm32f10x_rcc.o
    0x20000090   COMPRESSED   0x00000048   Data   RW         5159    .data               tasks.o
    0x200000d8   COMPRESSED   0x00000020   Data   RW         5487    .data               heap_4.o
    0x200000f8   COMPRESSED   0x00000004   Data   RW         5542    .data               port.o
    0x200000fc   COMPRESSED   0x00000004   Data   RW         5608    .data               main.o
    0x20000100   COMPRESSED   0x00000014   Data   RW         5609    .data               main.o
    0x20000114   COMPRESSED   0x00000001   Data   RW         5751    .data               task_key.o
    0x20000115   COMPRESSED   0x00000001   PAD
    0x20000116   COMPRESSED   0x00000008   Data   RW         6132    .data               ite_comm_api.o
    0x2000011e   COMPRESSED   0x00000001   Data   RW         6335    .data               printf.o
    0x2000011f   COMPRESSED   0x00000001   PAD
    0x20000120   COMPRESSED   0x00000008   Data   RW         6336    .data               printf.o
    0x20000128   COMPRESSED   0x00000008   Data   RW         6435    .data               task_cec.o
    0x20000130   COMPRESSED   0x00000004   Data   RW         6534    .data               bp1048_bsp.o
    0x20000134   COMPRESSED   0x00000004   Data   RW         8108    .data               mc_w.l(strtok.o)
    0x20000138   COMPRESSED   0x00000004   Data   RW         8411    .data               mc_w.l(errno.o)
    0x2000013c        -       0x00001980   Zero   RW          907    .bss                bsp.o
    0x20001abc        -       0x00000190   Zero   RW         5158    .bss                tasks.o
    0x20001c4c        -       0x00005000   Zero   RW         5486    .bss                heap_4.o
    0x20006c4c        -       0x00000018   Zero   RW         5607    .bss                main.o
    0x20006c64        -       0x0000008c   Zero   RW         5657    .bss                task_led.o
    0x20006cf0        -       0x00000070   Zero   RW         5805    .bss                task_eeprom.o
    0x20006d60        -       0x00000e88   Zero   RW         6128    .bss                ite_comm_api.o
    0x20007be8        -       0x00001000   Zero   RW           17    STACK               startup_stm32f10x_hd.o


==============================================================================

Image component sizes


      Code (inc. data)   RO Data    RW Data    ZI Data      Debug   Object Name

       612          0          0          0          0      30931   bp1048_app.o
       100         10          0          4          0       1359   bp1048_bsp.o
     64336      12194       5986        104       6528     281301   bsp.o
         0          0          0          0          0       4540   core_cm3.o
       128         24          0          0          0      27811   delay.o
       424         90          0          0          0       2025   eeprom.o
         0          0          0          0          0      13440   event_groups.o
       380         24          0         32      20480       3803   heap_4.o
      1668        342         57          0          0      14238   i2c_driver.o
       724        108         53          8       3720      10213   ite_comm_api.o
       138          0          0          0          0       2898   list.o
       516        248          0         24         24      17575   main.o
       140         24          0          0          0       1949   misc.o
       366         44          0          4          0       8572   port.o
      1564         70         16          9          0       9533   printf.o
      1382         22          0          0          0      13928   queue.o
        36          8        304          0       4096        788   startup_stm32f10x_hd.o
       300          6          0          0          0       6518   stm32f10x_gpio.o
       334         10          0          0          0       6462   stm32f10x_i2c.o
        10          0          0          0          0     258097   stm32f10x_it.o
       244         40          0         20          0       5452   stm32f10x_rcc.o
       614        106          0          0          0       6223   stm32f10x_tim.o
       324          6          0          0          0       5609   stm32f10x_usart.o
        28          8          0          0          0      15499   sys.o
       248         24          0         20          0       1729   system_stm32f10x.o
       228         14          0          8          0      10528   task_cec.o
      1278        576        632          0        112       5396   task_eeprom.o
        24          4          0          1          0       1182   task_key.o
       840        112          0          0        140       8507   task_led.o
        64          8          0          0          0        971   task_uart.o
      1972        174          0         72        400      29789   tasks.o
       560         44         60          0          0       6208   usart.o

    ----------------------------------------------------------------------
     79616      14340       7147        308      35500     813074   Object Totals
         0          0         32          0          0          0   (incl. Generated)
        34          0          7          2          0          0   (incl. Padding)

    ----------------------------------------------------------------------

      Code (inc. data)   RO Data    RW Data    ZI Data      Debug   Library Member Name

        86          0          0          0          0          0   __dczerorl2.o
        28          0          0          0          0         68   _chval.o
       158          0          0          0          0         92   _strtoul.o
        26          0          0          0          0         80   atoi.o
         8          4        133          0          0         68   ctype_o.o
         0          0          0          0          0          0   entry.o
         0          0          0          0          0          0   entry10a.o
         0          0          0          0          0          0   entry11a.o
         8          4          0          0          0          0   entry2.o
         4          0          0          0          0          0   entry5.o
         0          0          0          0          0          0   entry7b.o
         0          0          0          0          0          0   entry8b.o
         8          4          0          0          0          0   entry9a.o
         8          4          0          4          0         68   errno.o
        30          0          0          0          0          0   handlers.o
        36          8          0          0          0         68   init.o
         0          0          0          0          0          0   iusefp.o
        30          0          0          0          0         68   llshl.o
        36          0          0          0          0         68   llsshr.o
        32          0          0          0          0         68   llushr.o
        64          0          0          0          0         76   memmovea.o
        36          0          0          0          0        108   memseta.o
      2276         86          0          0          0        520   printfa.o
        14          0          0          0          0         68   strlen.o
        30          0          0          0          0         80   strncmp.o
        68          6          0          4          0         80   strtok.o
       112          0          0          0          0         88   strtol.o
        44          0          0          0          0         80   uidiv.o
        98          0          0          0          0         92   uldiv.o
        48          0          0          0          0         68   cdrcmple.o
        56          0          0          0          0         88   d2f.o
       334          0          0          0          0        148   dadd.o
       222          0          0          0          0        100   ddiv.o
       186          0          0          0          0        176   depilogue.o
        48          0          0          0          0         68   dfixul.o
        26          0          0          0          0         76   dfltui.o
       228          0          0          0          0         96   dmul.o
        38          0          0          0          0         68   f2d.o
       110          0          0          0          0        168   fepilogue.o

    ----------------------------------------------------------------------
      4540        116        133          8          0       2896   Library Totals
         4          0          0          0          0          0   (incl. Padding)

    ----------------------------------------------------------------------

      Code (inc. data)   RO Data    RW Data    ZI Data      Debug   Library Name

      3240        116        133          8          0       1840   mc_w.l
      1296          0          0          0          0       1056   mf_w.l

    ----------------------------------------------------------------------
      4540        116        133          8          0       2896   Library Totals

    ----------------------------------------------------------------------

==============================================================================


      Code (inc. data)   RO Data    RW Data    ZI Data      Debug   

     84156      14456       7280        316      35500     786822   Grand Totals
     84156      14456       7280         88      35500     786822   ELF Image Totals (compressed)
     84156      14456       7280         88          0          0   ROM Totals

==============================================================================

    Total RO  Size (Code + RO Data)                91436 (  89.29kB)
    Total RW  Size (RW Data + ZI Data)             35816 (  34.98kB)
    Total ROM Size (Code + RO Data + RW Data)      91524 (  89.38kB)

==============================================================================

